<?xml version="1.0" encoding="ISO-8859-1" ?>
<link_info>
   <banner>TI ARM Clang Linker PC v3.2.0.LTS</banner>
   <copyright>Copyright (c) 1996-2018 Texas Instruments Incorporated</copyright>
   <link_time>0x6563d059</link_time>
   <link_errors>0x0</link_errors>
   <output_file>C:\Users\chris\workspace_v14\gpiointerrupt_CC3220S_LAUNCHXL_nortos_ticlang\MCU+Image\gpiointerrupt_CC3220S_LAUNCHXL_nortos_ticlang.out</output_file>
   <entry_point>
      <name>resetISR</name>
      <address>0x2000edc5</address>
   </entry_point>
   <input_file_list>
      <input_file id="fl-1">
         <path>C:\Users\chris\workspace_v14\gpiointerrupt_CC3220S_LAUNCHXL_nortos_ticlang\MCU+Image\.\</path>
         <kind>object</kind>
         <file>gpiointerrupt.o</file>
         <name>gpiointerrupt.o</name>
      </input_file>
      <input_file id="fl-2">
         <path>C:\Users\chris\workspace_v14\gpiointerrupt_CC3220S_LAUNCHXL_nortos_ticlang\MCU+Image\.\syscfg\</path>
         <kind>object</kind>
         <file>ti_drivers_config.o</file>
         <name>ti_drivers_config.o</name>
      </input_file>
      <input_file id="fl-3">
         <path>C:\Users\chris\workspace_v14\gpiointerrupt_CC3220S_LAUNCHXL_nortos_ticlang\MCU+Image\.\</path>
         <kind>object</kind>
         <file>main_nortos.o</file>
         <name>main_nortos.o</name>
      </input_file>
      <input_file id="fl-13">
         <path>C:\Users\chris\workspace_v14\gpiointerrupt_CC3220S_LAUNCHXL_nortos_ticlang\MCU+Image\</path>
         <kind>object</kind>
         <file>&lt;internal&gt;</file>
         <name>&lt;internal&gt;</name>
      </input_file>
      <input_file id="fl-14">
         <path>C:\ti\simplelink_cc32xx_sdk_7_10_00_13\source\ti\drivers\lib\ticlang\m4\</path>
         <kind>archive</kind>
         <file>drivers_cc32xx.a</file>
         <name>GPIO.c.obj</name>
      </input_file>
      <input_file id="fl-15">
         <path>C:\ti\simplelink_cc32xx_sdk_7_10_00_13\source\ti\drivers\lib\ticlang\m4\</path>
         <kind>archive</kind>
         <file>drivers_cc32xx.a</file>
         <name>GPIOCC32XX.c.obj</name>
      </input_file>
      <input_file id="fl-16">
         <path>C:\ti\simplelink_cc32xx_sdk_7_10_00_13\source\ti\drivers\lib\ticlang\m4\</path>
         <kind>archive</kind>
         <file>drivers_cc32xx.a</file>
         <name>PowerCC32XX.c.obj</name>
      </input_file>
      <input_file id="fl-17">
         <path>C:\ti\simplelink_cc32xx_sdk_7_10_00_13\source\ti\drivers\lib\ticlang\m4\</path>
         <kind>archive</kind>
         <file>drivers_cc32xx.a</file>
         <name>PowerCC32XX_ticlang.asm.obj</name>
      </input_file>
      <input_file id="fl-18">
         <path>C:\ti\simplelink_cc32xx_sdk_7_10_00_13\source\ti\drivers\lib\ticlang\m4\</path>
         <kind>archive</kind>
         <file>drivers_cc32xx.a</file>
         <name>Timer.c.obj</name>
      </input_file>
      <input_file id="fl-19">
         <path>C:\ti\simplelink_cc32xx_sdk_7_10_00_13\source\ti\drivers\lib\ticlang\m4\</path>
         <kind>archive</kind>
         <file>drivers_cc32xx.a</file>
         <name>TimerCC32XX.c.obj</name>
      </input_file>
      <input_file id="fl-1a">
         <path>C:\ti\simplelink_cc32xx_sdk_7_10_00_13\source\ti\drivers\lib\ticlang\m4\</path>
         <kind>archive</kind>
         <file>drivers_cc32xx.a</file>
         <name>List.c.obj</name>
      </input_file>
      <input_file id="fl-1b">
         <path>C:\ti\simplelink_cc32xx_sdk_7_10_00_13\kernel\nortos\lib\ticlang\m4\</path>
         <kind>archive</kind>
         <file>nortos_cc32xx.a</file>
         <name>NoRTOS.c.obj</name>
      </input_file>
      <input_file id="fl-1c">
         <path>C:\ti\simplelink_cc32xx_sdk_7_10_00_13\kernel\nortos\lib\ticlang\m4\</path>
         <kind>archive</kind>
         <file>nortos_cc32xx.a</file>
         <name>SemaphoreP_nortos.c.obj</name>
      </input_file>
      <input_file id="fl-1d">
         <path>C:\ti\simplelink_cc32xx_sdk_7_10_00_13\kernel\nortos\lib\ticlang\m4\</path>
         <kind>archive</kind>
         <file>nortos_cc32xx.a</file>
         <name>ClockPSysTick_nortos.c.obj</name>
      </input_file>
      <input_file id="fl-1e">
         <path>C:\ti\simplelink_cc32xx_sdk_7_10_00_13\kernel\nortos\lib\ticlang\m4\</path>
         <kind>archive</kind>
         <file>nortos_cc32xx.a</file>
         <name>HwiPCC32XX_nortos.c.obj</name>
      </input_file>
      <input_file id="fl-1f">
         <path>C:\ti\simplelink_cc32xx_sdk_7_10_00_13\kernel\nortos\lib\ticlang\m4\</path>
         <kind>archive</kind>
         <file>nortos_cc32xx.a</file>
         <name>PowerCC32XX_nortos.c.obj</name>
      </input_file>
      <input_file id="fl-20">
         <path>C:\ti\simplelink_cc32xx_sdk_7_10_00_13\kernel\nortos\lib\ticlang\m4\</path>
         <kind>archive</kind>
         <file>nortos_cc32xx.a</file>
         <name>startup_cc32xx_ticlang.c.obj</name>
      </input_file>
      <input_file id="fl-21">
         <path>C:\ti\simplelink_cc32xx_sdk_7_10_00_13\kernel\nortos\lib\ticlang\m4\</path>
         <kind>archive</kind>
         <file>nortos_cc32xx.a</file>
         <name>SwiP_nortos.c.obj</name>
      </input_file>
      <input_file id="fl-22">
         <path>C:\ti\simplelink_cc32xx_sdk_7_10_00_13\source\ti\devices\cc32xx\driverlib\ticlang\Release\</path>
         <kind>archive</kind>
         <file>driverlib.a</file>
         <name>cpu.obj</name>
      </input_file>
      <input_file id="fl-23">
         <path>C:\ti\simplelink_cc32xx_sdk_7_10_00_13\source\ti\devices\cc32xx\driverlib\ticlang\Release\</path>
         <kind>archive</kind>
         <file>driverlib.a</file>
         <name>gpio.obj</name>
      </input_file>
      <input_file id="fl-24">
         <path>C:\ti\simplelink_cc32xx_sdk_7_10_00_13\source\ti\devices\cc32xx\driverlib\ticlang\Release\</path>
         <kind>archive</kind>
         <file>driverlib.a</file>
         <name>hwspinlock.obj</name>
      </input_file>
      <input_file id="fl-25">
         <path>C:\ti\simplelink_cc32xx_sdk_7_10_00_13\source\ti\devices\cc32xx\driverlib\ticlang\Release\</path>
         <kind>archive</kind>
         <file>driverlib.a</file>
         <name>interrupt.obj</name>
      </input_file>
      <input_file id="fl-26">
         <path>C:\ti\simplelink_cc32xx_sdk_7_10_00_13\source\ti\devices\cc32xx\driverlib\ticlang\Release\</path>
         <kind>archive</kind>
         <file>driverlib.a</file>
         <name>pin.obj</name>
      </input_file>
      <input_file id="fl-27">
         <path>C:\ti\simplelink_cc32xx_sdk_7_10_00_13\source\ti\devices\cc32xx\driverlib\ticlang\Release\</path>
         <kind>archive</kind>
         <file>driverlib.a</file>
         <name>prcm.obj</name>
      </input_file>
      <input_file id="fl-28">
         <path>C:\ti\simplelink_cc32xx_sdk_7_10_00_13\source\ti\devices\cc32xx\driverlib\ticlang\Release\</path>
         <kind>archive</kind>
         <file>driverlib.a</file>
         <name>spi.obj</name>
      </input_file>
      <input_file id="fl-29">
         <path>C:\ti\simplelink_cc32xx_sdk_7_10_00_13\source\ti\devices\cc32xx\driverlib\ticlang\Release\</path>
         <kind>archive</kind>
         <file>driverlib.a</file>
         <name>systick.obj</name>
      </input_file>
      <input_file id="fl-2a">
         <path>C:\ti\simplelink_cc32xx_sdk_7_10_00_13\source\ti\devices\cc32xx\driverlib\ticlang\Release\</path>
         <kind>archive</kind>
         <file>driverlib.a</file>
         <name>timer.obj</name>
      </input_file>
      <input_file id="fl-2b">
         <path>C:\ti\simplelink_cc32xx_sdk_7_10_00_13\source\ti\devices\cc32xx\driverlib\ticlang\Release\</path>
         <kind>archive</kind>
         <file>driverlib.a</file>
         <name>utils.obj</name>
      </input_file>
      <input_file id="fl-2c">
         <path>C:\ti\simplelink_cc32xx_sdk_7_10_00_13\source\ti\devices\cc32xx\driverlib\ticlang\Release\</path>
         <kind>archive</kind>
         <file>driverlib.a</file>
         <name>flash.obj</name>
      </input_file>
      <input_file id="fl-39">
         <path>C:\ti\ccs1250\ccs\tools\compiler\ti-cgt-armllvm_3.2.0.LTS\lib\armv7em-ti-none-eabi\c\</path>
         <kind>archive</kind>
         <file>libc.a</file>
         <name>memory.c.obj</name>
      </input_file>
      <input_file id="fl-3a">
         <path>C:\ti\ccs1250\ccs\tools\compiler\ti-cgt-armllvm_3.2.0.LTS\lib\armv7em-ti-none-eabi\c\</path>
         <kind>archive</kind>
         <file>libc.a</file>
         <name>boot_cortex_m.c.obj</name>
      </input_file>
      <input_file id="fl-3b">
         <path>C:\ti\ccs1250\ccs\tools\compiler\ti-cgt-armllvm_3.2.0.LTS\lib\armv7em-ti-none-eabi\c\</path>
         <kind>archive</kind>
         <file>libc.a</file>
         <name>mathacl_init.c.obj</name>
      </input_file>
      <input_file id="fl-3c">
         <path>C:\ti\ccs1250\ccs\tools\compiler\ti-cgt-armllvm_3.2.0.LTS\lib\armv7em-ti-none-eabi\c\</path>
         <kind>archive</kind>
         <file>libc.a</file>
         <name>autoinit.c.obj</name>
      </input_file>
      <input_file id="fl-3d">
         <path>C:\ti\ccs1250\ccs\tools\compiler\ti-cgt-armllvm_3.2.0.LTS\lib\armv7em-ti-none-eabi\c\</path>
         <kind>archive</kind>
         <file>libc.a</file>
         <name>pre_init.c.obj</name>
      </input_file>
      <input_file id="fl-3e">
         <path>C:\ti\ccs1250\ccs\tools\compiler\ti-cgt-armllvm_3.2.0.LTS\lib\armv7em-ti-none-eabi\c\</path>
         <kind>archive</kind>
         <file>libc.a</file>
         <name>cpy_tbl.c.obj</name>
      </input_file>
      <input_file id="fl-3f">
         <path>C:\ti\ccs1250\ccs\tools\compiler\ti-cgt-armllvm_3.2.0.LTS\lib\armv7em-ti-none-eabi\c\</path>
         <kind>archive</kind>
         <file>libc.a</file>
         <name>copy_zero_init.c.obj</name>
      </input_file>
      <input_file id="fl-40">
         <path>C:\ti\ccs1250\ccs\tools\compiler\ti-cgt-armllvm_3.2.0.LTS\lib\armv7em-ti-none-eabi\c\</path>
         <kind>archive</kind>
         <file>libc.a</file>
         <name>copy_decompress_none.c.obj</name>
      </input_file>
      <input_file id="fl-41">
         <path>C:\ti\ccs1250\ccs\tools\compiler\ti-cgt-armllvm_3.2.0.LTS\lib\armv7em-ti-none-eabi\c\</path>
         <kind>archive</kind>
         <file>libc.a</file>
         <name>copy_decompress_lzss.c.obj</name>
      </input_file>
      <input_file id="fl-42">
         <path>C:\ti\ccs1250\ccs\tools\compiler\ti-cgt-armllvm_3.2.0.LTS\lib\armv7em-ti-none-eabi\c\</path>
         <kind>archive</kind>
         <file>libc.a</file>
         <name>exit.c.obj</name>
      </input_file>
      <input_file id="fl-43">
         <path>C:\ti\ccs1250\ccs\tools\compiler\ti-cgt-armllvm_3.2.0.LTS\lib\armv7em-ti-none-eabi\c\</path>
         <kind>archive</kind>
         <file>libc.a</file>
         <name>_lock.c.obj</name>
      </input_file>
      <input_file id="fl-44">
         <path>C:\ti\ccs1250\ccs\tools\compiler\ti-cgt-armllvm_3.2.0.LTS\lib\armv7em-ti-none-eabi\c\</path>
         <kind>archive</kind>
         <file>libc.a</file>
         <name>args_main.c.obj</name>
      </input_file>
      <input_file id="fl-a8">
         <path>C:\ti\ccs1250\ccs\tools\compiler\ti-cgt-armllvm_3.2.0.LTS\lib\clang\15.0.7\lib\armv7em-ti-none-eabi\</path>
         <kind>archive</kind>
         <file>libclang_rt.builtins.a</file>
         <name>aeabi_memcpy.S.obj</name>
      </input_file>
      <input_file id="fl-a9">
         <path>C:\ti\ccs1250\ccs\tools\compiler\ti-cgt-armllvm_3.2.0.LTS\lib\clang\15.0.7\lib\armv7em-ti-none-eabi\</path>
         <kind>archive</kind>
         <file>libclang_rt.builtins.a</file>
         <name>aeabi_memset.S.obj</name>
      </input_file>
      <input_file id="fl-aa">
         <path>C:\ti\ccs1250\ccs\tools\compiler\ti-cgt-armllvm_3.2.0.LTS\lib\clang\15.0.7\lib\armv7em-ti-none-eabi\</path>
         <kind>archive</kind>
         <file>libclang_rt.builtins.a</file>
         <name>aeabi_uldivmod.S.obj</name>
      </input_file>
      <input_file id="fl-ab">
         <path>C:\ti\ccs1250\ccs\tools\compiler\ti-cgt-armllvm_3.2.0.LTS\lib\clang\15.0.7\lib\armv7em-ti-none-eabi\</path>
         <kind>archive</kind>
         <file>libclang_rt.builtins.a</file>
         <name>udivmoddi4.S.obj</name>
      </input_file>
      <input_file id="fl-ac">
         <path>C:\ti\ccs1250\ccs\tools\compiler\ti-cgt-armllvm_3.2.0.LTS\lib\clang\15.0.7\lib\armv7em-ti-none-eabi\</path>
         <kind>archive</kind>
         <file>libclang_rt.builtins.a</file>
         <name>aeabi_div0.c.obj</name>
      </input_file>
      <input_file id="fl-ad">
         <path>C:\ti\ccs1250\ccs\tools\compiler\ti-cgt-armllvm_3.2.0.LTS\lib\armv7em-ti-none-eabi\c\</path>
         <kind>archive</kind>
         <file>libc.a</file>
         <name>memcpy_t2.S.obj</name>
      </input_file>
      <input_file id="fl-ae">
         <path>C:\ti\ccs1250\ccs\tools\compiler\ti-cgt-armllvm_3.2.0.LTS\lib\armv7em-ti-none-eabi\c\</path>
         <kind>archive</kind>
         <file>libc.a</file>
         <name>memset_t2.S.obj</name>
      </input_file>
   </input_file_list>
   <object_component_list>
      <object_component id="oc-d2">
         <name>.text.PRCMCC3200MCUInit</name>
         <load_address>0x2000c040</load_address>
         <readonly>true</readonly>
         <executable>true</executable>
         <run_address>0x2000c040</run_address>
         <size>0x4b8</size>
         <alignment>0x2</alignment>
         <input_file_ref idref="fl-27"/>
      </object_component>
      <object_component id="oc-1c2">
         <name>.text.Power_sleep</name>
         <load_address>0x2000c4f8</load_address>
         <readonly>true</readonly>
         <executable>true</executable>
         <run_address>0x2000c4f8</run_address>
         <size>0x3e4</size>
         <alignment>0x4</alignment>
         <input_file_ref idref="fl-16"/>
      </object_component>
      <object_component id="oc-172">
         <name>.text.PowerCC32XX_sleepPolicy</name>
         <load_address>0x2000c8dc</load_address>
         <readonly>true</readonly>
         <executable>true</executable>
         <run_address>0x2000c8dc</run_address>
         <size>0x150</size>
         <alignment>0x4</alignment>
         <input_file_ref idref="fl-1f"/>
      </object_component>
      <object_component id="oc-145">
         <name>.text.Timer_open</name>
         <load_address>0x2000ca2c</load_address>
         <readonly>true</readonly>
         <executable>true</executable>
         <run_address>0x2000ca2c</run_address>
         <size>0x148</size>
         <alignment>0x4</alignment>
         <input_file_ref idref="fl-19"/>
      </object_component>
      <object_component id="oc-f5">
         <name>.text.GPIO_setConfig</name>
         <load_address>0x2000cb74</load_address>
         <readonly>true</readonly>
         <executable>true</executable>
         <run_address>0x2000cb74</run_address>
         <size>0x140</size>
         <alignment>0x4</alignment>
         <input_file_ref idref="fl-15"/>
      </object_component>
      <object_component id="oc-1ed">
         <name>.text.aligned_alloc</name>
         <load_address>0x2000ccb4</load_address>
         <readonly>true</readonly>
         <executable>true</executable>
         <run_address>0x2000ccb4</run_address>
         <size>0x120</size>
         <alignment>0x4</alignment>
         <input_file_ref idref="fl-39"/>
      </object_component>
      <object_component id="oc-179">
         <name>.text.free</name>
         <load_address>0x2000cdd4</load_address>
         <readonly>true</readonly>
         <executable>true</executable>
         <run_address>0x2000cdd4</run_address>
         <size>0xf0</size>
         <alignment>0x4</alignment>
         <input_file_ref idref="fl-39"/>
      </object_component>
      <object_component id="oc-236">
         <name>.text.IntDisable</name>
         <load_address>0x2000cec4</load_address>
         <readonly>true</readonly>
         <executable>true</executable>
         <run_address>0x2000cec4</run_address>
         <size>0xc8</size>
         <alignment>0x2</alignment>
         <input_file_ref idref="fl-25"/>
      </object_component>
      <object_component id="oc-1f0">
         <name>.text.IntEnable</name>
         <load_address>0x2000cf8c</load_address>
         <readonly>true</readonly>
         <executable>true</executable>
         <run_address>0x2000cf8c</run_address>
         <size>0xc8</size>
         <alignment>0x2</alignment>
         <input_file_ref idref="fl-25"/>
      </object_component>
      <object_component id="oc-1fa">
         <name>.text</name>
         <load_address>0x2000d054</load_address>
         <readonly>true</readonly>
         <executable>true</executable>
         <run_address>0x2000d054</run_address>
         <size>0xb0</size>
         <alignment>0x4</alignment>
         <input_file_ref idref="fl-ab"/>
      </object_component>
      <object_component id="oc-1a5">
         <name>.text.GPIOIntTypeSet</name>
         <load_address>0x2000d104</load_address>
         <readonly>true</readonly>
         <executable>true</executable>
         <run_address>0x2000d104</run_address>
         <size>0xac</size>
         <alignment>0x2</alignment>
         <input_file_ref idref="fl-23"/>
      </object_component>
      <object_component id="oc-232">
         <name>.text.IntPendSet</name>
         <load_address>0x2000d1b0</load_address>
         <readonly>true</readonly>
         <executable>true</executable>
         <run_address>0x2000d1b0</run_address>
         <size>0xa4</size>
         <alignment>0x2</alignment>
         <input_file_ref idref="fl-25"/>
      </object_component>
      <object_component id="oc-14e">
         <name>.text.PinConfigSet</name>
         <load_address>0x2000d254</load_address>
         <readonly>true</readonly>
         <executable>true</executable>
         <run_address>0x2000d254</run_address>
         <size>0xa2</size>
         <alignment>0x2</alignment>
         <input_file_ref idref="fl-26"/>
      </object_component>
      <object_component id="oc-e2">
         <name>.text.Board_initHook</name>
         <load_address>0x2000d2f6</load_address>
         <readonly>true</readonly>
         <executable>true</executable>
         <run_address>0x2000d2f6</run_address>
         <size>0x2</size>
         <alignment>0x2</alignment>
         <input_file_ref idref="fl-2"/>
      </object_component>
      <object_component id="oc-1a1">
         <name>.text.SOSPattern</name>
         <load_address>0x2000d2f8</load_address>
         <readonly>true</readonly>
         <executable>true</executable>
         <run_address>0x2000d2f8</run_address>
         <size>0x9c</size>
         <alignment>0x4</alignment>
         <input_file_ref idref="fl-1"/>
      </object_component>
      <object_component id="oc-126">
         <name>.text.SemaphoreP_pend</name>
         <load_address>0x2000d394</load_address>
         <readonly>true</readonly>
         <executable>true</executable>
         <run_address>0x2000d394</run_address>
         <size>0x98</size>
         <alignment>0x4</alignment>
         <input_file_ref idref="fl-1c"/>
      </object_component>
      <object_component id="oc-1c9">
         <name>.text.ClockP_doTick</name>
         <load_address>0x2000d42c</load_address>
         <readonly>true</readonly>
         <executable>true</executable>
         <run_address>0x2000d42c</run_address>
         <size>0x4</size>
         <alignment>0x2</alignment>
         <input_file_ref idref="fl-1d"/>
      </object_component>
      <object_component id="oc-207">
         <name>.text</name>
         <load_address>0x2000d430</load_address>
         <readonly>true</readonly>
         <executable>true</executable>
         <run_address>0x2000d430</run_address>
         <size>0x96</size>
         <alignment>0x10</alignment>
         <input_file_ref idref="fl-17"/>
      </object_component>
      <object_component id="oc-16d">
         <name>.text.PowerCC32XX_initPolicy</name>
         <load_address>0x2000d4c6</load_address>
         <readonly>true</readonly>
         <executable>true</executable>
         <run_address>0x2000d4c6</run_address>
         <size>0x2</size>
         <alignment>0x2</alignment>
         <input_file_ref idref="fl-1f"/>
      </object_component>
      <object_component id="oc-dc">
         <name>.text.GPIO_init</name>
         <load_address>0x2000d4c8</load_address>
         <readonly>true</readonly>
         <executable>true</executable>
         <run_address>0x2000d4c8</run_address>
         <size>0x90</size>
         <alignment>0x4</alignment>
         <input_file_ref idref="fl-15"/>
      </object_component>
      <object_component id="oc-105">
         <name>.text.PRCMSysResetCauseGet</name>
         <load_address>0x2000d558</load_address>
         <readonly>true</readonly>
         <executable>true</executable>
         <run_address>0x2000d558</run_address>
         <size>0x8e</size>
         <alignment>0x2</alignment>
         <input_file_ref idref="fl-27"/>
      </object_component>
      <object_component id="oc-1d8">
         <name>.text.SemaphoreP_destruct</name>
         <load_address>0x2000d5e6</load_address>
         <readonly>true</readonly>
         <executable>true</executable>
         <run_address>0x2000d5e6</run_address>
         <size>0x2</size>
         <alignment>0x2</alignment>
         <input_file_ref idref="fl-1c"/>
      </object_component>
      <object_component id="oc-117">
         <name>.text.PowerCC32XX_configureWakeup</name>
         <load_address>0x2000d5e8</load_address>
         <readonly>true</readonly>
         <executable>true</executable>
         <run_address>0x2000d5e8</run_address>
         <size>0x88</size>
         <alignment>0x4</alignment>
         <input_file_ref idref="fl-16"/>
      </object_component>
      <object_component id="oc-d7">
         <name>.text.Power_init</name>
         <load_address>0x2000d670</load_address>
         <readonly>true</readonly>
         <executable>true</executable>
         <run_address>0x2000d670</run_address>
         <size>0x78</size>
         <alignment>0x4</alignment>
         <input_file_ref idref="fl-16"/>
      </object_component>
      <object_component id="oc-1a4">
         <name>.text.HwiP_construct</name>
         <load_address>0x2000d6e8</load_address>
         <readonly>true</readonly>
         <executable>true</executable>
         <run_address>0x2000d6e8</run_address>
         <size>0x74</size>
         <alignment>0x4</alignment>
         <input_file_ref idref="fl-1e"/>
      </object_component>
      <object_component id="oc-16a">
         <name>.text.PRCMHibernateWakeUpGPIOSelect</name>
         <load_address>0x2000d75c</load_address>
         <readonly>true</readonly>
         <executable>true</executable>
         <run_address>0x2000d75c</run_address>
         <size>0x74</size>
         <alignment>0x2</alignment>
         <input_file_ref idref="fl-27"/>
      </object_component>
      <object_component id="oc-18">
         <name>.text:decompress:lzss</name>
         <load_address>0x2000d7d0</load_address>
         <readonly>true</readonly>
         <executable>true</executable>
         <run_address>0x2000d7d0</run_address>
         <size>0x70</size>
         <alignment>0x2</alignment>
         <input_file_ref idref="fl-41"/>
      </object_component>
      <object_component id="oc-204">
         <name>.text.PinLockLevelSet</name>
         <load_address>0x2000d840</load_address>
         <readonly>true</readonly>
         <executable>true</executable>
         <run_address>0x2000d840</run_address>
         <size>0x6c</size>
         <alignment>0x2</alignment>
         <input_file_ref idref="fl-26"/>
      </object_component>
      <object_component id="oc-14f">
         <name>.text.Power_setDependency</name>
         <load_address>0x2000d8ac</load_address>
         <readonly>true</readonly>
         <executable>true</executable>
         <run_address>0x2000d8ac</run_address>
         <size>0x6c</size>
         <alignment>0x4</alignment>
         <input_file_ref idref="fl-16"/>
      </object_component>
      <object_component id="oc-12d">
         <name>.text.powerNotifyFxn</name>
         <load_address>0x2000d918</load_address>
         <readonly>true</readonly>
         <executable>true</executable>
         <run_address>0x2000d918</run_address>
         <size>0x6c</size>
         <alignment>0x4</alignment>
         <input_file_ref idref="fl-15"/>
      </object_component>
      <object_component id="oc-21c">
         <name>.text.split</name>
         <load_address>0x2000d984</load_address>
         <readonly>true</readonly>
         <executable>true</executable>
         <run_address>0x2000d984</run_address>
         <size>0x6c</size>
         <alignment>0x4</alignment>
         <input_file_ref idref="fl-39"/>
      </object_component>
      <object_component id="oc-10d">
         <name>.text.PRCMPeripheralReset</name>
         <load_address>0x2000d9f0</load_address>
         <readonly>true</readonly>
         <executable>true</executable>
         <run_address>0x2000d9f0</run_address>
         <size>0x6a</size>
         <alignment>0x2</alignment>
         <input_file_ref idref="fl-27"/>
      </object_component>
      <object_component id="oc-217">
         <name>.text.IntPendClear</name>
         <load_address>0x2000da5a</load_address>
         <readonly>true</readonly>
         <executable>true</executable>
         <run_address>0x2000da5a</run_address>
         <size>0x68</size>
         <alignment>0x2</alignment>
         <input_file_ref idref="fl-25"/>
      </object_component>
      <object_component id="oc-13e">
         <name>.text.Timer_init</name>
         <load_address>0x2000dac2</load_address>
         <readonly>true</readonly>
         <executable>true</executable>
         <run_address>0x2000dac2</run_address>
         <size>0x2</size>
         <alignment>0x2</alignment>
         <input_file_ref idref="fl-18"/>
      </object_component>
      <object_component id="oc-ed">
         <name>.text.GPIO_write</name>
         <load_address>0x2000dac4</load_address>
         <readonly>true</readonly>
         <executable>true</executable>
         <run_address>0x2000dac4</run_address>
         <size>0x60</size>
         <alignment>0x4</alignment>
         <input_file_ref idref="fl-15"/>
      </object_component>
      <object_component id="oc-22d">
         <name>.text.FlashDisable</name>
         <load_address>0x2000db24</load_address>
         <readonly>true</readonly>
         <executable>true</executable>
         <run_address>0x2000db24</run_address>
         <size>0x5c</size>
         <alignment>0x2</alignment>
         <input_file_ref idref="fl-2c"/>
      </object_component>
      <object_component id="oc-16c">
         <name>.text.PRCMHibernateWakeupSourceDisable</name>
         <load_address>0x2000db80</load_address>
         <readonly>true</readonly>
         <executable>true</executable>
         <run_address>0x2000db80</run_address>
         <size>0x5c</size>
         <alignment>0x2</alignment>
         <input_file_ref idref="fl-27"/>
      </object_component>
      <object_component id="oc-193">
         <name>.text.TimerCC32XX_allocateTimerResource</name>
         <load_address>0x2000dbdc</load_address>
         <readonly>true</readonly>
         <executable>true</executable>
         <run_address>0x2000dbdc</run_address>
         <size>0x5c</size>
         <alignment>0x4</alignment>
         <input_file_ref idref="fl-19"/>
      </object_component>
      <object_component id="oc-10c">
         <name>.text.PRCMPeripheralClkEnable</name>
         <load_address>0x2000dc38</load_address>
         <readonly>true</readonly>
         <executable>true</executable>
         <run_address>0x2000dc38</run_address>
         <size>0x5a</size>
         <alignment>0x2</alignment>
         <input_file_ref idref="fl-27"/>
      </object_component>
      <object_component id="oc-221">
         <name>.text.__aeabi_ldiv0</name>
         <load_address>0x2000dc92</load_address>
         <readonly>true</readonly>
         <executable>true</executable>
         <run_address>0x2000dc92</run_address>
         <size>0x2</size>
         <alignment>0x2</alignment>
         <input_file_ref idref="fl-ac"/>
      </object_component>
      <object_component id="oc-1f8">
         <name>.text.ClockP_startup</name>
         <load_address>0x2000dc94</load_address>
         <readonly>true</readonly>
         <executable>true</executable>
         <run_address>0x2000dc94</run_address>
         <size>0x58</size>
         <alignment>0x4</alignment>
         <input_file_ref idref="fl-1d"/>
      </object_component>
      <object_component id="oc-1ef">
         <name>.text.IntPrioritySet</name>
         <load_address>0x2000dcec</load_address>
         <readonly>true</readonly>
         <executable>true</executable>
         <run_address>0x2000dcec</run_address>
         <size>0x58</size>
         <alignment>0x2</alignment>
         <input_file_ref idref="fl-25"/>
      </object_component>
      <object_component id="oc-211">
         <name>.text.PRCMLPDSEnter</name>
         <load_address>0x2000dd44</load_address>
         <readonly>true</readonly>
         <executable>true</executable>
         <run_address>0x2000dd44</run_address>
         <size>0x56</size>
         <alignment>0x2</alignment>
         <input_file_ref idref="fl-27"/>
      </object_component>
      <object_component id="oc-158">
         <name>.text._nop</name>
         <load_address>0x2000dd9a</load_address>
         <readonly>true</readonly>
         <executable>true</executable>
         <run_address>0x2000dd9a</run_address>
         <size>0x2</size>
         <alignment>0x2</alignment>
         <input_file_ref idref="fl-43"/>
      </object_component>
      <object_component id="oc-18c">
         <name>.text.PowerCC32XX_setParkState</name>
         <load_address>0x2000dd9c</load_address>
         <readonly>true</readonly>
         <executable>true</executable>
         <run_address>0x2000dd9c</run_address>
         <size>0x54</size>
         <alignment>0x4</alignment>
         <input_file_ref idref="fl-16"/>
      </object_component>
      <object_component id="oc-219">
         <name>.text.Power_releaseDependency</name>
         <load_address>0x2000ddf0</load_address>
         <readonly>true</readonly>
         <executable>true</executable>
         <run_address>0x2000ddf0</run_address>
         <size>0x54</size>
         <alignment>0x4</alignment>
         <input_file_ref idref="fl-16"/>
      </object_component>
      <object_component id="oc-156">
         <name>.text.GPIO_hwiIntFxn</name>
         <load_address>0x2000de44</load_address>
         <readonly>true</readonly>
         <executable>true</executable>
         <run_address>0x2000de44</run_address>
         <size>0x50</size>
         <alignment>0x4</alignment>
         <input_file_ref idref="fl-15"/>
      </object_component>
      <object_component id="oc-16b">
         <name>.text.PRCMHibernateWakeupSourceEnable</name>
         <load_address>0x2000de94</load_address>
         <readonly>true</readonly>
         <executable>true</executable>
         <run_address>0x2000de94</run_address>
         <size>0x50</size>
         <alignment>0x2</alignment>
         <input_file_ref idref="fl-27"/>
      </object_component>
      <object_component id="oc-1cb">
         <name>.text.SemaphoreP_construct</name>
         <load_address>0x2000dee4</load_address>
         <readonly>true</readonly>
         <executable>true</executable>
         <run_address>0x2000dee4</run_address>
         <size>0x50</size>
         <alignment>0x4</alignment>
         <input_file_ref idref="fl-1c"/>
      </object_component>
      <object_component id="oc-14d">
         <name>.text.TimerCallback</name>
         <load_address>0x2000df34</load_address>
         <readonly>true</readonly>
         <executable>true</executable>
         <run_address>0x2000df34</run_address>
         <size>0x50</size>
         <alignment>0x4</alignment>
         <input_file_ref idref="fl-1"/>
      </object_component>
      <object_component id="oc-b0">
         <name>.text.mainThread</name>
         <load_address>0x2000df84</load_address>
         <readonly>true</readonly>
         <executable>true</executable>
         <run_address>0x2000df84</run_address>
         <size>0x50</size>
         <alignment>0x4</alignment>
         <input_file_ref idref="fl-1"/>
      </object_component>
      <object_component id="oc-153">
         <name>.text.GPIO_setInterruptConfig</name>
         <load_address>0x2000dfd4</load_address>
         <readonly>true</readonly>
         <executable>true</executable>
         <run_address>0x2000dfd4</run_address>
         <size>0x4c</size>
         <alignment>0x4</alignment>
         <input_file_ref idref="fl-15"/>
      </object_component>
      <object_component id="oc-22b">
         <name>.text.PRCMLPDSRestoreInfoSet</name>
         <load_address>0x2000e020</load_address>
         <readonly>true</readonly>
         <executable>true</executable>
         <run_address>0x2000e020</run_address>
         <size>0x4c</size>
         <alignment>0x2</alignment>
         <input_file_ref idref="fl-27"/>
      </object_component>
      <object_component id="oc-198">
         <name>.text.initHw</name>
         <load_address>0x2000e06c</load_address>
         <readonly>true</readonly>
         <executable>true</executable>
         <run_address>0x2000e06c</run_address>
         <size>0x4c</size>
         <alignment>0x2</alignment>
         <input_file_ref idref="fl-19"/>
      </object_component>
      <object_component id="oc-197">
         <name>.text.getPrescaler</name>
         <load_address>0x2000e0b8</load_address>
         <readonly>true</readonly>
         <executable>true</executable>
         <run_address>0x2000e0b8</run_address>
         <size>0x4a</size>
         <alignment>0x2</alignment>
         <input_file_ref idref="fl-19"/>
      </object_component>
      <object_component id="oc-57">
         <name>.text.busFaultHandler</name>
         <load_address>0x2000e102</load_address>
         <readonly>true</readonly>
         <executable>true</executable>
         <run_address>0x2000e102</run_address>
         <size>0x2</size>
         <alignment>0x2</alignment>
         <input_file_ref idref="fl-20"/>
      </object_component>
      <object_component id="oc-58">
         <name>.text.ClockP_sysTickHandler</name>
         <load_address>0x2000e104</load_address>
         <readonly>true</readonly>
         <executable>true</executable>
         <run_address>0x2000e104</run_address>
         <size>0x48</size>
         <alignment>0x4</alignment>
         <input_file_ref idref="fl-1d"/>
      </object_component>
      <object_component id="oc-20b">
         <name>.text.PRCMIntEnable</name>
         <load_address>0x2000e14c</load_address>
         <readonly>true</readonly>
         <executable>true</executable>
         <run_address>0x2000e14c</run_address>
         <size>0x48</size>
         <alignment>0x2</alignment>
         <input_file_ref idref="fl-27"/>
      </object_component>
      <object_component id="oc-1a2">
         <name>.text.PRCMPeripheralStatusGet</name>
         <load_address>0x2000e194</load_address>
         <readonly>true</readonly>
         <executable>true</executable>
         <run_address>0x2000e194</run_address>
         <size>0x48</size>
         <alignment>0x2</alignment>
         <input_file_ref idref="fl-27"/>
      </object_component>
      <object_component id="oc-228">
         <name>.text.PinConfigGet</name>
         <load_address>0x2000e1dc</load_address>
         <readonly>true</readonly>
         <executable>true</executable>
         <run_address>0x2000e1dc</run_address>
         <size>0x48</size>
         <alignment>0x2</alignment>
         <input_file_ref idref="fl-26"/>
      </object_component>
      <object_component id="oc-f4">
         <name>.text.initTimer</name>
         <load_address>0x2000e224</load_address>
         <readonly>true</readonly>
         <executable>true</executable>
         <run_address>0x2000e224</run_address>
         <size>0x48</size>
         <alignment>0x4</alignment>
         <input_file_ref idref="fl-1"/>
      </object_component>
      <object_component id="oc-210">
         <name>.text.PRCMLPDSEnterKeepDebugIf</name>
         <load_address>0x2000e26c</load_address>
         <readonly>true</readonly>
         <executable>true</executable>
         <run_address>0x2000e26c</run_address>
         <size>0x46</size>
         <alignment>0x2</alignment>
         <input_file_ref idref="fl-27"/>
      </object_component>
      <object_component id="oc-152">
         <name>.text.GPIODirModeSet</name>
         <load_address>0x2000e2b2</load_address>
         <readonly>true</readonly>
         <executable>true</executable>
         <run_address>0x2000e2b2</run_address>
         <size>0x44</size>
         <alignment>0x2</alignment>
         <input_file_ref idref="fl-23"/>
      </object_component>
      <object_component id="oc-180">
         <name>.text.clkFxn</name>
         <load_address>0x2000e2f6</load_address>
         <readonly>true</readonly>
         <executable>true</executable>
         <run_address>0x2000e2f6</run_address>
         <size>0x2</size>
         <alignment>0x2</alignment>
         <input_file_ref idref="fl-1c"/>
      </object_component>
      <object_component id="oc-1a6">
         <name>.text.GPIO_disableInt</name>
         <load_address>0x2000e2f8</load_address>
         <readonly>true</readonly>
         <executable>true</executable>
         <run_address>0x2000e2f8</run_address>
         <size>0x44</size>
         <alignment>0x4</alignment>
         <input_file_ref idref="fl-15"/>
      </object_component>
      <object_component id="oc-f3">
         <name>.text.GPIO_enableInt</name>
         <load_address>0x2000e33c</load_address>
         <readonly>true</readonly>
         <executable>true</executable>
         <run_address>0x2000e33c</run_address>
         <size>0x44</size>
         <alignment>0x4</alignment>
         <input_file_ref idref="fl-15"/>
      </object_component>
      <object_component id="oc-234">
         <name>.text.Power_releaseConstraint</name>
         <load_address>0x2000e380</load_address>
         <readonly>true</readonly>
         <executable>true</executable>
         <run_address>0x2000e380</run_address>
         <size>0x44</size>
         <alignment>0x4</alignment>
         <input_file_ref idref="fl-16"/>
      </object_component>
      <object_component id="oc-14b">
         <name>.text.Timer_start</name>
         <load_address>0x2000e3c4</load_address>
         <readonly>true</readonly>
         <executable>true</executable>
         <run_address>0x2000e3c4</run_address>
         <size>0x44</size>
         <alignment>0x2</alignment>
         <input_file_ref idref="fl-18"/>
      </object_component>
      <object_component id="oc-7d">
         <name>.text.addToList</name>
         <load_address>0x2000e408</load_address>
         <readonly>true</readonly>
         <executable>true</executable>
         <run_address>0x2000e408</run_address>
         <size>0x44</size>
         <alignment>0x4</alignment>
         <input_file_ref idref="fl-1d"/>
      </object_component>
      <object_component id="oc-114">
         <name>.text.PinModeSet</name>
         <load_address>0x2000e44c</load_address>
         <readonly>true</readonly>
         <executable>true</executable>
         <run_address>0x2000e44c</run_address>
         <size>0x42</size>
         <alignment>0x2</alignment>
         <input_file_ref idref="fl-26"/>
      </object_component>
      <object_component id="oc-1e1">
         <name>.text.TimerControlStall</name>
         <load_address>0x2000e48e</load_address>
         <readonly>true</readonly>
         <executable>true</executable>
         <run_address>0x2000e48e</run_address>
         <size>0x42</size>
         <alignment>0x2</alignment>
         <input_file_ref idref="fl-2a"/>
      </object_component>
      <object_component id="oc-196">
         <name>.text.Timer_close</name>
         <load_address>0x2000e4d0</load_address>
         <readonly>true</readonly>
         <executable>true</executable>
         <run_address>0x2000e4d0</run_address>
         <size>0x42</size>
         <alignment>0x2</alignment>
         <input_file_ref idref="fl-19"/>
      </object_component>
      <object_component id="oc-1b7">
         <name>.text.getCountsRTC</name>
         <load_address>0x2000e512</load_address>
         <readonly>true</readonly>
         <executable>true</executable>
         <run_address>0x2000e512</run_address>
         <size>0x42</size>
         <alignment>0x2</alignment>
         <input_file_ref idref="fl-1f"/>
      </object_component>
      <object_component id="oc-128">
         <name>.text.SemaphoreP_post</name>
         <load_address>0x2000e554</load_address>
         <readonly>true</readonly>
         <executable>true</executable>
         <run_address>0x2000e554</run_address>
         <size>0x40</size>
         <alignment>0x4</alignment>
         <input_file_ref idref="fl-1c"/>
      </object_component>
      <object_component id="oc-1d4">
         <name>.text.Timer_stop</name>
         <load_address>0x2000e594</load_address>
         <readonly>true</readonly>
         <executable>true</executable>
         <run_address>0x2000e594</run_address>
         <size>0x40</size>
         <alignment>0x2</alignment>
         <input_file_ref idref="fl-18"/>
      </object_component>
      <object_component id="oc-22a">
         <name>.text.PinDirModeSet</name>
         <load_address>0x2000e5d4</load_address>
         <readonly>true</readonly>
         <executable>true</executable>
         <run_address>0x2000e5d4</run_address>
         <size>0x3e</size>
         <alignment>0x2</alignment>
         <input_file_ref idref="fl-26"/>
      </object_component>
      <object_component id="oc-56">
         <name>.text.defaultHandler</name>
         <load_address>0x2000e612</load_address>
         <readonly>true</readonly>
         <executable>true</executable>
         <run_address>0x2000e612</run_address>
         <size>0x2</size>
         <alignment>0x2</alignment>
         <input_file_ref idref="fl-20"/>
      </object_component>
      <object_component id="oc-1cf">
         <name>.text.ClockP_stop</name>
         <load_address>0x2000e614</load_address>
         <readonly>true</readonly>
         <executable>true</executable>
         <run_address>0x2000e614</run_address>
         <size>0x3c</size>
         <alignment>0x4</alignment>
         <input_file_ref idref="fl-1d"/>
      </object_component>
      <object_component id="oc-1a0">
         <name>.text.TimerSupport_timerEnable</name>
         <load_address>0x2000e650</load_address>
         <readonly>true</readonly>
         <executable>true</executable>
         <run_address>0x2000e650</run_address>
         <size>0x3a</size>
         <alignment>0x2</alignment>
         <input_file_ref idref="fl-19"/>
      </object_component>
      <object_component id="oc-55">
         <name>.text.faultISR</name>
         <load_address>0x2000e68a</load_address>
         <readonly>true</readonly>
         <executable>true</executable>
         <run_address>0x2000e68a</run_address>
         <size>0x2</size>
         <alignment>0x2</alignment>
         <input_file_ref idref="fl-20"/>
      </object_component>
      <object_component id="oc-17f">
         <name>.text.ClockP_destruct</name>
         <load_address>0x2000e68c</load_address>
         <readonly>true</readonly>
         <executable>true</executable>
         <run_address>0x2000e68c</run_address>
         <size>0x38</size>
         <alignment>0x4</alignment>
         <input_file_ref idref="fl-1d"/>
      </object_component>
      <object_component id="oc-1e6">
         <name>.text.Power_setConstraint</name>
         <load_address>0x2000e6c4</load_address>
         <readonly>true</readonly>
         <executable>true</executable>
         <run_address>0x2000e6c4</run_address>
         <size>0x38</size>
         <alignment>0x4</alignment>
         <input_file_ref idref="fl-16"/>
      </object_component>
      <object_component id="oc-1c8">
         <name>.text.SwiP_restore</name>
         <load_address>0x2000e6fc</load_address>
         <readonly>true</readonly>
         <executable>true</executable>
         <run_address>0x2000e6fc</run_address>
         <size>0x38</size>
         <alignment>0x4</alignment>
         <input_file_ref idref="fl-21"/>
      </object_component>
      <object_component id="oc-bf">
         <name>.text:__TI_auto_init_nobinit_nopinit</name>
         <load_address>0x2000e734</load_address>
         <readonly>true</readonly>
         <executable>true</executable>
         <run_address>0x2000e734</run_address>
         <size>0x38</size>
         <alignment>0x4</alignment>
         <input_file_ref idref="fl-3c"/>
      </object_component>
      <object_component id="oc-206">
         <name>.text.PinLock</name>
         <load_address>0x2000e76c</load_address>
         <readonly>true</readonly>
         <executable>true</executable>
         <run_address>0x2000e76c</run_address>
         <size>0x36</size>
         <alignment>0x2</alignment>
         <input_file_ref idref="fl-26"/>
      </object_component>
      <object_component id="oc-19d">
         <name>.text.TimerCC32XX_hwiIntFunction</name>
         <load_address>0x2000e7a2</load_address>
         <readonly>true</readonly>
         <executable>true</executable>
         <run_address>0x2000e7a2</run_address>
         <size>0x36</size>
         <alignment>0x2</alignment>
         <input_file_ref idref="fl-19"/>
      </object_component>
      <object_component id="oc-17c">
         <name>.text.ClockP_start</name>
         <load_address>0x2000e7d8</load_address>
         <readonly>true</readonly>
         <executable>true</executable>
         <run_address>0x2000e7d8</run_address>
         <size>0x34</size>
         <alignment>0x4</alignment>
         <input_file_ref idref="fl-1d"/>
      </object_component>
      <object_component id="oc-229">
         <name>.text.PinDirModeGet</name>
         <load_address>0x2000e80c</load_address>
         <readonly>true</readonly>
         <executable>true</executable>
         <run_address>0x2000e80c</run_address>
         <size>0x34</size>
         <alignment>0x2</alignment>
         <input_file_ref idref="fl-26"/>
      </object_component>
      <object_component id="oc-10f">
         <name>.text.PinModeGet</name>
         <load_address>0x2000e840</load_address>
         <readonly>true</readonly>
         <executable>true</executable>
         <run_address>0x2000e840</run_address>
         <size>0x34</size>
         <alignment>0x2</alignment>
         <input_file_ref idref="fl-26"/>
      </object_component>
      <object_component id="oc-203">
         <name>.text.PowerCC32XX_parkPin</name>
         <load_address>0x2000e874</load_address>
         <readonly>true</readonly>
         <executable>true</executable>
         <run_address>0x2000e874</run_address>
         <size>0x34</size>
         <alignment>0x2</alignment>
         <input_file_ref idref="fl-16"/>
      </object_component>
      <object_component id="oc-1d9">
         <name>.text.TimerCC32XX_freeTimerResource</name>
         <load_address>0x2000e8a8</load_address>
         <readonly>true</readonly>
         <executable>true</executable>
         <run_address>0x2000e8a8</run_address>
         <size>0x34</size>
         <alignment>0x4</alignment>
         <input_file_ref idref="fl-19"/>
      </object_component>
      <object_component id="oc-4f">
         <name>.text.initVectors</name>
         <load_address>0x2000e8dc</load_address>
         <readonly>true</readonly>
         <executable>true</executable>
         <run_address>0x2000e8dc</run_address>
         <size>0x34</size>
         <alignment>0x4</alignment>
         <input_file_ref idref="fl-20"/>
      </object_component>
      <object_component id="oc-1b4">
         <name>.text.ClockP_getTicksUntilInterrupt</name>
         <load_address>0x2000e910</load_address>
         <readonly>true</readonly>
         <executable>true</executable>
         <run_address>0x2000e910</run_address>
         <size>0x30</size>
         <alignment>0x4</alignment>
         <input_file_ref idref="fl-1d"/>
      </object_component>
      <object_component id="oc-1c1">
         <name>.text.PRCMLPDSIntervalSet</name>
         <load_address>0x2000e940</load_address>
         <readonly>true</readonly>
         <executable>true</executable>
         <run_address>0x2000e940</run_address>
         <size>0x30</size>
         <alignment>0x2</alignment>
         <input_file_ref idref="fl-27"/>
      </object_component>
      <object_component id="oc-1f9">
         <name>.text.PRCMSlowClkCtrFastGet</name>
         <load_address>0x2000e970</load_address>
         <readonly>true</readonly>
         <executable>true</executable>
         <run_address>0x2000e970</run_address>
         <size>0x30</size>
         <alignment>0x2</alignment>
         <input_file_ref idref="fl-27"/>
      </object_component>
      <object_component id="oc-1e0">
         <name>.text.TimerLoadSet</name>
         <load_address>0x2000e9a0</load_address>
         <readonly>true</readonly>
         <executable>true</executable>
         <run_address>0x2000e9a0</run_address>
         <size>0x30</size>
         <alignment>0x2</alignment>
         <input_file_ref idref="fl-2a"/>
      </object_component>
      <object_component id="oc-1df">
         <name>.text.TimerPrescaleSet</name>
         <load_address>0x2000e9d0</load_address>
         <readonly>true</readonly>
         <executable>true</executable>
         <run_address>0x2000e9d0</run_address>
         <size>0x30</size>
         <alignment>0x2</alignment>
         <input_file_ref idref="fl-2a"/>
      </object_component>
      <object_component id="oc-201">
         <name>.text.notify</name>
         <load_address>0x2000ea00</load_address>
         <readonly>true</readonly>
         <executable>true</executable>
         <run_address>0x2000ea00</run_address>
         <size>0x30</size>
         <alignment>0x4</alignment>
         <input_file_ref idref="fl-16"/>
      </object_component>
      <object_component id="oc-1a8">
         <name>.text.GPIOIntStatus</name>
         <load_address>0x2000ea30</load_address>
         <readonly>true</readonly>
         <executable>true</executable>
         <run_address>0x2000ea30</run_address>
         <size>0x2e</size>
         <alignment>0x2</alignment>
         <input_file_ref idref="fl-23"/>
      </object_component>
      <object_component id="oc-151">
         <name>.text.HwiP_create</name>
         <load_address>0x2000ea5e</load_address>
         <readonly>true</readonly>
         <executable>true</executable>
         <run_address>0x2000ea5e</run_address>
         <size>0x2a</size>
         <alignment>0x2</alignment>
         <input_file_ref idref="fl-1e"/>
      </object_component>
      <object_component id="oc-169">
         <name>.text.PRCMLPDSWakeUpGPIOSelect</name>
         <load_address>0x2000ea88</load_address>
         <readonly>true</readonly>
         <executable>true</executable>
         <run_address>0x2000ea88</run_address>
         <size>0x2a</size>
         <alignment>0x2</alignment>
         <input_file_ref idref="fl-27"/>
      </object_component>
      <object_component id="oc-10e">
         <name>.text.PRCMPeripheralClkDisable</name>
         <load_address>0x2000eab2</load_address>
         <readonly>true</readonly>
         <executable>true</executable>
         <run_address>0x2000eab2</run_address>
         <size>0x2a</size>
         <alignment>0x2</alignment>
         <input_file_ref idref="fl-27"/>
      </object_component>
      <object_component id="oc-216">
         <name>.text.List_remove</name>
         <load_address>0x2000eadc</load_address>
         <readonly>true</readonly>
         <executable>true</executable>
         <run_address>0x2000eadc</run_address>
         <size>0x28</size>
         <alignment>0x2</alignment>
         <input_file_ref idref="fl-1a"/>
      </object_component>
      <object_component id="oc-202">
         <name>.text.PRCMSRAMRetentionEnable</name>
         <load_address>0x2000eb04</load_address>
         <readonly>true</readonly>
         <executable>true</executable>
         <run_address>0x2000eb04</run_address>
         <size>0x28</size>
         <alignment>0x2</alignment>
         <input_file_ref idref="fl-27"/>
      </object_component>
      <object_component id="oc-215">
         <name>.text.TimerSupport_timerDisable</name>
         <load_address>0x2000eb2c</load_address>
         <readonly>true</readonly>
         <executable>true</executable>
         <run_address>0x2000eb2c</run_address>
         <size>0x28</size>
         <alignment>0x2</alignment>
         <input_file_ref idref="fl-19"/>
      </object_component>
      <object_component id="oc-1ce">
         <name>.text.free_list_insert</name>
         <load_address>0x2000eb54</load_address>
         <readonly>true</readonly>
         <executable>true</executable>
         <run_address>0x2000eb54</run_address>
         <size>0x28</size>
         <alignment>0x4</alignment>
         <input_file_ref idref="fl-39"/>
      </object_component>
      <object_component id="oc-237">
         <name>.text.IntUnregister</name>
         <load_address>0x2000eb7c</load_address>
         <readonly>true</readonly>
         <executable>true</executable>
         <run_address>0x2000eb7c</run_address>
         <size>0x24</size>
         <alignment>0x2</alignment>
         <input_file_ref idref="fl-25"/>
      </object_component>
      <object_component id="oc-181">
         <name>.text.List_put</name>
         <load_address>0x2000eba0</load_address>
         <readonly>true</readonly>
         <executable>true</executable>
         <run_address>0x2000eba0</run_address>
         <size>0x24</size>
         <alignment>0x2</alignment>
         <input_file_ref idref="fl-1a"/>
      </object_component>
      <object_component id="oc-167">
         <name>.text.PRCMLPDSWakeupSourceEnable</name>
         <load_address>0x2000ebc4</load_address>
         <readonly>true</readonly>
         <executable>true</executable>
         <run_address>0x2000ebc4</run_address>
         <size>0x24</size>
         <alignment>0x2</alignment>
         <input_file_ref idref="fl-27"/>
      </object_component>
      <object_component id="oc-20d">
         <name>.text.PowerCC32XX_restoreParkedPin</name>
         <load_address>0x2000ebe8</load_address>
         <readonly>true</readonly>
         <executable>true</executable>
         <run_address>0x2000ebe8</run_address>
         <size>0x24</size>
         <alignment>0x2</alignment>
         <input_file_ref idref="fl-16"/>
      </object_component>
      <object_component id="oc-127">
         <name>.text.Power_registerNotify</name>
         <load_address>0x2000ec0c</load_address>
         <readonly>true</readonly>
         <executable>true</executable>
         <run_address>0x2000ec0c</run_address>
         <size>0x24</size>
         <alignment>0x4</alignment>
         <input_file_ref idref="fl-16"/>
      </object_component>
      <object_component id="oc-76">
         <name>.text:_c_int00_noargs</name>
         <load_address>0x2000ec30</load_address>
         <readonly>true</readonly>
         <executable>true</executable>
         <run_address>0x2000ec30</run_address>
         <size>0x24</size>
         <alignment>0x4</alignment>
         <input_file_ref idref="fl-3a"/>
      </object_component>
      <object_component id="oc-134">
         <name>.text.GPIOPinWrite</name>
         <load_address>0x2000ec54</load_address>
         <readonly>true</readonly>
         <executable>true</executable>
         <run_address>0x2000ec54</run_address>
         <size>0x22</size>
         <alignment>0x2</alignment>
         <input_file_ref idref="fl-23"/>
      </object_component>
      <object_component id="oc-20c">
         <name>.text.PinUnlock</name>
         <load_address>0x2000ec76</load_address>
         <readonly>true</readonly>
         <executable>true</executable>
         <run_address>0x2000ec76</run_address>
         <size>0x22</size>
         <alignment>0x2</alignment>
         <input_file_ref idref="fl-26"/>
      </object_component>
      <object_component id="oc-1ee">
         <name>.text.IntRegister</name>
         <load_address>0x2000ec98</load_address>
         <readonly>true</readonly>
         <executable>true</executable>
         <run_address>0x2000ec98</run_address>
         <size>0x20</size>
         <alignment>0x2</alignment>
         <input_file_ref idref="fl-25"/>
      </object_component>
      <object_component id="oc-1d5">
         <name>.text.Power_unregisterNotify</name>
         <load_address>0x2000ecb8</load_address>
         <readonly>true</readonly>
         <executable>true</executable>
         <run_address>0x2000ecb8</run_address>
         <size>0x20</size>
         <alignment>0x4</alignment>
         <input_file_ref idref="fl-16"/>
      </object_component>
      <object_component id="oc-194">
         <name>.text.SemaphoreP_constructBinary</name>
         <load_address>0x2000ecd8</load_address>
         <readonly>true</readonly>
         <executable>true</executable>
         <run_address>0x2000ecd8</run_address>
         <size>0x20</size>
         <alignment>0x4</alignment>
         <input_file_ref idref="fl-1c"/>
      </object_component>
      <object_component id="oc-11d">
         <name>.text.SemaphoreP_createBinary</name>
         <load_address>0x2000ecf8</load_address>
         <readonly>true</readonly>
         <executable>true</executable>
         <run_address>0x2000ecf8</run_address>
         <size>0x20</size>
         <alignment>0x4</alignment>
         <input_file_ref idref="fl-1c"/>
      </object_component>
      <object_component id="oc-1da">
         <name>.text.TimerDisable</name>
         <load_address>0x2000ed18</load_address>
         <readonly>true</readonly>
         <executable>true</executable>
         <run_address>0x2000ed18</run_address>
         <size>0x20</size>
         <alignment>0x2</alignment>
         <input_file_ref idref="fl-2a"/>
      </object_component>
      <object_component id="oc-ee">
         <name>.text.GPIO_setCallback</name>
         <load_address>0x2000ed38</load_address>
         <readonly>true</readonly>
         <executable>true</executable>
         <run_address>0x2000ed38</run_address>
         <size>0x1c</size>
         <alignment>0x4</alignment>
         <input_file_ref idref="fl-14"/>
      </object_component>
      <object_component id="oc-1f3">
         <name>.text.HwiP_dispatch</name>
         <load_address>0x2000ed54</load_address>
         <readonly>true</readonly>
         <executable>true</executable>
         <run_address>0x2000ed54</run_address>
         <size>0x1c</size>
         <alignment>0x4</alignment>
         <input_file_ref idref="fl-1e"/>
      </object_component>
      <object_component id="oc-1ad">
         <name>.text.SwiP_disable</name>
         <load_address>0x2000ed70</load_address>
         <readonly>true</readonly>
         <executable>true</executable>
         <run_address>0x2000ed70</run_address>
         <size>0x1c</size>
         <alignment>0x4</alignment>
         <input_file_ref idref="fl-21"/>
      </object_component>
      <object_component id="oc-1cd">
         <name>.text.free_list_remove</name>
         <load_address>0x2000ed8c</load_address>
         <readonly>true</readonly>
         <executable>true</executable>
         <run_address>0x2000ed8c</run_address>
         <size>0x1c</size>
         <alignment>0x4</alignment>
         <input_file_ref idref="fl-39"/>
      </object_component>
      <object_component id="oc-1d2">
         <name>.text.getPowerMgrId</name>
         <load_address>0x2000eda8</load_address>
         <readonly>true</readonly>
         <executable>true</executable>
         <run_address>0x2000eda8</run_address>
         <size>0x1c</size>
         <alignment>0x4</alignment>
         <input_file_ref idref="fl-19"/>
      </object_component>
      <object_component id="oc-21">
         <name>.text.resetISR</name>
         <load_address>0x2000edc4</load_address>
         <readonly>true</readonly>
         <executable>true</executable>
         <run_address>0x2000edc4</run_address>
         <size>0x1c</size>
         <alignment>0x2</alignment>
         <input_file_ref idref="fl-20"/>
      </object_component>
      <object_component id="oc-1f4">
         <name>.text.GPIOIntDisable</name>
         <load_address>0x2000ede0</load_address>
         <readonly>true</readonly>
         <executable>true</executable>
         <run_address>0x2000ede0</run_address>
         <size>0x1a</size>
         <alignment>0x2</alignment>
         <input_file_ref idref="fl-23"/>
      </object_component>
      <object_component id="oc-10b">
         <name>.text.PRCMHIBRegRead</name>
         <load_address>0x2000edfa</load_address>
         <readonly>true</readonly>
         <executable>true</executable>
         <run_address>0x2000edfa</run_address>
         <size>0x1a</size>
         <alignment>0x2</alignment>
         <input_file_ref idref="fl-27"/>
      </object_component>
      <object_component id="oc-10a">
         <name>.text.PRCMHIBRegWrite</name>
         <load_address>0x2000ee14</load_address>
         <readonly>true</readonly>
         <executable>true</executable>
         <run_address>0x2000ee14</run_address>
         <size>0x1a</size>
         <alignment>0x2</alignment>
         <input_file_ref idref="fl-27"/>
      </object_component>
      <object_component id="oc-168">
         <name>.text.PRCMLPDSWakeupSourceDisable</name>
         <load_address>0x2000ee2e</load_address>
         <readonly>true</readonly>
         <executable>true</executable>
         <run_address>0x2000ee2e</run_address>
         <size>0x1a</size>
         <alignment>0x2</alignment>
         <input_file_ref idref="fl-27"/>
      </object_component>
      <object_component id="oc-205">
         <name>.text.PinToPadGet</name>
         <load_address>0x2000ee48</load_address>
         <readonly>true</readonly>
         <executable>true</executable>
         <run_address>0x2000ee48</run_address>
         <size>0x1a</size>
         <alignment>0x2</alignment>
         <input_file_ref idref="fl-26"/>
      </object_component>
      <object_component id="oc-1e7">
         <name>.text.TimerEnable</name>
         <load_address>0x2000ee62</load_address>
         <readonly>true</readonly>
         <executable>true</executable>
         <run_address>0x2000ee62</run_address>
         <size>0x1a</size>
         <alignment>0x2</alignment>
         <input_file_ref idref="fl-2a"/>
      </object_component>
      <object_component id="oc-13d">
         <name>.text.GPIOIntEnable</name>
         <load_address>0x2000ee7c</load_address>
         <readonly>true</readonly>
         <executable>true</executable>
         <run_address>0x2000ee7c</run_address>
         <size>0x18</size>
         <alignment>0x2</alignment>
         <input_file_ref idref="fl-23"/>
      </object_component>
      <object_component id="oc-175">
         <name>.text.SemaphoreP_create</name>
         <load_address>0x2000ee94</load_address>
         <readonly>true</readonly>
         <executable>true</executable>
         <run_address>0x2000ee94</run_address>
         <size>0x18</size>
         <alignment>0x2</alignment>
         <input_file_ref idref="fl-1c"/>
      </object_component>
      <object_component id="oc-a6">
         <name>.text.Board_init</name>
         <load_address>0x2000eeac</load_address>
         <readonly>true</readonly>
         <executable>true</executable>
         <run_address>0x2000eeac</run_address>
         <size>0x16</size>
         <alignment>0x2</alignment>
         <input_file_ref idref="fl-2"/>
      </object_component>
      <object_component id="oc-1c4">
         <name>.text.SysTickPeriodSet</name>
         <load_address>0x2000eec2</load_address>
         <readonly>true</readonly>
         <executable>true</executable>
         <run_address>0x2000eec2</run_address>
         <size>0x16</size>
         <alignment>0x2</alignment>
         <input_file_ref idref="fl-29"/>
      </object_component>
      <object_component id="oc-233">
         <name>.text.TimerIntDisable</name>
         <load_address>0x2000eed8</load_address>
         <readonly>true</readonly>
         <executable>true</executable>
         <run_address>0x2000eed8</run_address>
         <size>0x16</size>
         <alignment>0x2</alignment>
         <input_file_ref idref="fl-2a"/>
      </object_component>
      <object_component id="oc-54">
         <name>.text.nmiISR</name>
         <load_address>0x2000eeee</load_address>
         <readonly>true</readonly>
         <executable>true</executable>
         <run_address>0x2000eeee</run_address>
         <size>0x2</size>
         <alignment>0x2</alignment>
         <input_file_ref idref="fl-20"/>
      </object_component>
      <object_component id="oc-f6">
         <name>.text.ButtonCallback</name>
         <load_address>0x2000eef0</load_address>
         <readonly>true</readonly>
         <executable>true</executable>
         <run_address>0x2000eef0</run_address>
         <size>0x14</size>
         <alignment>0x4</alignment>
         <input_file_ref idref="fl-1"/>
      </object_component>
      <object_component id="oc-6c">
         <name>.text.CPUcpsid</name>
         <load_address>0x2000ef04</load_address>
         <readonly>true</readonly>
         <executable>true</executable>
         <run_address>0x2000ef04</run_address>
         <size>0x14</size>
         <alignment>0x2</alignment>
         <input_file_ref idref="fl-22"/>
      </object_component>
      <object_component id="oc-18d">
         <name>.text.CPUcpsie</name>
         <load_address>0x2000ef18</load_address>
         <readonly>true</readonly>
         <executable>true</executable>
         <run_address>0x2000ef18</run_address>
         <size>0x14</size>
         <alignment>0x2</alignment>
         <input_file_ref idref="fl-22"/>
      </object_component>
      <object_component id="oc-218">
         <name>.text.HwiP_destruct</name>
         <load_address>0x2000ef2c</load_address>
         <readonly>true</readonly>
         <executable>true</executable>
         <run_address>0x2000ef2c</run_address>
         <size>0x14</size>
         <alignment>0x2</alignment>
         <input_file_ref idref="fl-1e"/>
      </object_component>
      <object_component id="oc-73">
         <name>.text.IntVTableBaseSet</name>
         <load_address>0x2000ef40</load_address>
         <readonly>true</readonly>
         <executable>true</executable>
         <run_address>0x2000ef40</run_address>
         <size>0x14</size>
         <alignment>0x2</alignment>
         <input_file_ref idref="fl-25"/>
      </object_component>
      <object_component id="oc-188">
         <name>.text.Power_disablePolicy</name>
         <load_address>0x2000ef54</load_address>
         <readonly>true</readonly>
         <executable>true</executable>
         <run_address>0x2000ef54</run_address>
         <size>0x14</size>
         <alignment>0x4</alignment>
         <input_file_ref idref="fl-16"/>
      </object_component>
      <object_component id="oc-1b5">
         <name>.text.Power_getTransitionLatency</name>
         <load_address>0x2000ef68</load_address>
         <readonly>true</readonly>
         <executable>true</executable>
         <run_address>0x2000ef68</run_address>
         <size>0x14</size>
         <alignment>0x4</alignment>
         <input_file_ref idref="fl-16"/>
      </object_component>
      <object_component id="oc-1cc">
         <name>.text.Power_idleFunc</name>
         <load_address>0x2000ef7c</load_address>
         <readonly>true</readonly>
         <executable>true</executable>
         <run_address>0x2000ef7c</run_address>
         <size>0x14</size>
         <alignment>0x4</alignment>
         <input_file_ref idref="fl-16"/>
      </object_component>
      <object_component id="oc-1e5">
         <name>.text.TimerIntEnable</name>
         <load_address>0x2000ef90</load_address>
         <readonly>true</readonly>
         <executable>true</executable>
         <run_address>0x2000ef90</run_address>
         <size>0x14</size>
         <alignment>0x2</alignment>
         <input_file_ref idref="fl-2a"/>
      </object_component>
      <object_component id="oc-1b8">
         <name>.text.__aeabi_uldivmod</name>
         <load_address>0x2000efa4</load_address>
         <readonly>true</readonly>
         <executable>true</executable>
         <run_address>0x2000efa4</run_address>
         <size>0x14</size>
         <alignment>0x4</alignment>
         <input_file_ref idref="fl-aa"/>
      </object_component>
      <object_component id="oc-17b">
         <name>.text.ClockP_add</name>
         <load_address>0x2000efb8</load_address>
         <readonly>true</readonly>
         <executable>true</executable>
         <run_address>0x2000efb8</run_address>
         <size>0x12</size>
         <alignment>0x2</alignment>
         <input_file_ref idref="fl-1d"/>
      </object_component>
      <object_component id="oc-1a7">
         <name>.text.GPIOIntClear</name>
         <load_address>0x2000efca</load_address>
         <readonly>true</readonly>
         <executable>true</executable>
         <run_address>0x2000efca</run_address>
         <size>0x12</size>
         <alignment>0x2</alignment>
         <input_file_ref idref="fl-23"/>
      </object_component>
      <object_component id="oc-150">
         <name>.text.HwiP_Params_init</name>
         <load_address>0x2000efdc</load_address>
         <readonly>true</readonly>
         <executable>true</executable>
         <run_address>0x2000efdc</run_address>
         <size>0x12</size>
         <alignment>0x2</alignment>
         <input_file_ref idref="fl-1e"/>
      </object_component>
      <object_component id="oc-1d7">
         <name>.text.HwiP_delete</name>
         <load_address>0x2000efee</load_address>
         <readonly>true</readonly>
         <executable>true</executable>
         <run_address>0x2000efee</run_address>
         <size>0x12</size>
         <alignment>0x2</alignment>
         <input_file_ref idref="fl-1e"/>
      </object_component>
      <object_component id="oc-1c5">
         <name>.text.SysTickEnable</name>
         <load_address>0x2000f000</load_address>
         <readonly>true</readonly>
         <executable>true</executable>
         <run_address>0x2000f000</run_address>
         <size>0x12</size>
         <alignment>0x2</alignment>
         <input_file_ref idref="fl-29"/>
      </object_component>
      <object_component id="oc-1bc">
         <name>.text.SysTickIntDisable</name>
         <load_address>0x2000f012</load_address>
         <readonly>true</readonly>
         <executable>true</executable>
         <run_address>0x2000f012</run_address>
         <size>0x12</size>
         <alignment>0x2</alignment>
         <input_file_ref idref="fl-29"/>
      </object_component>
      <object_component id="oc-1c6">
         <name>.text.SysTickIntEnable</name>
         <load_address>0x2000f024</load_address>
         <readonly>true</readonly>
         <executable>true</executable>
         <run_address>0x2000f024</run_address>
         <size>0x12</size>
         <alignment>0x2</alignment>
         <input_file_ref idref="fl-29"/>
      </object_component>
      <object_component id="oc-81">
         <name>.text:TI_memcpy_small</name>
         <load_address>0x2000f036</load_address>
         <readonly>true</readonly>
         <executable>true</executable>
         <run_address>0x2000f036</run_address>
         <size>0x12</size>
         <alignment>0x1</alignment>
         <input_file_ref idref="fl-ad"/>
      </object_component>
      <object_component id="oc-43">
         <name>.text:decompress:ZI:__TI_zero_init_nomemset</name>
         <load_address>0x2000f048</load_address>
         <readonly>true</readonly>
         <executable>true</executable>
         <run_address>0x2000f048</run_address>
         <size>0x12</size>
         <alignment>0x2</alignment>
         <input_file_ref idref="fl-3f"/>
      </object_component>
      <object_component id="oc-195">
         <name>.text.ClockP_getCpuFreq</name>
         <load_address>0x2000f05c</load_address>
         <readonly>true</readonly>
         <executable>true</executable>
         <run_address>0x2000f05c</run_address>
         <size>0x10</size>
         <alignment>0x4</alignment>
         <input_file_ref idref="fl-1d"/>
      </object_component>
      <object_component id="oc-1b6">
         <name>.text.ClockP_getSystemTicks</name>
         <load_address>0x2000f06c</load_address>
         <readonly>true</readonly>
         <executable>true</executable>
         <run_address>0x2000f06c</run_address>
         <size>0x10</size>
         <alignment>0x4</alignment>
         <input_file_ref idref="fl-1d"/>
      </object_component>
      <object_component id="oc-1c3">
         <name>.text.ClockP_setTicks</name>
         <load_address>0x2000f07c</load_address>
         <readonly>true</readonly>
         <executable>true</executable>
         <run_address>0x2000f07c</run_address>
         <size>0x10</size>
         <alignment>0x4</alignment>
         <input_file_ref idref="fl-1d"/>
      </object_component>
      <object_component id="oc-187">
         <name>.text.HwiP_inISR</name>
         <load_address>0x2000f08c</load_address>
         <readonly>true</readonly>
         <executable>true</executable>
         <run_address>0x2000f08c</run_address>
         <size>0x10</size>
         <alignment>0x4</alignment>
         <input_file_ref idref="fl-1e"/>
      </object_component>
      <object_component id="oc-17e">
         <name>.text.Power_enablePolicy</name>
         <load_address>0x2000f09c</load_address>
         <readonly>true</readonly>
         <executable>true</executable>
         <run_address>0x2000f09c</run_address>
         <size>0x10</size>
         <alignment>0x4</alignment>
         <input_file_ref idref="fl-16"/>
      </object_component>
      <object_component id="oc-1e4">
         <name>.text.TimerIntClear</name>
         <load_address>0x2000f0ac</load_address>
         <readonly>true</readonly>
         <executable>true</executable>
         <run_address>0x2000f0ac</run_address>
         <size>0x10</size>
         <alignment>0x2</alignment>
         <input_file_ref idref="fl-2a"/>
      </object_component>
      <object_component id="oc-143">
         <name>.text.Timer_Params_init</name>
         <load_address>0x2000f0bc</load_address>
         <readonly>true</readonly>
         <executable>true</executable>
         <run_address>0x2000f0bc</run_address>
         <size>0x10</size>
         <alignment>0x4</alignment>
         <input_file_ref idref="fl-18"/>
      </object_component>
      <object_component id="oc-8f">
         <name>.text.main</name>
         <load_address>0x2000f0cc</load_address>
         <readonly>true</readonly>
         <executable>true</executable>
         <run_address>0x2000f0cc</run_address>
         <size>0x10</size>
         <alignment>0x2</alignment>
         <input_file_ref idref="fl-3"/>
      </object_component>
      <object_component id="oc-1c">
         <name>.text:decompress:none</name>
         <load_address>0x2000f0dc</load_address>
         <readonly>true</readonly>
         <executable>true</executable>
         <run_address>0x2000f0dc</run_address>
         <size>0xe</size>
         <alignment>0x2</alignment>
         <input_file_ref idref="fl-40"/>
      </object_component>
      <object_component id="oc-212">
         <name>.text.CPUwfi</name>
         <load_address>0x2000f0ea</load_address>
         <readonly>true</readonly>
         <executable>true</executable>
         <run_address>0x2000f0ea</run_address>
         <size>0xc</size>
         <alignment>0x2</alignment>
         <input_file_ref idref="fl-22"/>
      </object_component>
      <object_component id="oc-20e">
         <name>.text.PRCMLPDSWakeupCauseGet</name>
         <load_address>0x2000f0f6</load_address>
         <readonly>true</readonly>
         <executable>true</executable>
         <run_address>0x2000f0f6</run_address>
         <size>0xc</size>
         <alignment>0x2</alignment>
         <input_file_ref idref="fl-27"/>
      </object_component>
      <object_component id="oc-1b3">
         <name>.text.Power_getConstraintMask</name>
         <load_address>0x2000f104</load_address>
         <readonly>true</readonly>
         <executable>true</executable>
         <run_address>0x2000f104</run_address>
         <size>0xc</size>
         <alignment>0x4</alignment>
         <input_file_ref idref="fl-16"/>
      </object_component>
      <object_component id="oc-19c">
         <name>.text.postNotifyFxn</name>
         <load_address>0x2000f110</load_address>
         <readonly>true</readonly>
         <executable>true</executable>
         <run_address>0x2000f110</run_address>
         <size>0xc</size>
         <alignment>0x2</alignment>
         <input_file_ref idref="fl-19"/>
      </object_component>
      <object_component id="oc-17d">
         <name>.text.ClockP_isActive</name>
         <load_address>0x2000f11c</load_address>
         <readonly>true</readonly>
         <executable>true</executable>
         <run_address>0x2000f11c</run_address>
         <size>0xa</size>
         <alignment>0x2</alignment>
         <input_file_ref idref="fl-1d"/>
      </object_component>
      <object_component id="oc-4a">
         <name>.text.IntMasterDisable</name>
[...]
         <name>ClockP_getSystemTicks</name>
         <value>0x2000f06d</value>
         <object_component_ref idref="oc-1b6"/>
      </symbol>
      <symbol id="sm-1e8">
         <name>ClockP_getTicksUntilInterrupt</name>
         <value>0x2000e911</value>
         <object_component_ref idref="oc-1b4"/>
      </symbol>
      <symbol id="sm-1e9">
         <name>ClockP_isActive</name>
         <value>0x2000f11d</value>
         <object_component_ref idref="oc-17d"/>
      </symbol>
      <symbol id="sm-1ea">
         <name>ClockP_setTicks</name>
         <value>0x2000f07d</value>
         <object_component_ref idref="oc-1c3"/>
      </symbol>
      <symbol id="sm-1eb">
         <name>ClockP_tickPeriod</name>
         <value>0x2000f834</value>
         <object_component_ref idref="oc-1ca"/>
      </symbol>
      <symbol id="sm-210">
         <name>HwiP_enable</name>
         <value>0x2000f18f</value>
         <object_component_ref idref="oc-e5"/>
      </symbol>
      <symbol id="sm-211">
         <name>HwiP_disable</name>
         <value>0x2000f14b</value>
         <object_component_ref idref="oc-123"/>
      </symbol>
      <symbol id="sm-212">
         <name>HwiP_restore</name>
         <value>0x2000f153</value>
         <object_component_ref idref="oc-124"/>
      </symbol>
      <symbol id="sm-213">
         <name>HwiP_clearInterrupt</name>
         <value>0x2000f18b</value>
         <object_component_ref idref="oc-1d6"/>
      </symbol>
      <symbol id="sm-214">
         <name>HwiP_destruct</name>
         <value>0x2000ef2d</value>
         <object_component_ref idref="oc-218"/>
      </symbol>
      <symbol id="sm-215">
         <name>HwiP_delete</name>
         <value>0x2000efef</value>
         <object_component_ref idref="oc-1d7"/>
      </symbol>
      <symbol id="sm-216">
         <name>HwiP_dispatch</name>
         <value>0x2000ed55</value>
         <object_component_ref idref="oc-1f3"/>
      </symbol>
      <symbol id="sm-217">
         <name>HwiP_construct</name>
         <value>0x2000d6e9</value>
         <object_component_ref idref="oc-1a4"/>
      </symbol>
      <symbol id="sm-218">
         <name>HwiP_swiPIntNum</name>
         <value>0x2000f81c</value>
         <object_component_ref idref="oc-1f1"/>
      </symbol>
      <symbol id="sm-219">
         <name>HwiP_Params_init</name>
         <value>0x2000efdd</value>
         <object_component_ref idref="oc-150"/>
      </symbol>
      <symbol id="sm-21a">
         <name>HwiP_create</name>
         <value>0x2000ea5f</value>
         <object_component_ref idref="oc-151"/>
      </symbol>
      <symbol id="sm-21b">
         <name>HwiP_post</name>
         <value>0x2000f193</value>
         <object_component_ref idref="oc-213"/>
      </symbol>
      <symbol id="sm-21c">
         <name>HwiP_inISR</name>
         <value>0x2000f08d</value>
         <object_component_ref idref="oc-187"/>
      </symbol>
      <symbol id="sm-22c">
         <name>PowerCC32XX_initPolicy</name>
         <value>0x2000d4c7</value>
         <object_component_ref idref="oc-16d"/>
      </symbol>
      <symbol id="sm-22d">
         <name>PowerCC32XX_sleepPolicy</name>
         <value>0x2000c8dd</value>
         <object_component_ref idref="oc-172"/>
      </symbol>
      <symbol id="sm-24a">
         <name>resetISR</name>
         <value>0x2000edc5</value>
         <object_component_ref idref="oc-21"/>
      </symbol>
      <symbol id="sm-24b">
         <name>initVectors</name>
         <value>0x2000e8dd</value>
         <object_component_ref idref="oc-4f"/>
      </symbol>
      <symbol id="sm-260">
         <name>SwiP_disable</name>
         <value>0x2000ed71</value>
         <object_component_ref idref="oc-1ad"/>
      </symbol>
      <symbol id="sm-261">
         <name>SwiP_restore</name>
         <value>0x2000e6fd</value>
         <object_component_ref idref="oc-1c8"/>
      </symbol>
      <symbol id="sm-278">
         <name>CPUcpsid</name>
         <value>0x2000ef05</value>
         <object_component_ref idref="oc-6c"/>
      </symbol>
      <symbol id="sm-279">
         <name>CPUcpsie</name>
         <value>0x2000ef19</value>
         <object_component_ref idref="oc-18d"/>
      </symbol>
      <symbol id="sm-27a">
         <name>CPUwfi</name>
         <value>0x2000f0eb</value>
         <object_component_ref idref="oc-212"/>
      </symbol>
      <symbol id="sm-2b3">
         <name>GPIODirModeSet</name>
         <value>0x2000e2b3</value>
         <object_component_ref idref="oc-152"/>
      </symbol>
      <symbol id="sm-2b4">
         <name>GPIOIntClear</name>
         <value>0x2000efcb</value>
         <object_component_ref idref="oc-1a7"/>
      </symbol>
      <symbol id="sm-2b5">
         <name>GPIOIntDisable</name>
         <value>0x2000ede1</value>
         <object_component_ref idref="oc-1f4"/>
      </symbol>
      <symbol id="sm-2b6">
         <name>GPIOIntEnable</name>
         <value>0x2000ee7d</value>
         <object_component_ref idref="oc-13d"/>
      </symbol>
      <symbol id="sm-2b7">
         <name>GPIOIntStatus</name>
         <value>0x2000ea31</value>
         <object_component_ref idref="oc-1a8"/>
      </symbol>
      <symbol id="sm-2b8">
         <name>GPIOIntTypeSet</name>
         <value>0x2000d105</value>
         <object_component_ref idref="oc-1a5"/>
      </symbol>
      <symbol id="sm-2b9">
         <name>GPIOPinWrite</name>
         <value>0x2000ec55</value>
         <object_component_ref idref="oc-134"/>
      </symbol>
      <symbol id="sm-309">
         <name>IntDisable</name>
         <value>0x2000cec5</value>
         <object_component_ref idref="oc-236"/>
      </symbol>
      <symbol id="sm-30a">
         <name>IntEnable</name>
         <value>0x2000cf8d</value>
         <object_component_ref idref="oc-1f0"/>
      </symbol>
      <symbol id="sm-30b">
         <name>IntMasterDisable</name>
         <value>0x2000f127</value>
         <object_component_ref idref="oc-4a"/>
      </symbol>
      <symbol id="sm-30c">
         <name>IntMasterEnable</name>
         <value>0x2000f131</value>
         <object_component_ref idref="oc-130"/>
      </symbol>
      <symbol id="sm-30d">
         <name>IntPendClear</name>
         <value>0x2000da5b</value>
         <object_component_ref idref="oc-217"/>
      </symbol>
      <symbol id="sm-30e">
         <name>IntPendSet</name>
         <value>0x2000d1b1</value>
         <object_component_ref idref="oc-232"/>
      </symbol>
      <symbol id="sm-30f">
         <name>IntPrioritySet</name>
         <value>0x2000dced</value>
         <object_component_ref idref="oc-1ef"/>
      </symbol>
      <symbol id="sm-310">
         <name>IntRegister</name>
         <value>0x2000ec99</value>
         <object_component_ref idref="oc-1ee"/>
      </symbol>
      <symbol id="sm-311">
         <name>IntUnregister</name>
         <value>0x2000eb7d</value>
         <object_component_ref idref="oc-237"/>
      </symbol>
      <symbol id="sm-312">
         <name>IntVTableBaseSet</name>
         <value>0x2000ef41</value>
         <object_component_ref idref="oc-73"/>
      </symbol>
      <symbol id="sm-358">
         <name>PinConfigGet</name>
         <value>0x2000e1dd</value>
         <object_component_ref idref="oc-228"/>
      </symbol>
      <symbol id="sm-359">
         <name>PinConfigSet</name>
         <value>0x2000d255</value>
         <object_component_ref idref="oc-14e"/>
      </symbol>
      <symbol id="sm-35a">
         <name>PinDirModeGet</name>
         <value>0x2000e80d</value>
         <object_component_ref idref="oc-229"/>
      </symbol>
      <symbol id="sm-35b">
         <name>PinDirModeSet</name>
         <value>0x2000e5d5</value>
         <object_component_ref idref="oc-22a"/>
      </symbol>
      <symbol id="sm-35c">
         <name>PinLock</name>
         <value>0x2000e76d</value>
         <object_component_ref idref="oc-206"/>
      </symbol>
      <symbol id="sm-35d">
         <name>PinLockLevelSet</name>
         <value>0x2000d841</value>
         <object_component_ref idref="oc-204"/>
      </symbol>
      <symbol id="sm-35e">
         <name>PinModeGet</name>
         <value>0x2000e841</value>
         <object_component_ref idref="oc-10f"/>
      </symbol>
      <symbol id="sm-35f">
         <name>PinModeSet</name>
         <value>0x2000e44d</value>
         <object_component_ref idref="oc-114"/>
      </symbol>
      <symbol id="sm-360">
         <name>PinToPadGet</name>
         <value>0x2000ee49</value>
         <object_component_ref idref="oc-205"/>
      </symbol>
      <symbol id="sm-361">
         <name>PinUnlock</name>
         <value>0x2000ec77</value>
         <object_component_ref idref="oc-20c"/>
      </symbol>
      <symbol id="sm-413">
         <name>PRCMCC3200MCUInit</name>
         <value>0x2000c041</value>
         <object_component_ref idref="oc-d2"/>
      </symbol>
      <symbol id="sm-414">
         <name>PRCMHIBRegRead</name>
         <value>0x2000edfb</value>
         <object_component_ref idref="oc-10b"/>
      </symbol>
      <symbol id="sm-415">
         <name>PRCMHIBRegWrite</name>
         <value>0x2000ee15</value>
         <object_component_ref idref="oc-10a"/>
      </symbol>
      <symbol id="sm-416">
         <name>PRCMHibernateWakeUpGPIOSelect</name>
         <value>0x2000d75d</value>
         <object_component_ref idref="oc-16a"/>
      </symbol>
      <symbol id="sm-417">
         <name>PRCMHibernateWakeupSourceDisable</name>
         <value>0x2000db81</value>
         <object_component_ref idref="oc-16c"/>
      </symbol>
      <symbol id="sm-418">
         <name>PRCMHibernateWakeupSourceEnable</name>
         <value>0x2000de95</value>
         <object_component_ref idref="oc-16b"/>
      </symbol>
      <symbol id="sm-419">
         <name>PRCMIntEnable</name>
         <value>0x2000e14d</value>
         <object_component_ref idref="oc-20b"/>
      </symbol>
      <symbol id="sm-41a">
         <name>PRCMLPDSEnter</name>
         <value>0x2000dd45</value>
         <object_component_ref idref="oc-211"/>
      </symbol>
      <symbol id="sm-41b">
         <name>PRCMLPDSEnterKeepDebugIf</name>
         <value>0x2000e26d</value>
         <object_component_ref idref="oc-210"/>
      </symbol>
      <symbol id="sm-41c">
         <name>PRCMLPDSIntervalSet</name>
         <value>0x2000e941</value>
         <object_component_ref idref="oc-1c1"/>
      </symbol>
      <symbol id="sm-41d">
         <name>PRCMLPDSRestoreInfoSet</name>
         <value>0x2000e021</value>
         <object_component_ref idref="oc-22b"/>
      </symbol>
      <symbol id="sm-41e">
         <name>PRCMLPDSWakeUpGPIOSelect</name>
         <value>0x2000ea89</value>
         <object_component_ref idref="oc-169"/>
      </symbol>
      <symbol id="sm-41f">
         <name>PRCMLPDSWakeupCauseGet</name>
         <value>0x2000f0f7</value>
         <object_component_ref idref="oc-20e"/>
      </symbol>
      <symbol id="sm-420">
         <name>PRCMLPDSWakeupSourceDisable</name>
         <value>0x2000ee2f</value>
         <object_component_ref idref="oc-168"/>
      </symbol>
      <symbol id="sm-421">
         <name>PRCMLPDSWakeupSourceEnable</name>
         <value>0x2000ebc5</value>
         <object_component_ref idref="oc-167"/>
      </symbol>
      <symbol id="sm-422">
         <name>PRCMPeripheralClkDisable</name>
         <value>0x2000eab3</value>
         <object_component_ref idref="oc-10e"/>
      </symbol>
      <symbol id="sm-423">
         <name>PRCMPeripheralClkEnable</name>
         <value>0x2000dc39</value>
         <object_component_ref idref="oc-10c"/>
      </symbol>
      <symbol id="sm-424">
         <name>PRCMPeripheralReset</name>
         <value>0x2000d9f1</value>
         <object_component_ref idref="oc-10d"/>
      </symbol>
      <symbol id="sm-425">
         <name>PRCMPeripheralStatusGet</name>
         <value>0x2000e195</value>
         <object_component_ref idref="oc-1a2"/>
      </symbol>
      <symbol id="sm-426">
         <name>PRCMSRAMRetentionEnable</name>
         <value>0x2000eb05</value>
         <object_component_ref idref="oc-202"/>
      </symbol>
      <symbol id="sm-427">
         <name>PRCMSleepEnter</name>
         <value>0x2000f163</value>
         <object_component_ref idref="oc-1c7"/>
      </symbol>
      <symbol id="sm-428">
         <name>PRCMSlowClkCtrFastGet</name>
         <value>0x2000e971</value>
         <object_component_ref idref="oc-1f9"/>
      </symbol>
      <symbol id="sm-429">
         <name>PRCMSysResetCauseGet</name>
         <value>0x2000d559</value>
         <object_component_ref idref="oc-105"/>
      </symbol>
      <symbol id="sm-447">
         <name>SysTickEnable</name>
         <value>0x2000f001</value>
         <object_component_ref idref="oc-1c5"/>
      </symbol>
      <symbol id="sm-448">
         <name>SysTickIntDisable</name>
         <value>0x2000f013</value>
         <object_component_ref idref="oc-1bc"/>
      </symbol>
      <symbol id="sm-449">
         <name>SysTickIntEnable</name>
         <value>0x2000f025</value>
         <object_component_ref idref="oc-1c6"/>
      </symbol>
      <symbol id="sm-44a">
         <name>SysTickPeriodSet</name>
         <value>0x2000eec3</value>
         <object_component_ref idref="oc-1c4"/>
      </symbol>
      <symbol id="sm-489">
         <name>TimerControlStall</name>
         <value>0x2000e48f</value>
         <object_component_ref idref="oc-1e1"/>
      </symbol>
      <symbol id="sm-48a">
         <name>TimerDisable</name>
         <value>0x2000ed19</value>
         <object_component_ref idref="oc-1da"/>
      </symbol>
      <symbol id="sm-48b">
         <name>TimerEnable</name>
         <value>0x2000ee63</value>
         <object_component_ref idref="oc-1e7"/>
      </symbol>
      <symbol id="sm-48c">
         <name>TimerIntClear</name>
         <value>0x2000f0ad</value>
         <object_component_ref idref="oc-1e4"/>
      </symbol>
      <symbol id="sm-48d">
         <name>TimerIntDisable</name>
         <value>0x2000eed9</value>
         <object_component_ref idref="oc-233"/>
      </symbol>
      <symbol id="sm-48e">
         <name>TimerIntEnable</name>
         <value>0x2000ef91</value>
         <object_component_ref idref="oc-1e5"/>
      </symbol>
      <symbol id="sm-48f">
         <name>TimerLoadSet</name>
         <value>0x2000e9a1</value>
         <object_component_ref idref="oc-1e0"/>
      </symbol>
      <symbol id="sm-490">
         <name>TimerPrescaleSet</name>
         <value>0x2000e9d1</value>
         <object_component_ref idref="oc-1df"/>
      </symbol>
      <symbol id="sm-49b">
         <name>UtilsDelay</name>
         <value>0x2000f17b</value>
         <object_component_ref idref="oc-106"/>
      </symbol>
      <symbol id="sm-4c8">
         <name>FlashDisable</name>
         <value>0x2000db25</value>
         <object_component_ref idref="oc-22d"/>
      </symbol>
      <symbol id="sm-4e8">
         <name>malloc</name>
         <value>0x2000f183</value>
         <object_component_ref idref="oc-1a3"/>
      </symbol>
      <symbol id="sm-4e9">
         <name>aligned_alloc</name>
         <value>0x2000ccb5</value>
         <object_component_ref idref="oc-1ed"/>
      </symbol>
      <symbol id="sm-4ea">
         <name>free</name>
         <value>0x2000cdd5</value>
         <object_component_ref idref="oc-179"/>
      </symbol>
      <symbol id="sm-4eb">
         <name>_sys_memory</name>
         <value>0x20004040</value>
         <object_component_ref idref="oc-31"/>
      </symbol>
      <symbol id="sm-4ec">
         <name>memalign</name>
         <value>0x2000ccb5</value>
         <object_component_ref idref="oc-1ed"/>
      </symbol>
      <symbol id="sm-4f7">
         <name>_c_int00_noargs</name>
         <value>0x2000ec31</value>
         <object_component_ref idref="oc-76"/>
      </symbol>
      <symbol id="sm-4f8">
         <name>__stack</name>
         <value>0x20003000</value>
         <object_component_ref idref="oc-16"/>
      </symbol>
      <symbol id="sm-504">
         <name>__TI_auto_init_nobinit_nopinit</name>
         <value>0x2000e735</value>
         <object_component_ref idref="oc-bf"/>
      </symbol>
      <symbol id="sm-50c">
         <name>_system_pre_init</name>
         <value>0x2000f1a9</value>
         <object_component_ref idref="oc-8b"/>
      </symbol>
      <symbol id="sm-517">
         <name>__TI_zero_init_nomemset</name>
         <value>0x2000f049</value>
         <object_component_ref idref="oc-43"/>
      </symbol>
      <symbol id="sm-520">
         <name>__TI_decompress_none</name>
         <value>0x2000f0dd</value>
         <object_component_ref idref="oc-1c"/>
      </symbol>
      <symbol id="sm-52a">
         <name>__TI_decompress_lzss</name>
         <value>0x2000d7d1</value>
         <object_component_ref idref="oc-18"/>
      </symbol>
      <symbol id="sm-534">
         <name>abort</name>
         <value>0x2000f1ad</value>
         <object_component_ref idref="oc-b8"/>
      </symbol>
      <symbol id="sm-535">
         <name>C$$EXIT</name>
         <value>0x2000f1ac</value>
         <object_component_ref idref="oc-b8"/>
      </symbol>
      <symbol id="sm-53e">
         <name>_nop</name>
         <value>0x2000dd9b</value>
         <object_component_ref idref="oc-158"/>
      </symbol>
      <symbol id="sm-53f">
         <name>_lock</name>
         <value>0x2000f838</value>
         <object_component_ref idref="oc-fb"/>
      </symbol>
      <symbol id="sm-540">
         <name>_unlock</name>
         <value>0x2000f83c</value>
         <object_component_ref idref="oc-fe"/>
      </symbol>
      <symbol id="sm-547">
         <name>__aeabi_memcpy</name>
         <value>0x2000f1a5</value>
         <object_component_ref idref="oc-3c"/>
      </symbol>
      <symbol id="sm-548">
         <name>__aeabi_memcpy4</name>
         <value>0x2000f1a5</value>
         <object_component_ref idref="oc-3c"/>
      </symbol>
      <symbol id="sm-549">
         <name>__aeabi_memcpy8</name>
         <value>0x2000f1a5</value>
         <object_component_ref idref="oc-3c"/>
      </symbol>
      <symbol id="sm-54f">
         <name>__aeabi_uldivmod</name>
         <value>0x2000efa5</value>
         <object_component_ref idref="oc-1b8"/>
      </symbol>
      <symbol id="sm-555">
         <name>__udivmoddi4</name>
         <value>0x2000d055</value>
         <object_component_ref idref="oc-1fa"/>
      </symbol>
      <symbol id="sm-55f">
         <name>__aeabi_ldiv0</name>
         <value>0x2000dc93</value>
         <object_component_ref idref="oc-221"/>
      </symbol>
      <symbol id="sm-567">
         <name>TI_memcpy_small</name>
         <value>0x2000f037</value>
         <object_component_ref idref="oc-81"/>
      </symbol>
      <symbol id="sm-568">
         <name>__TI_static_base__</name>
         <value>0x2000fef0</value>
      </symbol>
      <symbol id="sm-56b">
         <name>ITM_flush</name>
         <value>0x0</value>
      </symbol>
      <symbol id="sm-56c">
         <name>ITM_restore</name>
         <value>0x0</value>
      </symbol>
      <symbol id="sm-56d">
         <name>__mpu_init</name>
         <value>0x0</value>
      </symbol>
      <symbol id="sm-56e">
         <name>_system_post_cinit</name>
         <value>0x0</value>
      </symbol>
   </symbol_table>
   <title>Link successful</title>
</link_info>
