******************************************************************************
            TI ARM Clang Linker PC v3.2.0                      
******************************************************************************
>> Linked Sun Nov 26 17:10:17 2023

OUTPUT FILE NAME:   <gpiointerrupt_CC3220S_LAUNCHXL_nortos_ticlang.out>
ENTRY POINT SYMBOL: "resetISR"  address: 2000edc5


MEMORY CONFIGURATION

         name            origin    length      used     unused   attr    fill
----------------------  --------  ---------  --------  --------  ----  --------
  SRAM2                 20000000   00004000  0000130c  00002cf4  RW X
  SRAM                  20004000   0003c000  0000bfed  00030013  RW X
  LOG_DATA              90000000   00040000  00000000  00040000  R   
  LOG_PTR               94000008   00040000  00000000  00040000  R   


SEGMENT ALLOCATION MAP

run origin  load origin   length   init length attrs members
----------  ----------- ---------- ----------- ----- -------
20003000    20003000    00001000   00000000    rw-
  20003000    20003000    00001000   00000000    rw- .stack
20004000    20004000    00000040   00000040    r--
  20004000    20004000    00000040   00000040    r-- .resetVecs
20004040    20004040    00008000   00000000    rw-
  20004040    20004040    00008000   00000000    rw- .sysmem
2000c040    2000c040    00003170   00003170    r-x
  2000c040    2000c040    00003170   00003170    r-x .text
2000f1b0    2000f1b0    00000695   00000000    rw-
  2000f1b0    2000f1b0    00000695   00000000    rw- .data
2000f848    2000f848    000003cc   000003cc    r--
  2000f848    2000f848    000003cc   000003cc    r-- .rodata
2000fc18    2000fc18    000002d8   00000000    rw-
  2000fc18    2000fc18    000002d8   00000000    rw- .bss
2000fef0    2000fef0    00000104   00000104    r--
  2000fef0    2000fef0    00000104   00000104    r-- .cinit


SECTION ALLOCATION MAP

 output                                  attributes/
section   page    origin      length       input sections
--------  ----  ----------  ----------   ----------------
.text      0    2000c040    00003170     
                  2000c040    000004b8     driverlib.a : prcm.obj (.text.PRCMCC3200MCUInit)
                  2000c4f8    000003e4     drivers_cc32xx.a : PowerCC32XX.c.obj (.text.Power_sleep)
                  2000c8dc    00000150     nortos_cc32xx.a : PowerCC32XX_nortos.c.obj (.text.PowerCC32XX_sleepPolicy)
                  2000ca2c    00000148     drivers_cc32xx.a : TimerCC32XX.c.obj (.text.Timer_open)
                  2000cb74    00000140                      : GPIOCC32XX.c.obj (.text.GPIO_setConfig)
                  2000ccb4    00000120     libc.a : memory.c.obj (.text.aligned_alloc)
                  2000cdd4    000000f0            : memory.c.obj (.text.free)
                  2000cec4    000000c8     driverlib.a : interrupt.obj (.text.IntDisable)
                  2000cf8c    000000c8                 : interrupt.obj (.text.IntEnable)
                  2000d054    000000b0     libclang_rt.builtins.a : udivmoddi4.S.obj (.text)
                  2000d104    000000ac     driverlib.a : gpio.obj (.text.GPIOIntTypeSet)
                  2000d1b0    000000a4                 : interrupt.obj (.text.IntPendSet)
                  2000d254    000000a2                 : pin.obj (.text.PinConfigSet)
                  2000d2f6    00000002     ti_drivers_config.o (.text.Board_initHook)
                  2000d2f8    0000009c     gpiointerrupt.o (.text.SOSPattern)
                  2000d394    00000098     nortos_cc32xx.a : SemaphoreP_nortos.c.obj (.text.SemaphoreP_pend)
                  2000d42c    00000004                     : ClockPSysTick_nortos.c.obj (.text.ClockP_doTick)
                  2000d430    00000096     drivers_cc32xx.a : PowerCC32XX_ticlang.asm.obj (.text)
                  2000d4c6    00000002     nortos_cc32xx.a : PowerCC32XX_nortos.c.obj (.text.PowerCC32XX_initPolicy)
                  2000d4c8    00000090     drivers_cc32xx.a : GPIOCC32XX.c.obj (.text.GPIO_init)
                  2000d558    0000008e     driverlib.a : prcm.obj (.text.PRCMSysResetCauseGet)
                  2000d5e6    00000002     nortos_cc32xx.a : SemaphoreP_nortos.c.obj (.text.SemaphoreP_destruct)
                  2000d5e8    00000088     drivers_cc32xx.a : PowerCC32XX.c.obj (.text.PowerCC32XX_configureWakeup)
                  2000d670    00000078                      : PowerCC32XX.c.obj (.text.Power_init)
                  2000d6e8    00000074     nortos_cc32xx.a : HwiPCC32XX_nortos.c.obj (.text.HwiP_construct)
                  2000d75c    00000074     driverlib.a : prcm.obj (.text.PRCMHibernateWakeUpGPIOSelect)
                  2000d7d0    00000070     libc.a : copy_decompress_lzss.c.obj (.text:decompress:lzss)
                  2000d840    0000006c     driverlib.a : pin.obj (.text.PinLockLevelSet)
                  2000d8ac    0000006c     drivers_cc32xx.a : PowerCC32XX.c.obj (.text.Power_setDependency)
                  2000d918    0000006c                      : GPIOCC32XX.c.obj (.text.powerNotifyFxn)
                  2000d984    0000006c     libc.a : memory.c.obj (.text.split)
                  2000d9f0    0000006a     driverlib.a : prcm.obj (.text.PRCMPeripheralReset)
                  2000da5a    00000068                 : interrupt.obj (.text.IntPendClear)
                  2000dac2    00000002     drivers_cc32xx.a : Timer.c.obj (.text.Timer_init)
                  2000dac4    00000060                      : GPIOCC32XX.c.obj (.text.GPIO_write)
                  2000db24    0000005c     driverlib.a : flash.obj (.text.FlashDisable)
                  2000db80    0000005c                 : prcm.obj (.text.PRCMHibernateWakeupSourceDisable)
                  2000dbdc    0000005c     drivers_cc32xx.a : TimerCC32XX.c.obj (.text.TimerCC32XX_allocateTimerResource)
                  2000dc38    0000005a     driverlib.a : prcm.obj (.text.PRCMPeripheralClkEnable)
                  2000dc92    00000002     libclang_rt.builtins.a : aeabi_div0.c.obj (.text.__aeabi_ldiv0)
                  2000dc94    00000058     nortos_cc32xx.a : ClockPSysTick_nortos.c.obj (.text.ClockP_startup)
                  2000dcec    00000058     driverlib.a : interrupt.obj (.text.IntPrioritySet)
                  2000dd44    00000056                 : prcm.obj (.text.PRCMLPDSEnter)
                  2000dd9a    00000002     libc.a : _lock.c.obj (.text._nop)
                  2000dd9c    00000054     drivers_cc32xx.a : PowerCC32XX.c.obj (.text.PowerCC32XX_setParkState)
                  2000ddf0    00000054                      : PowerCC32XX.c.obj (.text.Power_releaseDependency)
                  2000de44    00000050                      : GPIOCC32XX.c.obj (.text.GPIO_hwiIntFxn)
                  2000de94    00000050     driverlib.a : prcm.obj (.text.PRCMHibernateWakeupSourceEnable)
                  2000dee4    00000050     nortos_cc32xx.a : SemaphoreP_nortos.c.obj (.text.SemaphoreP_construct)
                  2000df34    00000050     gpiointerrupt.o (.text.TimerCallback)
                  2000df84    00000050     gpiointerrupt.o (.text.mainThread)
                  2000dfd4    0000004c     drivers_cc32xx.a : GPIOCC32XX.c.obj (.text.GPIO_setInterruptConfig)
                  2000e020    0000004c     driverlib.a : prcm.obj (.text.PRCMLPDSRestoreInfoSet)
                  2000e06c    0000004c     drivers_cc32xx.a : TimerCC32XX.c.obj (.text.initHw)
                  2000e0b8    0000004a                      : TimerCC32XX.c.obj (.text.getPrescaler)
                  2000e102    00000002     nortos_cc32xx.a : startup_cc32xx_ticlang.c.obj (.text.busFaultHandler)
                  2000e104    00000048                     : ClockPSysTick_nortos.c.obj (.text.ClockP_sysTickHandler)
                  2000e14c    00000048     driverlib.a : prcm.obj (.text.PRCMIntEnable)
                  2000e194    00000048                 : prcm.obj (.text.PRCMPeripheralStatusGet)
                  2000e1dc    00000048                 : pin.obj (.text.PinConfigGet)
                  2000e224    00000048     gpiointerrupt.o (.text.initTimer)
                  2000e26c    00000046     driverlib.a : prcm.obj (.text.PRCMLPDSEnterKeepDebugIf)
                  2000e2b2    00000044                 : gpio.obj (.text.GPIODirModeSet)
                  2000e2f6    00000002     nortos_cc32xx.a : SemaphoreP_nortos.c.obj (.text.clkFxn)
                  2000e2f8    00000044     drivers_cc32xx.a : GPIOCC32XX.c.obj (.text.GPIO_disableInt)
                  2000e33c    00000044                      : GPIOCC32XX.c.obj (.text.GPIO_enableInt)
                  2000e380    00000044                      : PowerCC32XX.c.obj (.text.Power_releaseConstraint)
                  2000e3c4    00000044                      : Timer.c.obj (.text.Timer_start)
                  2000e408    00000044     nortos_cc32xx.a : ClockPSysTick_nortos.c.obj (.text.addToList)
                  2000e44c    00000042     driverlib.a : pin.obj (.text.PinModeSet)
                  2000e48e    00000042                 : timer.obj (.text.TimerControlStall)
                  2000e4d0    00000042     drivers_cc32xx.a : TimerCC32XX.c.obj (.text.Timer_close)
                  2000e512    00000042     nortos_cc32xx.a : PowerCC32XX_nortos.c.obj (.text.getCountsRTC)
                  2000e554    00000040                     : SemaphoreP_nortos.c.obj (.text.SemaphoreP_post)
                  2000e594    00000040     drivers_cc32xx.a : Timer.c.obj (.text.Timer_stop)
                  2000e5d4    0000003e     driverlib.a : pin.obj (.text.PinDirModeSet)
                  2000e612    00000002     nortos_cc32xx.a : startup_cc32xx_ticlang.c.obj (.text.defaultHandler)
                  2000e614    0000003c                     : ClockPSysTick_nortos.c.obj (.text.ClockP_stop)
                  2000e650    0000003a     drivers_cc32xx.a : TimerCC32XX.c.obj (.text.TimerSupport_timerEnable)
                  2000e68a    00000002     nortos_cc32xx.a : startup_cc32xx_ticlang.c.obj (.text.faultISR)
                  2000e68c    00000038                     : ClockPSysTick_nortos.c.obj (.text.ClockP_destruct)
                  2000e6c4    00000038     drivers_cc32xx.a : PowerCC32XX.c.obj (.text.Power_setConstraint)
                  2000e6fc    00000038     nortos_cc32xx.a : SwiP_nortos.c.obj (.text.SwiP_restore)
                  2000e734    00000038     libc.a : autoinit.c.obj (.text:__TI_auto_init_nobinit_nopinit)
                  2000e76c    00000036     driverlib.a : pin.obj (.text.PinLock)
                  2000e7a2    00000036     drivers_cc32xx.a : TimerCC32XX.c.obj (.text.TimerCC32XX_hwiIntFunction)
                  2000e7d8    00000034     nortos_cc32xx.a : ClockPSysTick_nortos.c.obj (.text.ClockP_start)
                  2000e80c    00000034     driverlib.a : pin.obj (.text.PinDirModeGet)
                  2000e840    00000034                 : pin.obj (.text.PinModeGet)
                  2000e874    00000034     drivers_cc32xx.a : PowerCC32XX.c.obj (.text.PowerCC32XX_parkPin)
                  2000e8a8    00000034                      : TimerCC32XX.c.obj (.text.TimerCC32XX_freeTimerResource)
                  2000e8dc    00000034     nortos_cc32xx.a : startup_cc32xx_ticlang.c.obj (.text.initVectors)
                  2000e910    00000030                     : ClockPSysTick_nortos.c.obj (.text.ClockP_getTicksUntilInterrupt)
                  2000e940    00000030     driverlib.a : prcm.obj (.text.PRCMLPDSIntervalSet)
                  2000e970    00000030                 : prcm.obj (.text.PRCMSlowClkCtrFastGet)
                  2000e9a0    00000030                 : timer.obj (.text.TimerLoadSet)
                  2000e9d0    00000030                 : timer.obj (.text.TimerPrescaleSet)
                  2000ea00    00000030     drivers_cc32xx.a : PowerCC32XX.c.obj (.text.notify)
                  2000ea30    0000002e     driverlib.a : gpio.obj (.text.GPIOIntStatus)
                  2000ea5e    0000002a     nortos_cc32xx.a : HwiPCC32XX_nortos.c.obj (.text.HwiP_create)
                  2000ea88    0000002a     driverlib.a : prcm.obj (.text.PRCMLPDSWakeUpGPIOSelect)
                  2000eab2    0000002a                 : prcm.obj (.text.PRCMPeripheralClkDisable)
                  2000eadc    00000028     drivers_cc32xx.a : List.c.obj (.text.List_remove)
                  2000eb04    00000028     driverlib.a : prcm.obj (.text.PRCMSRAMRetentionEnable)
                  2000eb2c    00000028     drivers_cc32xx.a : TimerCC32XX.c.obj (.text.TimerSupport_timerDisable)
                  2000eb54    00000028     libc.a : memory.c.obj (.text.free_list_insert)
                  2000eb7c    00000024     driverlib.a : interrupt.obj (.text.IntUnregister)
                  2000eba0    00000024     drivers_cc32xx.a : List.c.obj (.text.List_put)
                  2000ebc4    00000024     driverlib.a : prcm.obj (.text.PRCMLPDSWakeupSourceEnable)
                  2000ebe8    00000024     drivers_cc32xx.a : PowerCC32XX.c.obj (.text.PowerCC32XX_restoreParkedPin)
                  2000ec0c    00000024                      : PowerCC32XX.c.obj (.text.Power_registerNotify)
                  2000ec30    00000024     libc.a : boot_cortex_m.c.obj (.text:_c_int00_noargs)
                  2000ec54    00000022     driverlib.a : gpio.obj (.text.GPIOPinWrite)
                  2000ec76    00000022                 : pin.obj (.text.PinUnlock)
                  2000ec98    00000020                 : interrupt.obj (.text.IntRegister)
                  2000ecb8    00000020     drivers_cc32xx.a : PowerCC32XX.c.obj (.text.Power_unregisterNotify)
                  2000ecd8    00000020     nortos_cc32xx.a : SemaphoreP_nortos.c.obj (.text.SemaphoreP_constructBinary)
                  2000ecf8    00000020                     : SemaphoreP_nortos.c.obj (.text.SemaphoreP_createBinary)
                  2000ed18    00000020     driverlib.a : timer.obj (.text.TimerDisable)
                  2000ed38    0000001c     drivers_cc32xx.a : GPIO.c.obj (.text.GPIO_setCallback)
                  2000ed54    0000001c     nortos_cc32xx.a : HwiPCC32XX_nortos.c.obj (.text.HwiP_dispatch)
                  2000ed70    0000001c                     : SwiP_nortos.c.obj (.text.SwiP_disable)
                  2000ed8c    0000001c     libc.a : memory.c.obj (.text.free_list_remove)
                  2000eda8    0000001c     drivers_cc32xx.a : TimerCC32XX.c.obj (.text.getPowerMgrId)
                  2000edc4    0000001c     nortos_cc32xx.a : startup_cc32xx_ticlang.c.obj (.text.resetISR)
                  2000ede0    0000001a     driverlib.a : gpio.obj (.text.GPIOIntDisable)
                  2000edfa    0000001a                 : prcm.obj (.text.PRCMHIBRegRead)
                  2000ee14    0000001a                 : prcm.obj (.text.PRCMHIBRegWrite)
                  2000ee2e    0000001a                 : prcm.obj (.text.PRCMLPDSWakeupSourceDisable)
                  2000ee48    0000001a                 : pin.obj (.text.PinToPadGet)
                  2000ee62    0000001a                 : timer.obj (.text.TimerEnable)
                  2000ee7c    00000018                 : gpio.obj (.text.GPIOIntEnable)
                  2000ee94    00000018     nortos_cc32xx.a : SemaphoreP_nortos.c.obj (.text.SemaphoreP_create)
                  2000eeac    00000016     ti_drivers_config.o (.text.Board_init)
                  2000eec2    00000016     driverlib.a : systick.obj (.text.SysTickPeriodSet)
                  2000eed8    00000016                 : timer.obj (.text.TimerIntDisable)
                  2000eeee    00000002     nortos_cc32xx.a : startup_cc32xx_ticlang.c.obj (.text.nmiISR)
                  2000eef0    00000014     gpiointerrupt.o (.text.ButtonCallback)
                  2000ef04    00000014     driverlib.a : cpu.obj (.text.CPUcpsid)
                  2000ef18    00000014                 : cpu.obj (.text.CPUcpsie)
                  2000ef2c    00000014     nortos_cc32xx.a : HwiPCC32XX_nortos.c.obj (.text.HwiP_destruct)
                  2000ef40    00000014     driverlib.a : interrupt.obj (.text.IntVTableBaseSet)
                  2000ef54    00000014     drivers_cc32xx.a : PowerCC32XX.c.obj (.text.Power_disablePolicy)
                  2000ef68    00000014                      : PowerCC32XX.c.obj (.text.Power_getTransitionLatency)
                  2000ef7c    00000014                      : PowerCC32XX.c.obj (.text.Power_idleFunc)
                  2000ef90    00000014     driverlib.a : timer.obj (.text.TimerIntEnable)
                  2000efa4    00000014     libclang_rt.builtins.a : aeabi_uldivmod.S.obj (.text.__aeabi_uldivmod)
                  2000efb8    00000012     nortos_cc32xx.a : ClockPSysTick_nortos.c.obj (.text.ClockP_add)
                  2000efca    00000012     driverlib.a : gpio.obj (.text.GPIOIntClear)
                  2000efdc    00000012     nortos_cc32xx.a : HwiPCC32XX_nortos.c.obj (.text.HwiP_Params_init)
                  2000efee    00000012                     : HwiPCC32XX_nortos.c.obj (.text.HwiP_delete)
                  2000f000    00000012     driverlib.a : systick.obj (.text.SysTickEnable)
                  2000f012    00000012                 : systick.obj (.text.SysTickIntDisable)
                  2000f024    00000012                 : systick.obj (.text.SysTickIntEnable)
                  2000f036    00000012     libc.a : memcpy_t2.S.obj (.text:TI_memcpy_small)
                  2000f048    00000012            : copy_zero_init.c.obj (.text:decompress:ZI:__TI_zero_init_nomemset)
                  2000f05a    00000002     --HOLE-- [fill = 0]
                  2000f05c    00000010     nortos_cc32xx.a : ClockPSysTick_nortos.c.obj (.text.ClockP_getCpuFreq)
                  2000f06c    00000010                     : ClockPSysTick_nortos.c.obj (.text.ClockP_getSystemTicks)
                  2000f07c    00000010                     : ClockPSysTick_nortos.c.obj (.text.ClockP_setTicks)
                  2000f08c    00000010                     : HwiPCC32XX_nortos.c.obj (.text.HwiP_inISR)
                  2000f09c    00000010     drivers_cc32xx.a : PowerCC32XX.c.obj (.text.Power_enablePolicy)
                  2000f0ac    00000010     driverlib.a : timer.obj (.text.TimerIntClear)
                  2000f0bc    00000010     drivers_cc32xx.a : Timer.c.obj (.text.Timer_Params_init)
                  2000f0cc    00000010     main_nortos.o (.text.main)
                  2000f0dc    0000000e     libc.a : copy_decompress_none.c.obj (.text:decompress:none)
                  2000f0ea    0000000c     driverlib.a : cpu.obj (.text.CPUwfi)
                  2000f0f6    0000000c                 : prcm.obj (.text.PRCMLPDSWakeupCauseGet)
                  2000f102    00000002     --HOLE-- [fill = 0]
                  2000f104    0000000c     drivers_cc32xx.a : PowerCC32XX.c.obj (.text.Power_getConstraintMask)
                  2000f110    0000000c                      : TimerCC32XX.c.obj (.text.postNotifyFxn)
                  2000f11c    0000000a     nortos_cc32xx.a : ClockPSysTick_nortos.c.obj (.text.ClockP_isActive)
                  2000f126    0000000a     driverlib.a : interrupt.obj (.text.IntMasterDisable)
                  2000f130    0000000a                 : interrupt.obj (.text.IntMasterEnable)
                  2000f13a    00000008     gpiointerrupt.o (.text.GreenOff)
                  2000f142    00000008     gpiointerrupt.o (.text.GreenOn)
                  2000f14a    00000008     nortos_cc32xx.a : HwiPCC32XX_nortos.c.obj (.text.HwiP_disable)
                  2000f152    00000008                     : HwiPCC32XX_nortos.c.obj (.text.HwiP_restore)
                  2000f15a    00000008     gpiointerrupt.o (.text.OUTLINED_FUNCTION_0)
                  2000f162    00000008     driverlib.a : prcm.obj (.text.PRCMSleepEnter)
                  2000f16a    00000008     gpiointerrupt.o (.text.RedOff)
                  2000f172    00000008     gpiointerrupt.o (.text.RedOn)
                  2000f17a    00000008     driverlib.a : utils.obj (.text.UtilsDelay)
                  2000f182    00000008     libc.a : memory.c.obj (.text.malloc)
                  2000f18a    00000004     nortos_cc32xx.a : HwiPCC32XX_nortos.c.obj (.text.HwiP_clearInterrupt)
                  2000f18e    00000004                     : HwiPCC32XX_nortos.c.obj (.text.HwiP_enable)
                  2000f192    00000004                     : HwiPCC32XX_nortos.c.obj (.text.HwiP_post)
                  2000f196    00000004     driverlib.a : interrupt.obj (.text.IntDefaultHandler)
                  2000f19a    00000004     nortos_cc32xx.a : NoRTOS.c.obj (.text.NoRTOS_start)
                  2000f19e    00000004                     : SemaphoreP_nortos.c.obj (.text.SemaphoreP_delete)
                  2000f1a2    00000002     --HOLE-- [fill = 0]
                  2000f1a4    00000004     libclang_rt.builtins.a : aeabi_memcpy.S.obj (.text.__aeabi_memcpy)
                  2000f1a8    00000004     libc.a : pre_init.c.obj (.text._system_pre_init)
                  2000f1ac    00000004            : exit.c.obj (.text:abort)

.ramVecs   0    20000000    0000030c     NOLOAD SECTION
                  20000000    0000030c     nortos_cc32xx.a : startup_cc32xx_ticlang.c.obj (.ramVecs)

.stack     0    20003000    00001000     UNINITIALIZED
                  20003000    00000004     libc.a : boot_cortex_m.c.obj (.stack)
                  20003004    00000ffc     --HOLE--

.resetVecs 
*          0    20004000    00000040     
                  20004000    00000040     nortos_cc32xx.a : startup_cc32xx_ticlang.c.obj (.resetVecs)

.sysmem    0    20004040    00008000     UNINITIALIZED
                  20004040    00000010     libc.a : memory.c.obj (.sysmem)
                  20004050    00007ff0     --HOLE--

.rodata    0    2000f848    000003cc     
                  2000f848    00000100     driverlib.a : pin.obj (.rodata.g_ulPinToPadMap)
                  2000f948    000000d4                 : interrupt.obj (.rodata.g_pulRegs)
                  2000fa1c    000000a8                 : prcm.obj (.rodata.PRCM_PeriphRegsList)
                  2000fac4    00000044     ti_drivers_config.o (.rodata.PowerCC32XX_config)
                  2000fb08    00000028     drivers_cc32xx.a : GPIOCC32XX.c.obj (.rodata.portConfigs)
                  2000fb30    00000021                      : GPIOCC32XX.c.obj (.rodata.pinTable)
                  2000fb51    00000001     ti_drivers_config.o (.rodata.GPIO_pinUpperBound)
                  2000fb52    00000001     ti_drivers_config.o (.rodata.Timer_count)
                  2000fb53    00000001     --HOLE-- [fill = 0]
                  2000fb54    00000018     driverlib.a : interrupt.obj (.rodata.g_pulDisRegs)
                  2000fb6c    00000018                 : interrupt.obj (.rodata.g_pulEnRegs)
                  2000fb84    00000018                 : interrupt.obj (.rodata.g_pulPendRegs)
                  2000fb9c    00000018                 : interrupt.obj (.rodata.g_pulUnpendRegs)
                  2000fbb4    00000012     gpiointerrupt.o (.rodata.str1.119337933097536889411)
                  2000fbc6    00000002     --HOLE-- [fill = 0]
                  2000fbc8    00000010     ti_drivers_config.o (.rodata.GPIO_config)
                  2000fbd8    00000010     ti_drivers_config.o (.rodata.timerCC32XXHWAttrs)
                  2000fbe8    0000000c     drivers_cc32xx.a : Timer.c.obj (.rodata.defaultParams)
                  2000fbf4    0000000c                      : TimerCC32XX.c.obj (.rodata.defaultParams)
                  2000fc00    0000000c     gpiointerrupt.o (.rodata.str1.149745159178111864791)
                  2000fc0c    00000008     ti_drivers_config.o (.rodata.Timer_config)

.cinit     0    2000fef0    00000104     
                  2000fef0    000000df     (.cinit..data.load) [load image, compression = lzss]
                  2000ffcf    00000001     --HOLE-- [fill = 0]
                  2000ffd0    0000000c     (__TI_handler_table)
                  2000ffdc    00000008     (.cinit..bss.load) [load image, compression = zero_init]
                  2000ffe4    00000010     (__TI_cinit_table)

.init_array 
*          0    20004000    00000000     UNINITIALIZED

.data      0    2000f1b0    00000695     UNINITIALIZED
                  2000f1b0    0000030c     nortos_cc32xx.a : HwiPCC32XX_nortos.c.obj (.data.HwiP_dispatchTable)
                  2000f4bc    0000016c     drivers_cc32xx.a : PowerCC32XX.c.obj (.data.PowerCC32XX_module)
                  2000f628    000000f8     ti_drivers_config.o (.data.parkInfo)
                  2000f720    00000084     ti_drivers_config.o (.data.gpioPinConfigs)
                  2000f7a4    0000004c     nortos_cc32xx.a : SwiP_nortos.c.obj (.data..L_MergedGlobals)
                  2000f7f0    00000018     drivers_cc32xx.a : GPIOCC32XX.c.obj (.data..L_MergedGlobals)
                  2000f808    00000014     gpiointerrupt.o (.data..L_MergedGlobals)
                  2000f81c    00000004     nortos_cc32xx.a : HwiPCC32XX_nortos.c.obj (.data.HwiP_swiPIntNum)
                  2000f820    00000010                     : SemaphoreP_nortos.c.obj (.data..L_MergedGlobals)
                  2000f830    00000008                     : ClockPSysTick_nortos.c.obj (.data..L_MergedGlobals)
                  2000f838    00000004     libc.a : _lock.c.obj (.data._lock)
                  2000f83c    00000004            : _lock.c.obj (.data._unlock)
                  2000f840    00000001     drivers_cc32xx.a : GPIOCC32XX.c.obj (.data.initCalled)
                  2000f841    00000001                      : GPIOCC32XX.c.obj (.data.portHwiCreatedBitMask)
                  2000f842    00000002     --HOLE--
                  2000f844    00000001     libc.a : memory.c.obj (.data.memory_is_initialized)

.bss       0    2000fc18    000002d8     UNINITIALIZED
                  2000fc18    0000012c     (.common:PowerCC32XX_contextSave)
                  2000fd44    00000084     (.common:gpioCallbackFunctions)
                  2000fdc8    00000084     (.common:gpioUserArgs)
                  2000fe4c    00000084     (.common:timerCC32XXObjects)
                  2000fed0    00000010     (.common:ClockP_ctrl)
                  2000fee0    00000004     nortos_cc32xx.a : ClockPSysTick_nortos.c.obj (.bss.sysTickPeriod)
                  2000fee4    00000004     libc.a : memory.c.obj (.bss.sys_free)
                  2000fee8    00000004     drivers_cc32xx.a : TimerCC32XX.c.obj (.bss.timerState.0)
                  2000feec    00000004     (.common:Timer_tickPeriod)

.log_data 
*          0    90000000    00000000     COPY SECTION

.log_ptr   0    94000008    00000000     COPY SECTION

__llvm_prf_cnts 
*          0    20004000    00000000     UNINITIALIZED

__llvm_prf_bits 
*          0    20004000    00000000     UNINITIALIZED

MODULE SUMMARY

       Module                         code    ro data   rw data
       ------                         ----    -------   -------
    .\
       gpiointerrupt.o                448     30        24     
       main_nortos.o                  16      0         0      
    +--+------------------------------+-------+---------+---------+
       Total:                         464     30        24     
                                                               
    .\syscfg\
       ti_drivers_config.o            24      110       776    
    +--+------------------------------+-------+---------+---------+
       Total:                         24      110       776    
                                                               
    C:/ti/simplelink_cc32xx_sdk_7_10_00_13/kernel/nortos/lib/ticlang/m4/nortos_cc32xx.a
       HwiPCC32XX_nortos.c.obj        286     0         784    
       startup_cc32xx_ticlang.c.obj   88      64        780    
       ClockPSysTick_nortos.c.obj     524     0         28     
       SemaphoreP_nortos.c.obj        392     0         16     
       PowerCC32XX_nortos.c.obj       404     0         0      
       SwiP_nortos.c.obj              84      0         76     
       NoRTOS.c.obj                   4       0         0      
    +--+------------------------------+-------+---------+---------+
       Total:                         1782    64        1684   
                                                               
    C:/ti/simplelink_cc32xx_sdk_7_10_00_13/source/ti/devices/cc32xx/driverlib/ticlang/Release/driverlib.a
       prcm.obj                       2564    168       0      
       interrupt.obj                  868     308       0      
       pin.obj                        688     256       0      
       gpio.obj                       388     0         0      
       timer.obj                      278     0         0      
       flash.obj                      92      0         0      
       systick.obj                    76      0         0      
       cpu.obj                        52      0         0      
       utils.obj                      8       0         0      
    +--+------------------------------+-------+---------+---------+
       Total:                         5014    732       0      
                                                               
    C:/ti/simplelink_cc32xx_sdk_7_10_00_13/source/ti/drivers/lib/ticlang/m4/drivers_cc32xx.a
       PowerCC32XX.c.obj              1944    0         664    
       GPIOCC32XX.c.obj               960     73        26     
       TimerCC32XX.c.obj              880     12        4      
       Timer.c.obj                    150     12        0      
       PowerCC32XX_ticlang.asm.obj    150     0         0      
       List.c.obj                     76      0         0      
       GPIO.c.obj                     28      0         0      
    +--+------------------------------+-------+---------+---------+
       Total:                         4188    97        694    
                                                               
    C:\ti\ccs1250\ccs\tools\compiler\ti-cgt-armllvm_3.2.0.LTS\lib\armv7em-ti-none-eabi/c/libc.a
       memory.c.obj                   712     0         5      
       copy_decompress_lzss.c.obj     112     0         0      
       autoinit.c.obj                 56      0         0      
       boot_cortex_m.c.obj            36      0         0      
       copy_zero_init.c.obj           18      0         0      
       memcpy_t2.S.obj                18      0         0      
       copy_decompress_none.c.obj     14      0         0      
       _lock.c.obj                    2       0         8      
       exit.c.obj                     4       0         0      
       pre_init.c.obj                 4       0         0      
    +--+------------------------------+-------+---------+---------+
       Total:                         976     0         13     
                                                               
    C:\ti\ccs1250\ccs\tools\compiler\ti-cgt-armllvm_3.2.0.LTS\lib\clang/15.0.7/lib/armv7em-ti-none-eabi/libclang_rt.builtins.a
       udivmoddi4.S.obj               176     0         0      
       aeabi_uldivmod.S.obj           20      0         0      
       aeabi_memcpy.S.obj             4       0         0      
       aeabi_div0.c.obj               2       0         0      
    +--+------------------------------+-------+---------+---------+
       Total:                         202     0         0      
                                                               
       Heap:                          0       0         32768  
       Stack:                         0       0         4096   
       Linker Generated:              0       259       0      
    +--+------------------------------+-------+---------+---------+
       Grand Total:                   12650   1292      40055  


LINKER GENERATED COPY TABLES

__TI_cinit_table @ 2000ffe4 records: 2, size/record: 8, table size: 16
	.data: load addr=2000fef0, load size=000000df bytes, run addr=2000f1b0, run size=00000695 bytes, compression=lzss
	.bss: load addr=2000ffdc, load size=00000008 bytes, run addr=2000fc18, run size=000002d8 bytes, compression=zero_init


LINKER GENERATED HANDLER TABLE

__TI_handler_table @ 2000ffd0 records: 3, size/record: 4, table size: 12
	index: 0, handler: __TI_decompress_lzss
	index: 1, handler: __TI_decompress_none
	index: 2, handler: __TI_zero_init


GLOBAL SYMBOLS: SORTED ALPHABETICALLY BY Name 

address   name                             
-------   ----                             
2000eead  Board_init                       
2000d2f7  Board_initHook                   
2000eef1  ButtonCallback                   
2000f1ac  C$$EXIT                          
2000ef05  CPUcpsid                         
2000ef19  CPUcpsie                         
2000f0eb  CPUwfi                           
2000efb9  ClockP_add                       
2000fed0  ClockP_ctrl                      
2000e68d  ClockP_destruct                  
2000d42d  ClockP_doTick                    
2000f05d  ClockP_getCpuFreq                
2000f06d  ClockP_getSystemTicks            
2000e911  ClockP_getTicksUntilInterrupt    
2000f11d  ClockP_isActive                  
2000f07d  ClockP_setTicks                  
2000e7d9  ClockP_start                     
2000dc95  ClockP_startup                   
2000e615  ClockP_stop                      
2000e105  ClockP_sysTickHandler            
2000f834  ClockP_tickPeriod                
2000db25  FlashDisable                     
2000e2b3  GPIODirModeSet                   
2000efcb  GPIOIntClear                     
2000ede1  GPIOIntDisable                   
2000ee7d  GPIOIntEnable                    
2000ea31  GPIOIntStatus                    
2000d105  GPIOIntTypeSet                   
2000ec55  GPIOPinWrite                     
2000fbc8  GPIO_config                      
2000e2f9  GPIO_disableInt                  
2000e33d  GPIO_enableInt                   
2000de45  GPIO_hwiIntFxn                   
2000d4c9  GPIO_init                        
2000fb51  GPIO_pinUpperBound               
2000ed39  GPIO_setCallback                 
2000cb75  GPIO_setConfig                   
2000dfd5  GPIO_setInterruptConfig          
2000dac5  GPIO_write                       
2000f13b  GreenOff                         
2000f143  GreenOn                          
2000efdd  HwiP_Params_init                 
2000f18b  HwiP_clearInterrupt              
2000d6e9  HwiP_construct                   
2000ea5f  HwiP_create                      
2000efef  HwiP_delete                      
2000ef2d  HwiP_destruct                    
2000f14b  HwiP_disable                     
2000ed55  HwiP_dispatch                    
2000f18f  HwiP_enable                      
2000f08d  HwiP_inISR                       
2000f193  HwiP_post                        
2000f153  HwiP_restore                     
2000f81c  HwiP_swiPIntNum                  
UNDEFED   ITM_flush                        
UNDEFED   ITM_restore                      
2000cec5  IntDisable                       
2000cf8d  IntEnable                        
2000f127  IntMasterDisable                 
2000f131  IntMasterEnable                  
2000da5b  IntPendClear                     
2000d1b1  IntPendSet                       
2000dced  IntPrioritySet                   
2000ec99  IntRegister                      
2000eb7d  IntUnregister                    
2000ef41  IntVTableBaseSet                 
2000eba1  List_put                         
2000eadd  List_remove                      
2000f19b  NoRTOS_start                     
2000f818  OK_PATTERN                       
2000c041  PRCMCC3200MCUInit                
2000edfb  PRCMHIBRegRead                   
2000ee15  PRCMHIBRegWrite                  
2000d75d  PRCMHibernateWakeUpGPIOSelect    
2000db81  PRCMHibernateWakeupSourceDisable 
2000de95  PRCMHibernateWakeupSourceEnable  
2000e14d  PRCMIntEnable                    
2000dd45  PRCMLPDSEnter                    
2000e26d  PRCMLPDSEnterKeepDebugIf         
2000e941  PRCMLPDSIntervalSet              
2000e021  PRCMLPDSRestoreInfoSet           
2000ea89  PRCMLPDSWakeUpGPIOSelect         
2000f0f7  PRCMLPDSWakeupCauseGet           
2000ee2f  PRCMLPDSWakeupSourceDisable      
2000ebc5  PRCMLPDSWakeupSourceEnable       
2000eab3  PRCMPeripheralClkDisable         
2000dc39  PRCMPeripheralClkEnable          
2000d9f1  PRCMPeripheralReset              
2000e195  PRCMPeripheralStatusGet          
2000eb05  PRCMSRAMRetentionEnable          
2000f163  PRCMSleepEnter                   
2000e971  PRCMSlowClkCtrFastGet            
2000d559  PRCMSysResetCauseGet             
2000e1dd  PinConfigGet                     
2000d255  PinConfigSet                     
2000e80d  PinDirModeGet                    
2000e5d5  PinDirModeSet                    
2000e76d  PinLock                          
2000d841  PinLockLevelSet                  
2000e841  PinModeGet                       
2000e44d  PinModeSet                       
2000ee49  PinToPadGet                      
2000ec77  PinUnlock                        
2000fac4  PowerCC32XX_config               
2000d5e9  PowerCC32XX_configureWakeup      
2000fc18  PowerCC32XX_contextSave          
2000d431  PowerCC32XX_enterLPDS            
2000d4c7  PowerCC32XX_initPolicy           
2000f4bc  PowerCC32XX_module               
2000e875  PowerCC32XX_parkPin              
2000ebe9  PowerCC32XX_restoreParkedPin     
2000d475  PowerCC32XX_resumeLPDS           
2000dd9d  PowerCC32XX_setParkState         
2000c8dd  PowerCC32XX_sleepPolicy          
2000ef55  Power_disablePolicy              
2000f09d  Power_enablePolicy               
2000f105  Power_getConstraintMask          
2000ef69  Power_getTransitionLatency       
2000ef7d  Power_idleFunc                   
2000d671  Power_init                       
2000ec0d  Power_registerNotify             
2000e381  Power_releaseConstraint          
2000ddf1  Power_releaseDependency          
2000e6c5  Power_setConstraint              
2000d8ad  Power_setDependency              
2000c4f9  Power_sleep                      
2000ecb9  Power_unregisterNotify           
2000f16b  RedOff                           
2000f173  RedOn                            
2000d2f9  SOSPattern                       
2000f814  SOS_PATTERN                      
2000dee5  SemaphoreP_construct             
2000ecd9  SemaphoreP_constructBinary       
2000ee95  SemaphoreP_create                
2000ecf9  SemaphoreP_createBinary          
2000f828  SemaphoreP_defaultParams         
2000f19f  SemaphoreP_delete                
2000d5e7  SemaphoreP_destruct              
2000d395  SemaphoreP_pend                  
2000e555  SemaphoreP_post                  
2000ed71  SwiP_disable                     
2000e6fd  SwiP_restore                     
2000f001  SysTickEnable                    
2000f013  SysTickIntDisable                
2000f025  SysTickIntEnable                 
2000eec3  SysTickPeriodSet                 
2000f037  TI_memcpy_small                  
2000dbdd  TimerCC32XX_allocateTimerResource
2000e8a9  TimerCC32XX_freeTimerResource    
2000df35  TimerCallback                    
2000e48f  TimerControlStall                
2000ed19  TimerDisable                     
2000ee63  TimerEnable                      
2000f0ad  TimerIntClear                    
2000eed9  TimerIntDisable                  
2000ef91  TimerIntEnable                   
2000e9a1  TimerLoadSet                     
2000e9d1  TimerPrescaleSet                 
2000eb2d  TimerSupport_timerDisable        
2000e651  TimerSupport_timerEnable         
2000f0bd  Timer_Params_init                
2000e4d1  Timer_close                      
2000fc0c  Timer_config                     
2000fb52  Timer_count                      
2000dac3  Timer_init                       
2000ca2d  Timer_open                       
2000e3c5  Timer_start                      
2000e595  Timer_stop                       
2000feec  Timer_tickPeriod                 
2000f17b  UtilsDelay                       
20004000  __STACK_END                      
00001000  __STACK_SIZE                     
00008000  __SYSMEM_SIZE                    
00000000  __TI_ATRegion0_region_sz         
00000000  __TI_ATRegion0_src_addr          
00000000  __TI_ATRegion0_trg_addr          
00000000  __TI_ATRegion1_region_sz         
00000000  __TI_ATRegion1_src_addr          
00000000  __TI_ATRegion1_trg_addr          
00000000  __TI_ATRegion2_region_sz         
00000000  __TI_ATRegion2_src_addr          
00000000  __TI_ATRegion2_trg_addr          
2000ffe4  __TI_CINIT_Base                  
2000fff4  __TI_CINIT_Limit                 
2000fff4  __TI_CINIT_Warm                  
2000ffd0  __TI_Handler_Table_Base          
2000ffdc  __TI_Handler_Table_Limit         
2000e735  __TI_auto_init_nobinit_nopinit   
2000d7d1  __TI_decompress_lzss             
2000f0dd  __TI_decompress_none             
ffffffff  __TI_pprof_out_hndl              
ffffffff  __TI_prof_data_size              
ffffffff  __TI_prof_data_start             
2000fef0  __TI_static_base__               
2000f049  __TI_zero_init_nomemset          
2000dc93  __aeabi_ldiv0                    
2000f1a5  __aeabi_memcpy                   
2000f1a5  __aeabi_memcpy4                  
2000f1a5  __aeabi_memcpy8                  
2000efa5  __aeabi_uldivmod                 
ffffffff  __binit__                        
UNDEFED   __mpu_init                       
20003000  __stack                          
20004000  __start___llvm_prf_bits          
20004000  __start___llvm_prf_cnts          
20004000  __stop___llvm_prf_bits           
20004000  __stop___llvm_prf_cnts           
2000d055  __udivmoddi4                     
2000ec31  _c_int00_noargs                  
2000f838  _lock                            
2000dd9b  _nop                             
20004040  _sys_memory                      
UNDEFED   _system_post_cinit               
2000f1a9  _system_pre_init                 
2000f83c  _unlock                          
2000f1ad  abort                            
2000ccb5  aligned_alloc                    
2000f80a  allowTransition                  
ffffffff  binit                            
2000e2f7  clkFxn                           
2000f80b  currentMessage                   
2000cdd5  free                             
2000fd44  gpioCallbackFunctions            
2000f720  gpioPinConfigs                   
2000fdc8  gpioUserArgs                     
2000e225  initTimer                        
2000e8dd  initVectors                      
2000f80c  loopCount                        
2000f0cd  main                             
2000df85  mainThread                       
2000f183  malloc                           
2000ccb5  memalign                         
2000f808  messageIndex                     
2000f810  messagePattern                   
2000f809  newMessage                       
2000f628  parkInfo                         
2000edc5  resetISR                         
2000fbd8  timerCC32XXHWAttrs               
2000fe4c  timerCC32XXObjects               


GLOBAL SYMBOLS: SORTED BY Symbol Address 

address   name                             
-------   ----                             
00000000  __TI_ATRegion0_region_sz         
00000000  __TI_ATRegion0_src_addr          
00000000  __TI_ATRegion0_trg_addr          
00000000  __TI_ATRegion1_region_sz         
00000000  __TI_ATRegion1_src_addr          
00000000  __TI_ATRegion1_trg_addr          
00000000  __TI_ATRegion2_region_sz         
00000000  __TI_ATRegion2_src_addr          
00000000  __TI_ATRegion2_trg_addr          
00001000  __STACK_SIZE                     
00008000  __SYSMEM_SIZE                    
20003000  __stack                          
20004000  __STACK_END                      
20004000  __start___llvm_prf_bits          
20004000  __start___llvm_prf_cnts          
20004000  __stop___llvm_prf_bits           
20004000  __stop___llvm_prf_cnts           
20004040  _sys_memory                      
2000c041  PRCMCC3200MCUInit                
2000c4f9  Power_sleep                      
2000c8dd  PowerCC32XX_sleepPolicy          
2000ca2d  Timer_open                       
2000cb75  GPIO_setConfig                   
2000ccb5  aligned_alloc                    
2000ccb5  memalign                         
2000cdd5  free                             
2000cec5  IntDisable                       
2000cf8d  IntEnable                        
2000d055  __udivmoddi4                     
2000d105  GPIOIntTypeSet                   
2000d1b1  IntPendSet                       
2000d255  PinConfigSet                     
2000d2f7  Board_initHook                   
2000d2f9  SOSPattern                       
2000d395  SemaphoreP_pend                  
2000d42d  ClockP_doTick                    
2000d431  PowerCC32XX_enterLPDS            
2000d475  PowerCC32XX_resumeLPDS           
2000d4c7  PowerCC32XX_initPolicy           
2000d4c9  GPIO_init                        
2000d559  PRCMSysResetCauseGet             
2000d5e7  SemaphoreP_destruct              
2000d5e9  PowerCC32XX_configureWakeup      
2000d671  Power_init                       
2000d6e9  HwiP_construct                   
2000d75d  PRCMHibernateWakeUpGPIOSelect    
2000d7d1  __TI_decompress_lzss             
2000d841  PinLockLevelSet                  
2000d8ad  Power_setDependency              
2000d9f1  PRCMPeripheralReset              
2000da5b  IntPendClear                     
2000dac3  Timer_init                       
2000dac5  GPIO_write                       
2000db25  FlashDisable                     
2000db81  PRCMHibernateWakeupSourceDisable 
2000dbdd  TimerCC32XX_allocateTimerResource
2000dc39  PRCMPeripheralClkEnable          
2000dc93  __aeabi_ldiv0                    
2000dc95  ClockP_startup                   
2000dced  IntPrioritySet                   
2000dd45  PRCMLPDSEnter                    
2000dd9b  _nop                             
2000dd9d  PowerCC32XX_setParkState         
2000ddf1  Power_releaseDependency          
2000de45  GPIO_hwiIntFxn                   
2000de95  PRCMHibernateWakeupSourceEnable  
2000dee5  SemaphoreP_construct             
2000df35  TimerCallback                    
2000df85  mainThread                       
2000dfd5  GPIO_setInterruptConfig          
2000e021  PRCMLPDSRestoreInfoSet           
2000e105  ClockP_sysTickHandler            
2000e14d  PRCMIntEnable                    
2000e195  PRCMPeripheralStatusGet          
2000e1dd  PinConfigGet                     
2000e225  initTimer                        
2000e26d  PRCMLPDSEnterKeepDebugIf         
2000e2b3  GPIODirModeSet                   
2000e2f7  clkFxn                           
2000e2f9  GPIO_disableInt                  
2000e33d  GPIO_enableInt                   
2000e381  Power_releaseConstraint          
2000e3c5  Timer_start                      
2000e44d  PinModeSet                       
2000e48f  TimerControlStall                
2000e4d1  Timer_close                      
2000e555  SemaphoreP_post                  
2000e595  Timer_stop                       
2000e5d5  PinDirModeSet                    
2000e615  ClockP_stop                      
2000e651  TimerSupport_timerEnable         
2000e68d  ClockP_destruct                  
2000e6c5  Power_setConstraint              
2000e6fd  SwiP_restore                     
2000e735  __TI_auto_init_nobinit_nopinit   
2000e76d  PinLock                          
2000e7d9  ClockP_start                     
2000e80d  PinDirModeGet                    
2000e841  PinModeGet                       
2000e875  PowerCC32XX_parkPin              
2000e8a9  TimerCC32XX_freeTimerResource    
2000e8dd  initVectors                      
2000e911  ClockP_getTicksUntilInterrupt    
2000e941  PRCMLPDSIntervalSet              
2000e971  PRCMSlowClkCtrFastGet            
2000e9a1  TimerLoadSet                     
2000e9d1  TimerPrescaleSet                 
2000ea31  GPIOIntStatus                    
2000ea5f  HwiP_create                      
2000ea89  PRCMLPDSWakeUpGPIOSelect         
2000eab3  PRCMPeripheralClkDisable         
2000eadd  List_remove                      
2000eb05  PRCMSRAMRetentionEnable          
2000eb2d  TimerSupport_timerDisable        
2000eb7d  IntUnregister                    
2000eba1  List_put                         
2000ebc5  PRCMLPDSWakeupSourceEnable       
2000ebe9  PowerCC32XX_restoreParkedPin     
2000ec0d  Power_registerNotify             
2000ec31  _c_int00_noargs                  
2000ec55  GPIOPinWrite                     
2000ec77  PinUnlock                        
2000ec99  IntRegister                      
2000ecb9  Power_unregisterNotify           
2000ecd9  SemaphoreP_constructBinary       
2000ecf9  SemaphoreP_createBinary          
2000ed19  TimerDisable                     
2000ed39  GPIO_setCallback                 
2000ed55  HwiP_dispatch                    
2000ed71  SwiP_disable                     
2000edc5  resetISR                         
2000ede1  GPIOIntDisable                   
2000edfb  PRCMHIBRegRead                   
2000ee15  PRCMHIBRegWrite                  
2000ee2f  PRCMLPDSWakeupSourceDisable      
2000ee49  PinToPadGet                      
2000ee63  TimerEnable                      
2000ee7d  GPIOIntEnable                    
2000ee95  SemaphoreP_create                
2000eead  Board_init                       
2000eec3  SysTickPeriodSet                 
2000eed9  TimerIntDisable                  
2000eef1  ButtonCallback                   
2000ef05  CPUcpsid                         
2000ef19  CPUcpsie                         
2000ef2d  HwiP_destruct                    
2000ef41  IntVTableBaseSet                 
2000ef55  Power_disablePolicy              
2000ef69  Power_getTransitionLatency       
2000ef7d  Power_idleFunc                   
2000ef91  TimerIntEnable                   
2000efa5  __aeabi_uldivmod                 
2000efb9  ClockP_add                       
2000efcb  GPIOIntClear                     
2000efdd  HwiP_Params_init                 
2000efef  HwiP_delete                      
2000f001  SysTickEnable                    
2000f013  SysTickIntDisable                
2000f025  SysTickIntEnable                 
2000f037  TI_memcpy_small                  
2000f049  __TI_zero_init_nomemset          
2000f05d  ClockP_getCpuFreq                
2000f06d  ClockP_getSystemTicks            
2000f07d  ClockP_setTicks                  
2000f08d  HwiP_inISR                       
2000f09d  Power_enablePolicy               
2000f0ad  TimerIntClear                    
2000f0bd  Timer_Params_init                
2000f0cd  main                             
2000f0dd  __TI_decompress_none             
2000f0eb  CPUwfi                           
2000f0f7  PRCMLPDSWakeupCauseGet           
2000f105  Power_getConstraintMask          
2000f11d  ClockP_isActive                  
2000f127  IntMasterDisable                 
2000f131  IntMasterEnable                  
2000f13b  GreenOff                         
2000f143  GreenOn                          
2000f14b  HwiP_disable                     
2000f153  HwiP_restore                     
2000f163  PRCMSleepEnter                   
2000f16b  RedOff                           
2000f173  RedOn                            
2000f17b  UtilsDelay                       
2000f183  malloc                           
2000f18b  HwiP_clearInterrupt              
2000f18f  HwiP_enable                      
2000f193  HwiP_post                        
2000f19b  NoRTOS_start                     
2000f19f  SemaphoreP_delete                
2000f1a5  __aeabi_memcpy                   
2000f1a5  __aeabi_memcpy4                  
2000f1a5  __aeabi_memcpy8                  
2000f1a9  _system_pre_init                 
2000f1ac  C$$EXIT                          
2000f1ad  abort                            
2000f4bc  PowerCC32XX_module               
2000f628  parkInfo                         
2000f720  gpioPinConfigs                   
2000f808  messageIndex                     
2000f809  newMessage                       
2000f80a  allowTransition                  
2000f80b  currentMessage                   
2000f80c  loopCount                        
2000f810  messagePattern                   
2000f814  SOS_PATTERN                      
2000f818  OK_PATTERN                       
2000f81c  HwiP_swiPIntNum                  
2000f828  SemaphoreP_defaultParams         
2000f834  ClockP_tickPeriod                
2000f838  _lock                            
2000f83c  _unlock                          
2000fac4  PowerCC32XX_config               
2000fb51  GPIO_pinUpperBound               
2000fb52  Timer_count                      
2000fbc8  GPIO_config                      
2000fbd8  timerCC32XXHWAttrs               
2000fc0c  Timer_config                     
2000fc18  PowerCC32XX_contextSave          
2000fd44  gpioCallbackFunctions            
2000fdc8  gpioUserArgs                     
2000fe4c  timerCC32XXObjects               
2000fed0  ClockP_ctrl                      
2000feec  Timer_tickPeriod                 
2000fef0  __TI_static_base__               
2000ffd0  __TI_Handler_Table_Base          
2000ffdc  __TI_Handler_Table_Limit         
2000ffe4  __TI_CINIT_Base                  
2000fff4  __TI_CINIT_Limit                 
2000fff4  __TI_CINIT_Warm                  
ffffffff  __TI_pprof_out_hndl              
ffffffff  __TI_prof_data_size              
ffffffff  __TI_prof_data_start             
ffffffff  __binit__                        
ffffffff  binit                            
UNDEFED   ITM_flush                        
UNDEFED   ITM_restore                      
UNDEFED   __mpu_init                       
UNDEFED   _system_post_cinit               

[239 symbols]
