******************************************************************************
            TI ARM Clang Linker PC v3.2.0                      
******************************************************************************
>> Linked Sun Dec 10 02:41:43 2023

OUTPUT FILE NAME:   <gpiointerrupt_CC3220S_LAUNCHXL_nortos_ticlang.out>
ENTRY POINT SYMBOL: "resetISR"  address: 20011491


MEMORY CONFIGURATION

         name            origin    length      used     unused   attr    fill
----------------------  --------  ---------  --------  --------  ----  --------
  SRAM2                 20000000   00004000  0000130c  00002cf4  RW X
  SRAM                  20004000   0003c000  0000f420  0002cbe0  RW X
  LOG_DATA              90000000   00040000  00000000  00040000  R   
  LOG_PTR               94000008   00040000  00000000  00040000  R   


SEGMENT ALLOCATION MAP

run origin  load origin   length   init length attrs members
----------  ----------- ---------- ----------- ----- -------
20003000    20003000    00001000   00000000    rw-
  20003000    20003000    00001000   00000000    rw- .stack
20004000    20004000    00000040   00000040    r--
  20004000    20004000    00000040   00000040    r-- .resetVecs
20004040    20004040    00008000   00000000    rw-
  20004040    20004040    00008000   00000000    rw- .sysmem
2000c040    2000c040    00005b7c   00005b7c    r-x
  2000c040    2000c040    00005b7c   00005b7c    r-x .text
20011c00    20011c00    00000a14   00000000    rw-
  20011c00    20011c00    00000a14   00000000    rw- .bss
20012620    20012620    000006bb   000006bb    r--
  20012620    20012620    000006bb   000006bb    r-- .rodata
20012ce0    20012ce0    0000069d   00000000    rw-
  20012ce0    20012ce0    0000069d   00000000    rw- .data
20013380    20013380    000000f8   000000f8    r--
  20013380    20013380    000000f8   000000f8    r-- .cinit


SECTION ALLOCATION MAP

 output                                  attributes/
section   page    origin      length       input sections
--------  ----  ----------  ----------   ----------------
.text      0    2000c040    00005b7c     
                  2000c040    0000086c     libc.a : _printfi.c.obj (.text:__TI_printfi_nofloat)
                  2000c8ac    000004b8     driverlib.a : prcm.obj (.text.PRCMCC3200MCUInit)
                  2000cd64    000003e4     drivers_cc32xx.a : PowerCC32XX.c.obj (.text.Power_sleep)
                  2000d148    00000222                      : UART2CC32XX.c.obj (.text.UART2CC32XX_hwiIntFxn)
                  2000d36a    00000002     ti_drivers_config.o (.text.Board_initHook)
                  2000d36c    000001cc     drivers_cc32xx.a : UART2CC32XX.c.obj (.text.UART2_open)
                  2000d538    00000174                      : UART2.c.obj (.text.UART2_writeTimeoutBlocking)
                  2000d6ac    00000154     gpiointerrupt.o (.text.initI2C)
                  2000d800    00000150     nortos_cc32xx.a : PowerCC32XX_nortos.c.obj (.text.PowerCC32XX_sleepPolicy)
                  2000d950    00000148     drivers_cc32xx.a : TimerCC32XX.c.obj (.text.Timer_open)
                  2000da98    00000140                      : GPIOCC32XX.c.obj (.text.GPIO_setConfig)
                  2000dbd8    00000138                      : I2CCC32XX.c.obj (.text.I2CCC32XX_hwiFxn)
                  2000dd10    00000126                      : I2C.c.obj (.text.I2C_transferTimeout)
                  2000de36    00000002                      : I2C.c.obj (.text.I2C_init)
                  2000de38    00000120     libc.a : memory.c.obj (.text.aligned_alloc)
                  2000df58    0000011a     drivers_cc32xx.a : UART2.c.obj (.text.UART2_writeTimeoutNonblocking)
                  2000e072    00000112     driverlib.a : udma.obj (.text.uDMAChannelTransferSet)
                  2000e184    000000fc     libclang_rt.builtins.a : muldf3.S.obj (.text.__muldf3)
                  2000e280    000000f0     libc.a : memory.c.obj (.text.free)
                  2000e370    000000e8     drivers_cc32xx.a : I2CCC32XX.c.obj (.text.I2C_open)
                  2000e458    000000e8                      : UART2CC32XX.c.obj (.text.UART2_close)
                  2000e540    000000cc                      : UART2CC32XX.c.obj (.text.UART2Support_dmaStartRx)
                  2000e60c    000000c8     driverlib.a : interrupt.obj (.text.IntDisable)
                  2000e6d4    000000c8                 : interrupt.obj (.text.IntEnable)
                  2000e79c    000000c4     drivers_cc32xx.a : UART2CC32XX.c.obj (.text.UART2CC32XX_initHw)
                  2000e860    000000b8                      : UART2CC32XX.c.obj (.text.UART2Support_dmaStartTx)
                  2000e918    000000b0     libclang_rt.builtins.a : udivmoddi4.S.obj (.text)
                  2000e9c8    000000ac     driverlib.a : gpio.obj (.text.GPIOIntTypeSet)
                  2000ea74    000000a4                 : interrupt.obj (.text.IntPendSet)
                  2000eb18    000000a2                 : pin.obj (.text.PinConfigSet)
                  2000ebba    0000009c     drivers_cc32xx.a : I2CCC32XX.c.obj (.text.I2CCC32XX_completeTransfer)
                  2000ec56    00000098     driverlib.a : i2c.obj (.text.I2CMasterInitExpClk)
                  2000ecee    00000002     nortos_cc32xx.a : PowerCC32XX_nortos.c.obj (.text.PowerCC32XX_initPolicy)
                  2000ecf0    00000098                     : SemaphoreP_nortos.c.obj (.text.SemaphoreP_pend)
                  2000ed88    00000008                     : HwiPCC32XX_nortos.c.obj (.text.HwiP_disable)
                  2000ed90    00000096     drivers_cc32xx.a : PowerCC32XX_ticlang.asm.obj (.text)
                  2000ee26    00000092     driverlib.a : udma.obj (.text.uDMAChannelAttributeDisable)
                  2000eeb8    00000090     drivers_cc32xx.a : GPIOCC32XX.c.obj (.text.GPIO_init)
                  2000ef48    0000008e     driverlib.a : prcm.obj (.text.PRCMSysResetCauseGet)
                  2000efd6    00000002     nortos_cc32xx.a : SemaphoreP_nortos.c.obj (.text.SemaphoreP_destruct)
                  2000efd8    00000088     drivers_cc32xx.a : PowerCC32XX.c.obj (.text.PowerCC32XX_configureWakeup)
                  2000f060    0000007a                      : I2CCC32XX.c.obj (.text.I2CCC32XX_primeReadBurst)
                  2000f0da    00000002                      : Timer.c.obj (.text.Timer_init)
                  2000f0dc    00000078                      : PowerCC32XX.c.obj (.text.Power_init)
                  2000f154    00000078     gpiointerrupt.o (.text.readTemp)
                  2000f1cc    00000074     nortos_cc32xx.a : HwiPCC32XX_nortos.c.obj (.text.HwiP_construct)
                  2000f240    00000074     driverlib.a : prcm.obj (.text.PRCMHibernateWakeUpGPIOSelect)
                  2000f2b4    00000074                 : uart.obj (.text.UARTConfigSetExpClk)
                  2000f328    00000074     gpiointerrupt.o (.text.mainThread)
                  2000f39c    00000070     libc.a : copy_decompress_lzss.c.obj (.text:decompress:lzss)
                  2000f40c    0000006c     driverlib.a : pin.obj (.text.PinLockLevelSet)
                  2000f478    0000006c     drivers_cc32xx.a : PowerCC32XX.c.obj (.text.Power_setDependency)
                  2000f4e4    0000006c     gpiointerrupt.o (.text.SmartThermostat)
                  2000f550    0000006c     drivers_cc32xx.a : UDMACC32XX.c.obj (.text.UDMACC32XX_open)
                  2000f5bc    0000006c                      : GPIOCC32XX.c.obj (.text.powerNotifyFxn)
                  2000f628    0000006c     libc.a : memory.c.obj (.text.split)
                  2000f694    0000006a     driverlib.a : prcm.obj (.text.PRCMPeripheralReset)
                  2000f6fe    00000002     drivers_cc32xx.a : UART2CC32XX.c.obj (.text.UART2CC32XX_eventCallback)
                  2000f700    00000068                      : I2CCC32XX.c.obj (.text.I2CCC32XX_initHw)
                  2000f768    00000068     driverlib.a : interrupt.obj (.text.IntPendClear)
                  2000f7d0    00000066     drivers_cc32xx.a : I2CCC32XX.c.obj (.text.I2CCC32XX_primeWriteBurst)
                  2000f836    00000002     libclang_rt.builtins.a : aeabi_div0.c.obj (.text.__aeabi_ldiv0)
                  2000f838    00000060     drivers_cc32xx.a : GPIOCC32XX.c.obj (.text.GPIO_write)
                  2000f898    00000060                      : UART2CC32XX.c.obj (.text.UART2Support_dmaStopTx)
                  2000f8f8    0000005c     driverlib.a : flash.obj (.text.FlashDisable)
                  2000f954    0000005c     drivers_cc32xx.a : I2CCC32XX.c.obj (.text.I2CSupport_primeTransfer)
                  2000f9b0    0000005c     driverlib.a : prcm.obj (.text.PRCMHibernateWakeupSourceDisable)
                  2000fa0c    0000005c     drivers_cc32xx.a : TimerCC32XX.c.obj (.text.TimerCC32XX_allocateTimerResource)
                  2000fa68    0000005a     driverlib.a : prcm.obj (.text.PRCMPeripheralClkEnable)
                  2000fac2    00000002     libc.a : _lock.c.obj (.text._nop)
                  2000fac4    00000058     nortos_cc32xx.a : ClockPSysTick_nortos.c.obj (.text.ClockP_startup)
                  2000fb1c    00000058     driverlib.a : interrupt.obj (.text.IntPrioritySet)
                  2000fb74    00000056                 : prcm.obj (.text.PRCMLPDSEnter)
                  2000fbca    00000002     nortos_cc32xx.a : startup_cc32xx_ticlang.c.obj (.text.busFaultHandler)
                  2000fbcc    00000054     drivers_cc32xx.a : PowerCC32XX.c.obj (.text.PowerCC32XX_setParkState)
                  2000fc20    00000054                      : PowerCC32XX.c.obj (.text.Power_releaseDependency)
                  2000fc74    00000050                      : GPIOCC32XX.c.obj (.text.GPIO_hwiIntFxn)
                  2000fcc4    00000050     driverlib.a : prcm.obj (.text.PRCMHibernateWakeupSourceEnable)
                  2000fd14    00000050     nortos_cc32xx.a : SemaphoreP_nortos.c.obj (.text.SemaphoreP_construct)
                  2000fd64    0000004e     driverlib.a : udma.obj (.text.uDMAChannelAssign)
                  2000fdb2    00000002     nortos_cc32xx.a : SemaphoreP_nortos.c.obj (.text.clkFxn)
                  2000fdb4    0000004c     drivers_cc32xx.a : GPIOCC32XX.c.obj (.text.GPIO_setInterruptConfig)
                  2000fe00    0000004c     driverlib.a : prcm.obj (.text.PRCMLPDSRestoreInfoSet)
                  2000fe4c    0000004c     gpiointerrupt.o (.text.TimerCallback)
                  2000fe98    0000004c     drivers_cc32xx.a : TimerCC32XX.c.obj (.text.initHw)
                  2000fee4    0000004a                      : UART2CC32XX.c.obj (.text.UART2Support_dmaStopRx)
                  2000ff2e    0000004a                      : TimerCC32XX.c.obj (.text.getPrescaler)
                  2000ff78    0000004a     driverlib.a : udma.obj (.text.uDMAChannelSizeGet)
                  2000ffc2    00000002     nortos_cc32xx.a : startup_cc32xx_ticlang.c.obj (.text.defaultHandler)
                  2000ffc4    00000048                     : ClockPSysTick_nortos.c.obj (.text.ClockP_sysTickHandler)
                  2001000c    00000048     driverlib.a : prcm.obj (.text.PRCMIntEnable)
                  20010054    00000048                 : prcm.obj (.text.PRCMPeripheralStatusGet)
                  2001009c    00000048                 : pin.obj (.text.PinConfigGet)
                  200100e4    00000048     libclang_rt.builtins.a : fixdfsi.S.obj (.text.__fixdfsi)
                  2001012c    00000046     drivers_cc32xx.a : I2CCC32XX.c.obj (.text.I2CCC32XX_fillTransmitFifo)
                  20010172    00000046     driverlib.a : prcm.obj (.text.PRCMLPDSEnterKeepDebugIf)
                  200101b8    00000046     drivers_cc32xx.a : RingBuf.c.obj (.text.RingBuf_put)
                  200101fe    00000002     nortos_cc32xx.a : startup_cc32xx_ticlang.c.obj (.text.faultISR)
                  20010200    00000044     gpiointerrupt.o (.text.CheckTemp)
                  20010244    00000044     driverlib.a : gpio.obj (.text.GPIODirModeSet)
                  20010288    00000044     drivers_cc32xx.a : GPIOCC32XX.c.obj (.text.GPIO_disableInt)
                  200102cc    00000044                      : GPIOCC32XX.c.obj (.text.GPIO_enableInt)
                  20010310    00000044                      : PowerCC32XX.c.obj (.text.Power_releaseConstraint)
                  20010354    00000044                      : Timer.c.obj (.text.Timer_start)
                  20010398    00000044     gpiointerrupt.o (.text.UpdateDisplay)
                  200103dc    00000044     nortos_cc32xx.a : ClockPSysTick_nortos.c.obj (.text.addToList)
                  20010420    00000044     gpiointerrupt.o (.text.initTimer)
                  20010464    00000044     libc.a : snprintf.c.obj (.text.snprintf)
                  200104a8    00000042     driverlib.a : pin.obj (.text.PinModeSet)
                  200104ea    00000042                 : timer.obj (.text.TimerControlStall)
                  2001052c    00000042     drivers_cc32xx.a : TimerCC32XX.c.obj (.text.Timer_close)
                  2001056e    00000042     nortos_cc32xx.a : PowerCC32XX_nortos.c.obj (.text.getCountsRTC)
                  200105b0    00000040                     : SemaphoreP_nortos.c.obj (.text.SemaphoreP_post)
                  200105f0    00000040     drivers_cc32xx.a : Timer.c.obj (.text.Timer_stop)
                  20010630    00000040     libc.a : atoi.c.obj (.text.atoi)
                  20010670    00000040     driverlib.a : udma.obj (.text.uDMAChannelControlSet)
                  200106b0    0000003e                 : pin.obj (.text.PinDirModeSet)
                  200106ee    00000002     nortos_cc32xx.a : startup_cc32xx_ticlang.c.obj (.text.nmiISR)
                  200106f0    0000003c                     : ClockPSysTick_nortos.c.obj (.text.ClockP_stop)
                  2001072c    0000003c     drivers_cc32xx.a : UDMACC32XX.c.obj (.text.UDMACC32XX_init)
                  20010768    0000003a                      : TimerCC32XX.c.obj (.text.TimerSupport_timerEnable)
                  200107a2    00000002     --HOLE-- [fill = 0]
                  200107a4    00000038     nortos_cc32xx.a : ClockPSysTick_nortos.c.obj (.text.ClockP_destruct)
                  200107dc    00000038     drivers_cc32xx.a : PowerCC32XX.c.obj (.text.Power_setConstraint)
                  20010814    00000038                      : RingBuf.c.obj (.text.RingBuf_putAdvance)
                  2001084c    00000038     nortos_cc32xx.a : SwiP_nortos.c.obj (.text.SwiP_restore)
                  20010884    00000038     drivers_cc32xx.a : UDMACC32XX.c.obj (.text.UDMACC32XX_close)
                  200108bc    00000038     libc.a : autoinit.c.obj (.text:__TI_auto_init_nobinit_nopinit)
                  200108f4    00000036     driverlib.a : pin.obj (.text.PinLock)
                  2001092a    00000036     drivers_cc32xx.a : TimerCC32XX.c.obj (.text.TimerCC32XX_hwiIntFunction)
                  20010960    00000036     driverlib.a : uart.obj (.text.UARTCharPutNonBlocking)
                  20010996    00000002     --HOLE-- [fill = 0]
                  20010998    00000034     nortos_cc32xx.a : ClockPSysTick_nortos.c.obj (.text.ClockP_start)
                  200109cc    00000034     driverlib.a : i2c.obj (.text.I2CFIFODataPutNonBlocking)
                  20010a00    00000034                 : pin.obj (.text.PinDirModeGet)
                  20010a34    00000034                 : pin.obj (.text.PinModeGet)
                  20010a68    00000034     drivers_cc32xx.a : PowerCC32XX.c.obj (.text.PowerCC32XX_parkPin)
                  20010a9c    00000034                      : TimerCC32XX.c.obj (.text.TimerCC32XX_freeTimerResource)
                  20010ad0    00000034                      : UART2.c.obj (.text.UART2_rxDisable)
                  20010b04    00000034     gpiointerrupt.o (.text.initUART)
                  20010b38    00000034     nortos_cc32xx.a : startup_cc32xx_ticlang.c.obj (.text.initVectors)
                  20010b6c    00000030                     : ClockPSysTick_nortos.c.obj (.text.ClockP_getTicksUntilInterrupt)
                  20010b9c    00000030     driverlib.a : i2c.obj (.text.I2CFIFODataGetNonBlocking)
                  20010bcc    00000030                 : prcm.obj (.text.PRCMLPDSIntervalSet)
                  20010bfc    00000030                 : prcm.obj (.text.PRCMSlowClkCtrFastGet)
                  20010c2c    00000030                 : timer.obj (.text.TimerLoadSet)
                  20010c5c    00000030                 : timer.obj (.text.TimerPrescaleSet)
                  20010c8c    00000030     libc.a : snprintf.c.obj (.text._outs)
                  20010cbc    00000030     drivers_cc32xx.a : PowerCC32XX.c.obj (.text.notify)
                  20010cec    0000002e     driverlib.a : gpio.obj (.text.GPIOIntStatus)
                  20010d1a    0000002e     drivers_cc32xx.a : RingBuf.c.obj (.text.RingBuf_getConsume)
                  20010d48    0000002e                      : RingBuf.c.obj (.text.RingBuf_putPointer)
                  20010d76    0000002e     driverlib.a : uart.obj (.text.UARTDisable)
                  20010da4    0000002e     libclang_rt.builtins.a : floatsidf.S.obj (.text.__floatsidf)
                  20010dd2    0000002c     driverlib.a : i2c.obj (.text.I2CMasterIntStatusEx)
                  20010dfe    0000002c     drivers_cc32xx.a : UART2CC32XX.c.obj (.text.UART2CC32XX_getRxData)
                  20010e2a    0000002a     nortos_cc32xx.a : HwiPCC32XX_nortos.c.obj (.text.HwiP_create)
                  20010e54    0000002a     driverlib.a : prcm.obj (.text.PRCMLPDSWakeUpGPIOSelect)
                  20010e7e    0000002a                 : prcm.obj (.text.PRCMPeripheralClkDisable)
                  20010ea8    0000002a                 : uart.obj (.text.UARTIntStatus)
                  20010ed2    00000002     --HOLE-- [fill = 0]
                  20010ed4    00000028     gpiointerrupt.o (.text.AdjustSetPoint)
                  20010efc    00000028     driverlib.a : i2c.obj (.text.I2CMasterBusBusy)
                  20010f24    00000028                 : i2c.obj (.text.I2CMasterSlaveAddrSet)
                  20010f4c    00000028                 : i2c.obj (.text.I2CTxFIFOConfigSet)
                  20010f74    00000028     drivers_cc32xx.a : I2C.c.obj (.text.I2C_cancel)
                  20010f9c    00000028                      : List.c.obj (.text.List_remove)
                  20010fc4    00000028     driverlib.a : prcm.obj (.text.PRCMSRAMRetentionEnable)
                  20010fec    00000028     drivers_cc32xx.a : PowerCC32XX.c.obj (.text.PowerCC32XX_getParkState)
                  20011014    00000028                      : TimerCC32XX.c.obj (.text.TimerSupport_timerDisable)
                  2001103c    00000028     libc.a : memory.c.obj (.text.free_list_insert)
                  20011064    00000024     driverlib.a : i2c.obj (.text.I2CRxFIFOConfigSet)
                  20011088    00000024                 : interrupt.obj (.text.IntUnregister)
                  200110ac    00000024     drivers_cc32xx.a : List.c.obj (.text.List_put)
                  200110d0    00000024     driverlib.a : prcm.obj (.text.PRCMLPDSWakeupSourceEnable)
                  200110f4    00000024     drivers_cc32xx.a : PowerCC32XX.c.obj (.text.PowerCC32XX_restoreParkState)
                  20011118    00000024                      : PowerCC32XX.c.obj (.text.PowerCC32XX_restoreParkedPin)
                  2001113c    00000024                      : PowerCC32XX.c.obj (.text.Power_registerNotify)
                  20011160    00000024                      : UART2CC32XX.c.obj (.text.UART2Support_disableRx)
                  20011184    00000024     libc.a : boot_cortex_m.c.obj (.text:_c_int00_noargs)
                  200111a8    00000022     driverlib.a : gpio.obj (.text.GPIOPinWrite)
                  200111ca    00000022                 : pin.obj (.text.PinUnlock)
                  200111ec    00000022     drivers_cc32xx.a : RingBuf.c.obj (.text.RingBuf_getPointer)
                  2001120e    00000022                      : UART2CC32XX.c.obj (.text.UART2Support_sendData)
                  20011230    00000020     driverlib.a : interrupt.obj (.text.IntRegister)
                  20011250    00000020                 : pin.obj (.text.PinTypeI2C)
                  20011270    00000020     drivers_cc32xx.a : PowerCC32XX.c.obj (.text.PowerCC32XX_reset)
                  20011290    00000020                      : PowerCC32XX.c.obj (.text.Power_unregisterNotify)
                  200112b0    00000020     gpiointerrupt.o (.text.Reset)
                  200112d0    00000020     nortos_cc32xx.a : SemaphoreP_nortos.c.obj (.text.SemaphoreP_constructBinary)
                  200112f0    00000020                     : SemaphoreP_nortos.c.obj (.text.SemaphoreP_createBinary)
                  20011310    00000020     driverlib.a : timer.obj (.text.TimerDisable)
                  20011330    0000001e                 : pin.obj (.text.PinTypeUART)
                  2001134e    0000001e     drivers_cc32xx.a : UART2.c.obj (.text.UART2_writeTimeout)
                  2001136c    0000001e     driverlib.a : uart.obj (.text.UARTEnable)
                  2001138a    0000001e     libc.a : memccpy.c.obj (.text.memccpy)
                  200113a8    0000001e     driverlib.a : udma.obj (.text.uDMAChannelDisable)
                  200113c6    0000001e                 : udma.obj (.text.uDMAChannelEnable)
                  200113e4    0000001e                 : udma.obj (.text.uDMAChannelIsEnabled)
                  20011402    00000002     --HOLE-- [fill = 0]
                  20011404    0000001c     drivers_cc32xx.a : GPIO.c.obj (.text.GPIO_setCallback)
                  20011420    0000001c     nortos_cc32xx.a : HwiPCC32XX_nortos.c.obj (.text.HwiP_dispatch)
                  2001143c    0000001c                     : SwiP_nortos.c.obj (.text.SwiP_disable)
                  20011458    0000001c     libc.a : memory.c.obj (.text.free_list_remove)
                  20011474    0000001c     drivers_cc32xx.a : TimerCC32XX.c.obj (.text.getPowerMgrId)
                  20011490    0000001c     nortos_cc32xx.a : startup_cc32xx_ticlang.c.obj (.text.resetISR)
                  200114ac    0000001a     driverlib.a : gpio.obj (.text.GPIOIntDisable)
                  200114c6    0000001a                 : prcm.obj (.text.PRCMHIBRegRead)
                  200114e0    0000001a                 : prcm.obj (.text.PRCMHIBRegWrite)
                  200114fa    0000001a                 : prcm.obj (.text.PRCMLPDSWakeupSourceDisable)
                  20011514    0000001a                 : pin.obj (.text.PinToPadGet)
                  2001152e    0000001a                 : timer.obj (.text.TimerEnable)
                  20011548    0000001a                 : uart.obj (.text.UARTFlowControlSet)
                  20011562    00000018                 : gpio.obj (.text.GPIOIntEnable)
                  2001157a    00000018     nortos_cc32xx.a : SemaphoreP_nortos.c.obj (.text.SemaphoreP_create)
                  20011592    00000018     libc.a : snprintf.c.obj (.text._outc)
                  200115aa    00000016     ti_drivers_config.o (.text.Board_init)
                  200115c0    00000016     driverlib.a : i2c.obj (.text.I2CMasterBurstLengthSet)
                  200115d6    00000016                 : i2c.obj (.text.I2CMasterIntDisableEx)
                  200115ec    00000016                 : i2c.obj (.text.I2CRxFIFOFlush)
                  20011602    00000016                 : i2c.obj (.text.I2CTxFIFOFlush)
                  20011618    00000016                 : systick.obj (.text.SysTickPeriodSet)
                  2001162e    00000016                 : timer.obj (.text.TimerIntDisable)
                  20011644    00000016                 : uart.obj (.text.UARTCharsAvail)
                  2001165a    00000016                 : uart.obj (.text.UARTDMADisable)
                  20011670    00000016                 : uart.obj (.text.UARTFIFOLevelSet)
                  20011686    00000016                 : uart.obj (.text.UARTIntDisable)
                  2001169c    00000014                 : cpu.obj (.text.CPUcpsid)
                  200116b0    00000014                 : cpu.obj (.text.CPUcpsie)
                  200116c4    00000014     nortos_cc32xx.a : HwiPCC32XX_nortos.c.obj (.text.HwiP_destruct)
                  200116d8    00000014     driverlib.a : i2c.obj (.text.I2CMasterIntEnableEx)
                  200116ec    00000014                 : interrupt.obj (.text.IntVTableBaseSet)
                  20011700    00000014     drivers_cc32xx.a : PowerCC32XX.c.obj (.text.Power_disablePolicy)
                  20011714    00000014                      : PowerCC32XX.c.obj (.text.Power_getTransitionLatency)
                  20011728    00000014                      : PowerCC32XX.c.obj (.text.Power_idleFunc)
                  2001173c    00000014     driverlib.a : timer.obj (.text.TimerIntEnable)
                  20011750    00000014                 : uart.obj (.text.UARTDMAEnable)
                  20011764    00000014                 : uart.obj (.text.UARTIntEnable)
                  20011778    00000014     libclang_rt.builtins.a : aeabi_uldivmod.S.obj (.text.__aeabi_uldivmod)
                  2001178c    00000014     driverlib.a : udma.obj (.text.uDMAControlBaseSet)
                  200117a0    00000014                 : udma.obj (.text.uDMAIntClear)
                  200117b4    00000012     nortos_cc32xx.a : ClockPSysTick_nortos.c.obj (.text.ClockP_add)
                  200117c6    00000012     driverlib.a : gpio.obj (.text.GPIOIntClear)
                  200117d8    00000012     nortos_cc32xx.a : HwiPCC32XX_nortos.c.obj (.text.HwiP_Params_init)
                  200117ea    00000012                     : HwiPCC32XX_nortos.c.obj (.text.HwiP_delete)
                  200117fc    00000012     driverlib.a : i2c.obj (.text.I2CMasterDisable)
                  2001180e    00000012                 : i2c.obj (.text.I2CMasterEnable)
                  20011820    00000012     drivers_cc32xx.a : I2C.c.obj (.text.I2C_transfer)
                  20011832    00000012     driverlib.a : systick.obj (.text.SysTickEnable)
                  20011844    00000012                 : systick.obj (.text.SysTickIntDisable)
                  20011856    00000012                 : systick.obj (.text.SysTickIntEnable)
                  20011868    00000012     drivers_cc32xx.a : UDMACC32XX.c.obj (.text.postNotifyFxn)
                  2001187a    00000012     libc.a : memcpy_t2.S.obj (.text:TI_memcpy_small)
                  2001188c    00000010     nortos_cc32xx.a : ClockPSysTick_nortos.c.obj (.text.ClockP_getCpuFreq)
                  2001189c    00000010                     : ClockPSysTick_nortos.c.obj (.text.ClockP_getSystemTicks)
                  200118ac    00000010                     : ClockPSysTick_nortos.c.obj (.text.ClockP_setTicks)
                  200118bc    00000010                     : HwiPCC32XX_nortos.c.obj (.text.HwiP_inISR)
                  200118cc    00000010     driverlib.a : i2c.obj (.text.I2CMasterControl)
                  200118dc    00000010                 : i2c.obj (.text.I2CMasterIntClearEx)
                  200118ec    00000010                 : i2c.obj (.text.I2CMasterTimeoutSet)
                  200118fc    00000010     drivers_cc32xx.a : PowerCC32XX.c.obj (.text.Power_enablePolicy)
                  2001190c    00000010                      : RingBuf.c.obj (.text.RingBuf_construct)
                  2001191c    00000010     driverlib.a : timer.obj (.text.TimerIntClear)
                  2001192c    00000010     drivers_cc32xx.a : Timer.c.obj (.text.Timer_Params_init)
                  2001193c    00000010                      : UART2CC32XX.c.obj (.text.UART2Support_txDone)
                  2001194c    00000010     driverlib.a : uart.obj (.text.UARTBusy)
                  2001195c    00000010                 : uart.obj (.text.UARTIntClear)
                  2001196c    00000010                 : uart.obj (.text.UARTRxErrorGet)
                  2001197c    00000010     main_nortos.o (.text.main)
                  2001198c    00000010     libc.a : wcslen.c.obj (.text.wcslen)
                  2001199c    00000010            : copy_zero_init.c.obj (.text:decompress:ZI)
                  200119ac    0000000e     nortos_cc32xx.a : HwiPCC32XX_nortos.c.obj (.text.HwiP_interruptsEnabled)
                  200119ba    0000000e     driverlib.a : i2c.obj (.text.I2CFIFOStatus)
                  200119c8    0000000e     drivers_cc32xx.a : UART2.c.obj (.text.UART2_write)
                  200119d6    0000000e     libc.a : _printfi.c.obj (.text.strlen)
                  200119e4    0000000e     driverlib.a : udma.obj (.text.uDMAEnable)
                  200119f2    0000000e                 : udma.obj (.text.uDMAErrorStatusClear)
                  20011a00    0000000e     libc.a : memset_t2.S.obj (.text:TI_memset_small)
                  20011a0e    0000000e            : copy_decompress_none.c.obj (.text:decompress:none)
                  20011a1c    0000000c     driverlib.a : cpu.obj (.text.CPUwfi)
                  20011a28    0000000c     drivers_cc32xx.a : I2CCC32XX.c.obj (.text.I2CCC32XX_postNotify)
                  20011a34    0000000c                      : I2C.c.obj (.text.I2C_Params_init)
                  20011a40    0000000c                      : I2CCC32XX.c.obj (.text.OUTLINED_FUNCTION_0)
                  20011a4c    0000000c                      : UART2CC32XX.c.obj (.text.OUTLINED_FUNCTION_0)
                  20011a58    0000000c     driverlib.a : prcm.obj (.text.PRCMLPDSWakeupCauseGet)
                  20011a64    0000000c     drivers_cc32xx.a : PowerCC32XX.c.obj (.text.Power_getConstraintMask)
                  20011a70    0000000c     gpiointerrupt.o (.text.TempDown)
                  20011a7c    0000000c     gpiointerrupt.o (.text.TempUp)
                  20011a88    0000000c     drivers_cc32xx.a : UART2CC32XX.c.obj (.text.UART2CC32XX_postNotifyFxn)
                  20011a94    0000000c                      : UART2CC32XX.c.obj (.text.UART2Support_disableTx)
                  20011aa0    0000000c                      : UART2CC32XX.c.obj (.text.UART2Support_enableTx)
                  20011aac    0000000c                      : UART2.c.obj (.text.UART2_Params_init)
                  20011ab8    0000000c                      : TimerCC32XX.c.obj (.text.postNotifyFxn)
                  20011ac4    0000000c     driverlib.a : udma.obj (.text.uDMAErrorStatusGet)
                  20011ad0    0000000a                 : cpu.obj (.text.CPUprimask)
                  20011ada    0000000a     nortos_cc32xx.a : ClockPSysTick_nortos.c.obj (.text.ClockP_isActive)
                  20011ae4    0000000a     driverlib.a : interrupt.obj (.text.IntMasterDisable)
                  20011aee    0000000a                 : interrupt.obj (.text.IntMasterEnable)
                  20011af8    0000000a     drivers_cc32xx.a : UART2CC32XX.c.obj (.text.OUTLINED_FUNCTION_1)
                  20011b02    0000000a                      : UART2CC32XX.c.obj (.text.OUTLINED_FUNCTION_2)
                  20011b0c    0000000a     libclang_rt.builtins.a : aeabi_memset.S.obj (.text.__aeabi_memset)
                  20011b16    0000000a     ti_drivers_config.o (.text.dmaErrorFxn)
                  20011b20    00000008     nortos_cc32xx.a : HwiPCC32XX_nortos.c.obj (.text.HwiP_restore)
                  20011b28    00000008     drivers_cc32xx.a : I2CCC32XX.c.obj (.text.I2CCC32XX_blockingCallback)
                  20011b30    00000008                      : I2CCC32XX.c.obj (.text.I2CSupport_controllerFinish)
                  20011b38    00000008     gpiointerrupt.o (.text.LEDOff)
                  20011b40    00000008     gpiointerrupt.o (.text.LEDOn)
                  20011b48    00000008     driverlib.a : prcm.obj (.text.PRCMSleepEnter)
                  20011b50    00000008                 : utils.obj (.text.UtilsDelay)
                  20011b58    00000008     libc.a : aeabi_portable.c.obj (.text.__aeabi_errno_addr)
                  20011b60    00000008     libclang_rt.builtins.a : aeabi_memset.S.obj (.text.__aeabi_memclr)
                  20011b68    00000008     libc.a : memory.c.obj (.text.malloc)
                  20011b70    00000006     drivers_cc32xx.a : I2CCC32XX.c.obj (.text.I2CSupport_powerRelConstraint)
                  20011b76    00000006                      : I2CCC32XX.c.obj (.text.I2CSupport_powerSetConstraint)
                  20011b7c    00000006     gpiointerrupt.o (.text.OUTLINED_FUNCTION_0)
                  20011b82    00000006     drivers_cc32xx.a : UART2CC32XX.c.obj (.text.UART2Support_powerRelConstraint)
                  20011b88    00000004     nortos_cc32xx.a : ClockPSysTick_nortos.c.obj (.text.ClockP_doTick)
                  20011b8c    00000004                     : HwiPCC32XX_nortos.c.obj (.text.HwiP_clearInterrupt)
                  20011b90    00000004                     : HwiPCC32XX_nortos.c.obj (.text.HwiP_disableInterrupt)
                  20011b94    00000004                     : HwiPCC32XX_nortos.c.obj (.text.HwiP_enable)
                  20011b98    00000004                     : HwiPCC32XX_nortos.c.obj (.text.HwiP_enableInterrupt)
                  20011b9c    00000004                     : HwiPCC32XX_nortos.c.obj (.text.HwiP_post)
                  20011ba0    00000004     driverlib.a : interrupt.obj (.text.IntDefaultHandler)
                  20011ba4    00000004     nortos_cc32xx.a : NoRTOS.c.obj (.text.NoRTOS_start)
                  20011ba8    00000004     drivers_cc32xx.a : RingBuf.c.obj (.text.RingBuf_getCount)
                  20011bac    00000004     nortos_cc32xx.a : SemaphoreP_nortos.c.obj (.text.SemaphoreP_delete)
                  20011bb0    00000004     libclang_rt.builtins.a : aeabi_memcpy.S.obj (.text.__aeabi_memcpy)
                  20011bb4    00000004     libc.a : pre_init.c.obj (.text._system_pre_init)
                  20011bb8    00000004            : exit.c.obj (.text:abort)

.ramVecs   0    20000000    0000030c     NOLOAD SECTION
                  20000000    0000030c     nortos_cc32xx.a : startup_cc32xx_ticlang.c.obj (.ramVecs)

.stack     0    20003000    00001000     UNINITIALIZED
                  20003000    00000004     libc.a : boot_cortex_m.c.obj (.stack)
                  20003004    00000ffc     --HOLE--

.resetVecs 
*          0    20004000    00000040     
                  20004000    00000040     nortos_cc32xx.a : startup_cc32xx_ticlang.c.obj (.resetVecs)

.sysmem    0    20004040    00008000     UNINITIALIZED
                  20004040    00000010     libc.a : memory.c.obj (.sysmem)
                  20004050    00007ff0     --HOLE--

.bss       0    20011c00    00000a14     UNINITIALIZED
                  20011c00    00000400     ti_drivers_config.o (.bss.dmaControlTable)
                  20012000    00000178     (.common:uart2CC32XXObjects0)
                  20012178    0000012c     (.common:PowerCC32XX_contextSave)
                  200122a4    000000fc     (.common:i2cCC32XXObjects)
                  200123a0    00000084     (.common:gpioCallbackFunctions)
                  20012424    00000084     (.common:gpioUserArgs)
                  200124a8    00000084     (.common:timerCC32XXObjects)
                  2001252c    00000040     (.common:output)
                  2001256c    00000020     ti_drivers_config.o (.bss.uart2RxRingBuffer0)
                  2001258c    00000020     ti_drivers_config.o (.bss.uart2TxRingBuffer0)
                  200125ac    00000020     (.common:i2cTransaction)
                  200125cc    00000014     drivers_cc32xx.a : UDMACC32XX.c.obj (.bss.postNotifyObj)
                  200125e0    00000010     (.common:ClockP_ctrl)
                  200125f0    00000008     (.common:udmaCC3220SObject)
                  200125f8    00000004     nortos_cc32xx.a : ClockPSysTick_nortos.c.obj (.bss.sysTickPeriod)
                  200125fc    00000004     libc.a : memory.c.obj (.bss.sys_free)
                  20012600    00000004     drivers_cc32xx.a : TimerCC32XX.c.obj (.bss.timerState.0)
                  20012604    00000004     (.common:i2c)
                  20012608    00000004     (.common:timer0)
                  2001260c    00000004     (.common:uart)
                  20012610    00000002     (.common:rxBuffer)
                  20012612    00000001     (.common:thermostatState)
                  20012613    00000001     (.common:txBuffer)

.rodata    0    20012620    000006bb     
                  20012620    00000101     libc.a : aeabi_ctype.S.obj (.rodata:__aeabi_ctype_table_)
                  20012721    00000002     drivers_cc32xx.a : UART2CC32XX.c.obj (.rodata.stopBits)
                  20012723    00000001     ti_drivers_config.o (.rodata.GPIO_pinUpperBound)
                  20012724    00000100     driverlib.a : pin.obj (.rodata.g_ulPinToPadMap)
                  20012824    000000d4                 : interrupt.obj (.rodata.g_pulRegs)
                  200128f8    000000a8                 : prcm.obj (.rodata.PRCM_PeriphRegsList)
                  200129a0    00000048     gpiointerrupt.o (.rodata.str1.88141095010518599421)
                  200129e8    00000044     ti_drivers_config.o (.rodata.PowerCC32XX_config)
                  20012a2c    00000038     ti_drivers_config.o (.rodata.uart2CC32XXHWAttrs0)
                  20012a64    00000032     gpiointerrupt.o (.rodata.str1.2552335557485402981)
                  20012a96    00000002     gpiointerrupt.o (.rodata.str1.141903793882500296341)
                  20012a98    00000028     drivers_cc32xx.a : GPIOCC32XX.c.obj (.rodata.portConfigs)
                  20012ac0    00000028     gpiointerrupt.o (.rodata.str1.117259490511853709771)
                  20012ae8    00000024     drivers_cc32xx.a : UART2.c.obj (.rodata.UART2_defaultParams)
                  20012b0c    00000021                      : GPIOCC32XX.c.obj (.rodata.pinTable)
                  20012b2d    0000001b     gpiointerrupt.o (.rodata.str1.119337933097536889411)
                  20012b48    00000019     gpiointerrupt.o (.rodata.str1.48557138690711581961)
                  20012b61    00000001     ti_drivers_config.o (.rodata.I2C_count)
                  20012b62    00000001     ti_drivers_config.o (.rodata.Timer_count)
                  20012b63    00000001     ti_drivers_config.o (.rodata.UART2_count)
                  20012b64    00000018     driverlib.a : interrupt.obj (.rodata.g_pulDisRegs)
                  20012b7c    00000018                 : interrupt.obj (.rodata.g_pulEnRegs)
                  20012b94    00000018                 : interrupt.obj (.rodata.g_pulPendRegs)
                  20012bac    00000018                 : interrupt.obj (.rodata.g_pulUnpendRegs)
                  20012bc4    00000018     gpiointerrupt.o (.rodata.sensors)
                  20012bdc    00000014     ti_drivers_config.o (.rodata.i2cCC32XXHWAttrs)
                  20012bf0    00000011     libc.a : _printfi.c.obj (.rodata.str1.11645776875810915891)
                  20012c01    00000011            : _printfi.c.obj (.rodata.str1.44690500295887128011)
                  20012c12    00000002     --HOLE-- [fill = 0]
                  20012c14    00000010     ti_drivers_config.o (.rodata.GPIO_config)
                  20012c24    00000010     drivers_cc32xx.a : I2CCC32XX.c.obj (.rodata.cst16)
                  20012c34    00000010     ti_drivers_config.o (.rodata.timerCC32XXHWAttrs)
                  20012c44    0000000f     gpiointerrupt.o (.rodata.str1.172639838942318644741)
                  20012c53    0000000e     gpiointerrupt.o (.rodata.str1.117980706295265383921)
                  20012c61    00000003     --HOLE-- [fill = 0]
                  20012c64    0000000c     drivers_cc32xx.a : Timer.c.obj (.rodata.defaultParams)
                  20012c70    0000000c                      : TimerCC32XX.c.obj (.rodata.defaultParams)
                  20012c7c    0000000c     ti_drivers_config.o (.rodata.udmaCC3220SHWAttrs)
                  20012c88    00000009     gpiointerrupt.o (.rodata.str1.8099049698717124711)
                  20012c91    00000003     --HOLE-- [fill = 0]
                  20012c94    00000008     ti_drivers_config.o (.rodata.I2C_config)
                  20012c9c    00000008     ti_drivers_config.o (.rodata.Timer_config)
                  20012ca4    00000008     ti_drivers_config.o (.rodata.UART2_config)
                  20012cac    00000008     ti_drivers_config.o (.rodata.UDMACC32XX_config)
                  20012cb4    00000008     gpiointerrupt.o (.rodata.str1.149745159178111864791)
                  20012cbc    00000005     drivers_cc32xx.a : UART2CC32XX.c.obj (.rodata.parityType)
                  20012cc1    00000005     gpiointerrupt.o (.rodata.str1.27667157146944505611)
                  20012cc6    00000005     gpiointerrupt.o (.rodata.str1.59672170090002130731)
                  20012ccb    00000004     drivers_cc32xx.a : UART2CC32XX.c.obj (.rodata.cst4)
                  20012ccf    00000004     gpiointerrupt.o (.rodata.str1.74142311551570879921)
                  20012cd3    00000004     gpiointerrupt.o (.rodata.str1.75752999448730089091)
                  20012cd7    00000004     gpiointerrupt.o (.rodata.str1.99899187528894583921)

.cinit     0    20013380    000000f8     
                  20013380    000000d4     (.cinit..data.load) [load image, compression = lzss]
                  20013454    0000000c     (__TI_handler_table)
                  20013460    00000008     (.cinit..bss.load) [load image, compression = zero_init]
                  20013468    00000010     (__TI_cinit_table)

.init_array 
*          0    20004000    00000000     UNINITIALIZED

.data      0    20012ce0    0000069d     UNINITIALIZED
                  20012ce0    0000030c     nortos_cc32xx.a : HwiPCC32XX_nortos.c.obj (.data.HwiP_dispatchTable)
                  20012fec    0000016c     drivers_cc32xx.a : PowerCC32XX.c.obj (.data.PowerCC32XX_module)
                  20013158    000000f8     ti_drivers_config.o (.data.parkInfo)
                  20013250    00000084     ti_drivers_config.o (.data.gpioPinConfigs)
                  200132d4    0000004c     nortos_cc32xx.a : SwiP_nortos.c.obj (.data..L_MergedGlobals)
                  20013320    00000018     drivers_cc32xx.a : GPIOCC32XX.c.obj (.data..L_MergedGlobals)
                  20013338    00000010     gpiointerrupt.o (.data..L_MergedGlobals)
                  20013348    00000010     nortos_cc32xx.a : SemaphoreP_nortos.c.obj (.data..L_MergedGlobals)
                  20013358    00000008     drivers_cc32xx.a : UDMACC32XX.c.obj (.data..L_MergedGlobals)
                  20013360    00000008     nortos_cc32xx.a : ClockPSysTick_nortos.c.obj (.data..L_MergedGlobals)
                  20013368    00000004                     : HwiPCC32XX_nortos.c.obj (.data.HwiP_swiPIntNum)
                  2001336c    00000004     libc.a : aeabi_portable.c.obj (.data.__aeabi_errno)
                  20013370    00000004            : _lock.c.obj (.data._lock)
                  20013374    00000004            : _lock.c.obj (.data._unlock)
                  20013378    00000001     drivers_cc32xx.a : GPIOCC32XX.c.obj (.data.initCalled)
                  20013379    00000001                      : GPIOCC32XX.c.obj (.data.portHwiCreatedBitMask)
                  2001337a    00000002     --HOLE--
                  2001337c    00000001     libc.a : memory.c.obj (.data.memory_is_initialized)

.log_data 
*          0    90000000    00000000     COPY SECTION

.log_ptr   0    94000008    00000000     COPY SECTION

__llvm_prf_cnts 
*          0    20004000    00000000     UNINITIALIZED

__llvm_prf_bits 
*          0    20004000    00000000     UNINITIALIZED

MODULE SUMMARY

       Module                         code    ro data   rw data
       ------                         ----    -------   -------
    .\
       gpiointerrupt.o                1134    308       128    
       main_nortos.o                  16      0         0      
    +--+------------------------------+-------+---------+---------+
       Total:                         1150    308       128    
                                                               
    .\syscfg\
       ti_drivers_config.o            34      224       2500   
    +--+------------------------------+-------+---------+---------+
       Total:                         34      224       2500   
                                                               
    C:/ti/simplelink_cc32xx_sdk_7_10_00_13/kernel/nortos/lib/ticlang/m4/nortos_cc32xx.a
       HwiPCC32XX_nortos.c.obj        308     0         784    
       startup_cc32xx_ticlang.c.obj   88      64        780    
       ClockPSysTick_nortos.c.obj     524     0         28     
       SemaphoreP_nortos.c.obj        392     0         16     
       PowerCC32XX_nortos.c.obj       404     0         0      
       SwiP_nortos.c.obj              84      0         76     
       NoRTOS.c.obj                   4       0         0      
    +--+------------------------------+-------+---------+---------+
       Total:                         1804    64        1684   
                                                               
    C:/ti/simplelink_cc32xx_sdk_7_10_00_13/source/ti/devices/cc32xx/driverlib/ticlang/Release/driverlib.a
       prcm.obj                       2564    168       0      
       interrupt.obj                  868     308       0      
       pin.obj                        750     256       0      
       udma.obj                       806     0         0      
       i2c.obj                        658     0         0      
       uart.obj                       490     0         0      
       gpio.obj                       388     0         0      
       timer.obj                      278     0         0      
       flash.obj                      92      0         0      
       systick.obj                    76      0         0      
       cpu.obj                        62      0         0      
       utils.obj                      8       0         0      
    +--+------------------------------+-------+---------+---------+
       Total:                         7040    732       0      
                                                               
    C:/ti/simplelink_cc32xx_sdk_7_10_00_13/source/ti/drivers/lib/ticlang/m4/drivers_cc32xx.a
       PowerCC32XX.c.obj              2052    0         664    
       UART2CC32XX.c.obj              2198    11        0      
       I2CCC32XX.c.obj                1242    16        0      
       GPIOCC32XX.c.obj               960     73        26     
       TimerCC32XX.c.obj              880     12        4      
       UART2.c.obj                    762     36        0      
       I2C.c.obj                      366     0         0      
       RingBuf.c.obj                  272     0         0      
       UDMACC32XX.c.obj               242     0         28     
       Timer.c.obj                    150     12        0      
       PowerCC32XX_ticlang.asm.obj    150     0         0      
       List.c.obj                     76      0         0      
       GPIO.c.obj                     28      0         0      
    +--+------------------------------+-------+---------+---------+
       Total:                         9378    160       722    
                                                               
    C:\ti\ccs1250\ccs\tools\compiler\ti-cgt-armllvm_3.2.0.LTS\lib\armv7em-ti-none-eabi/c/libc.a
       _printfi.c.obj                 2170    34        0      
       memory.c.obj                   712     0         5      
       aeabi_ctype.S.obj              0       257       0      
       snprintf.c.obj                 140     0         0      
       copy_decompress_lzss.c.obj     112     0         0      
       atoi.c.obj                     64      0         0      
       autoinit.c.obj                 56      0         0      
       boot_cortex_m.c.obj            36      0         0      
       memccpy.c.obj                  30      0         0      
       memcpy_t2.S.obj                18      0         0      
       copy_zero_init.c.obj           16      0         0      
       wcslen.c.obj                   16      0         0      
       copy_decompress_none.c.obj     14      0         0      
       memset_t2.S.obj                14      0         0      
       aeabi_portable.c.obj           8       0         4      
       _lock.c.obj                    2       0         8      
       exit.c.obj                     4       0         0      
       pre_init.c.obj                 4       0         0      
    +--+------------------------------+-------+---------+---------+
       Total:                         3416    291       17     
                                                               
    C:\ti\ccs1250\ccs\tools\compiler\ti-cgt-armllvm_3.2.0.LTS\lib\clang/15.0.7/lib/armv7em-ti-none-eabi/libclang_rt.builtins.a
       muldf3.S.obj                   252     0         0      
       udivmoddi4.S.obj               176     0         0      
       fixdfsi.S.obj                  72      0         0      
       floatsidf.S.obj                46      0         0      
       aeabi_uldivmod.S.obj           20      0         0      
       aeabi_memset.S.obj             18      0         0      
       aeabi_memcpy.S.obj             4       0         0      
       aeabi_div0.c.obj               2       0         0      
    +--+------------------------------+-------+---------+---------+
       Total:                         590     0         0      
                                                               
       Heap:                          0       0         32768  
       Stack:                         0       0         4096   
       Linker Generated:              0       248       0      
    +--+------------------------------+-------+---------+---------+
       Grand Total:                   23412   2027      41915  


LINKER GENERATED COPY TABLES

__TI_cinit_table @ 20013468 records: 2, size/record: 8, table size: 16
	.data: load addr=20013380, load size=000000d4 bytes, run addr=20012ce0, run size=0000069d bytes, compression=lzss
	.bss: load addr=20013460, load size=00000008 bytes, run addr=20011c00, run size=00000a14 bytes, compression=zero_init


LINKER GENERATED HANDLER TABLE

__TI_handler_table @ 20013454 records: 3, size/record: 4, table size: 12
	index: 0, handler: __TI_decompress_lzss
	index: 1, handler: __TI_decompress_none
	index: 2, handler: __TI_zero_init


GLOBAL SYMBOLS: SORTED ALPHABETICALLY BY Name 

address   name                             
-------   ----                             
20010ed5  AdjustSetPoint                   
200115ab  Board_init                       
2000d36b  Board_initHook                   
20011bb8  C$$EXIT                          
2001169d  CPUcpsid                         
200116b1  CPUcpsie                         
20011ad1  CPUprimask                       
20011a1d  CPUwfi                           
20010201  CheckTemp                        
200117b5  ClockP_add                       
200125e0  ClockP_ctrl                      
200107a5  ClockP_destruct                  
20011b89  ClockP_doTick                    
2001188d  ClockP_getCpuFreq                
2001189d  ClockP_getSystemTicks            
20010b6d  ClockP_getTicksUntilInterrupt    
20011adb  ClockP_isActive                  
200118ad  ClockP_setTicks                  
20010999  ClockP_start                     
2000fac5  ClockP_startup                   
200106f1  ClockP_stop                      
2000ffc5  ClockP_sysTickHandler            
20013364  ClockP_tickPeriod                
2001333b  DEFAULT_SET_POINT                
2000f8f9  FlashDisable                     
20010245  GPIODirModeSet                   
200117c7  GPIOIntClear                     
200114ad  GPIOIntDisable                   
20011563  GPIOIntEnable                    
20010ced  GPIOIntStatus                    
2000e9c9  GPIOIntTypeSet                   
200111a9  GPIOPinWrite                     
20012c14  GPIO_config                      
20010289  GPIO_disableInt                  
200102cd  GPIO_enableInt                   
2000fc75  GPIO_hwiIntFxn                   
2000eeb9  GPIO_init                        
20012723  GPIO_pinUpperBound               
20011405  GPIO_setCallback                 
2000da99  GPIO_setConfig                   
2000fdb5  GPIO_setInterruptConfig          
2000f839  GPIO_write                       
200117d9  HwiP_Params_init                 
20011b8d  HwiP_clearInterrupt              
2000f1cd  HwiP_construct                   
20010e2b  HwiP_create                      
200117eb  HwiP_delete                      
200116c5  HwiP_destruct                    
2000ed89  HwiP_disable                     
20011b91  HwiP_disableInterrupt            
20011421  HwiP_dispatch                    
20011b95  HwiP_enable                      
20011b99  HwiP_enableInterrupt             
200118bd  HwiP_inISR                       
200119ad  HwiP_interruptsEnabled           
20011b9d  HwiP_post                        
20011b21  HwiP_restore                     
20013368  HwiP_swiPIntNum                  
20010b9d  I2CFIFODataGetNonBlocking        
200109cd  I2CFIFODataPutNonBlocking        
200119bb  I2CFIFOStatus                    
200115c1  I2CMasterBurstLengthSet          
20010efd  I2CMasterBusBusy                 
200118cd  I2CMasterControl                 
200117fd  I2CMasterDisable                 
2001180f  I2CMasterEnable                  
2000ec57  I2CMasterInitExpClk              
200118dd  I2CMasterIntClearEx              
200115d7  I2CMasterIntDisableEx            
200116d9  I2CMasterIntEnableEx             
20010dd3  I2CMasterIntStatusEx             
20010f25  I2CMasterSlaveAddrSet            
200118ed  I2CMasterTimeoutSet              
20011065  I2CRxFIFOConfigSet               
200115ed  I2CRxFIFOFlush                   
20011b31  I2CSupport_controllerFinish      
20011b71  I2CSupport_powerRelConstraint    
20011b77  I2CSupport_powerSetConstraint    
2000f955  I2CSupport_primeTransfer         
20010f4d  I2CTxFIFOConfigSet               
20011603  I2CTxFIFOFlush                   
20011a35  I2C_Params_init                  
20010f75  I2C_cancel                       
20012c94  I2C_config                       
20012b61  I2C_count                        
2000de37  I2C_init                         
2000e371  I2C_open                         
20011821  I2C_transfer                     
2000dd11  I2C_transferTimeout              
UNDEFED   ITM_flush                        
UNDEFED   ITM_restore                      
2000e60d  IntDisable                       
2000e6d5  IntEnable                        
20011ae5  IntMasterDisable                 
20011aef  IntMasterEnable                  
2000f769  IntPendClear                     
2000ea75  IntPendSet                       
2000fb1d  IntPrioritySet                   
20011231  IntRegister                      
20011089  IntUnregister                    
200116ed  IntVTableBaseSet                 
20011b39  LEDOff                           
20011b41  LEDOn                            
200110ad  List_put                         
20010f9d  List_remove                      
20011ba5  NoRTOS_start                     
2000c8ad  PRCMCC3200MCUInit                
200114c7  PRCMHIBRegRead                   
200114e1  PRCMHIBRegWrite                  
2000f241  PRCMHibernateWakeUpGPIOSelect    
2000f9b1  PRCMHibernateWakeupSourceDisable 
2000fcc5  PRCMHibernateWakeupSourceEnable  
2001000d  PRCMIntEnable                    
2000fb75  PRCMLPDSEnter                    
20010173  PRCMLPDSEnterKeepDebugIf         
20010bcd  PRCMLPDSIntervalSet              
2000fe01  PRCMLPDSRestoreInfoSet           
20010e55  PRCMLPDSWakeUpGPIOSelect         
20011a59  PRCMLPDSWakeupCauseGet           
200114fb  PRCMLPDSWakeupSourceDisable      
200110d1  PRCMLPDSWakeupSourceEnable       
20010e7f  PRCMPeripheralClkDisable         
2000fa69  PRCMPeripheralClkEnable          
2000f695  PRCMPeripheralReset              
20010055  PRCMPeripheralStatusGet          
20010fc5  PRCMSRAMRetentionEnable          
20011b49  PRCMSleepEnter                   
20010bfd  PRCMSlowClkCtrFastGet            
2000ef49  PRCMSysResetCauseGet             
2001009d  PinConfigGet                     
2000eb19  PinConfigSet                     
20010a01  PinDirModeGet                    
200106b1  PinDirModeSet                    
200108f5  PinLock                          
2000f40d  PinLockLevelSet                  
20010a35  PinModeGet                       
200104a9  PinModeSet                       
20011515  PinToPadGet                      
20011251  PinTypeI2C                       
20011331  PinTypeUART                      
200111cb  PinUnlock                        
200129e8  PowerCC32XX_config               
2000efd9  PowerCC32XX_configureWakeup      
20012178  PowerCC32XX_contextSave          
2000ed91  PowerCC32XX_enterLPDS            
20010fed  PowerCC32XX_getParkState         
2000ecef  PowerCC32XX_initPolicy           
20012fec  PowerCC32XX_module               
20010a69  PowerCC32XX_parkPin              
20011271  PowerCC32XX_reset                
200110f5  PowerCC32XX_restoreParkState     
20011119  PowerCC32XX_restoreParkedPin     
2000edd5  PowerCC32XX_resumeLPDS           
2000fbcd  PowerCC32XX_setParkState         
2000d801  PowerCC32XX_sleepPolicy          
20011701  Power_disablePolicy              
200118fd  Power_enablePolicy               
20011a65  Power_getConstraintMask          
20011715  Power_getTransitionLatency       
20011729  Power_idleFunc                   
2000f0dd  Power_init                       
2001113d  Power_registerNotify             
20010311  Power_releaseConstraint          
2000fc21  Power_releaseDependency          
200107dd  Power_setConstraint              
2000f479  Power_setDependency              
2000cd65  Power_sleep                      
20011291  Power_unregisterNotify           
200112b1  Reset                            
2001190d  RingBuf_construct                
20010d1b  RingBuf_getConsume               
20011ba9  RingBuf_getCount                 
200111ed  RingBuf_getPointer               
200101b9  RingBuf_put                      
20010815  RingBuf_putAdvance               
20010d49  RingBuf_putPointer               
2000fd15  SemaphoreP_construct             
200112d1  SemaphoreP_constructBinary       
2001157b  SemaphoreP_create                
200112f1  SemaphoreP_createBinary          
20013350  SemaphoreP_defaultParams         
20011bad  SemaphoreP_delete                
2000efd7  SemaphoreP_destruct              
2000ecf1  SemaphoreP_pend                  
200105b1  SemaphoreP_post                  
2000f4e5  SmartThermostat                  
2001143d  SwiP_disable                     
2001084d  SwiP_restore                     
20011833  SysTickEnable                    
20011845  SysTickIntDisable                
20011857  SysTickIntEnable                 
20011619  SysTickPeriodSet                 
2001187b  TI_memcpy_small                  
20011a01  TI_memset_small                  
20011a71  TempDown                         
20011a7d  TempUp                           
2000fa0d  TimerCC32XX_allocateTimerResource
20010a9d  TimerCC32XX_freeTimerResource    
2000fe4d  TimerCallback                    
200104eb  TimerControlStall                
20011311  TimerDisable                     
2001152f  TimerEnable                      
2001191d  TimerIntClear                    
2001162f  TimerIntDisable                  
2001173d  TimerIntEnable                   
20010c2d  TimerLoadSet                     
20010c5d  TimerPrescaleSet                 
20011015  TimerSupport_timerDisable        
20010769  TimerSupport_timerEnable         
2001192d  Timer_Params_init                
2001052d  Timer_close                      
20012c9c  Timer_config                     
20012b62  Timer_count                      
2000f0db  Timer_init                       
2000d951  Timer_open                       
20010355  Timer_start                      
200105f1  Timer_stop                       
20011161  UART2Support_disableRx           
20011a95  UART2Support_disableTx           
2000e541  UART2Support_dmaStartRx          
2000e861  UART2Support_dmaStartTx          
2000fee5  UART2Support_dmaStopRx           
2000f899  UART2Support_dmaStopTx           
20011aa1  UART2Support_enableTx            
20011b83  UART2Support_powerRelConstraint  
2001120f  UART2Support_sendData            
2001193d  UART2Support_txDone              
20011aad  UART2_Params_init                
2000e459  UART2_close                      
20012ca4  UART2_config                     
20012b63  UART2_count                      
20012ae8  UART2_defaultParams              
2000d36d  UART2_open                       
20010ad1  UART2_rxDisable                  
200119c9  UART2_write                      
2001134f  UART2_writeTimeout               
2000d539  UART2_writeTimeoutBlocking       
2000df59  UART2_writeTimeoutNonblocking    
2001194d  UARTBusy                         
20010961  UARTCharPutNonBlocking           
20011645  UARTCharsAvail                   
2000f2b5  UARTConfigSetExpClk              
2001165b  UARTDMADisable                   
20011751  UARTDMAEnable                    
20010d77  UARTDisable                      
2001136d  UARTEnable                       
20011671  UARTFIFOLevelSet                 
20011549  UARTFlowControlSet               
2001195d  UARTIntClear                     
20011687  UARTIntDisable                   
20011765  UARTIntEnable                    
20010ea9  UARTIntStatus                    
2001196d  UARTRxErrorGet                   
20010885  UDMACC32XX_close                 
20012cac  UDMACC32XX_config                
2001072d  UDMACC32XX_init                  
2000f551  UDMACC32XX_open                  
20010399  UpdateDisplay                    
20011b51  UtilsDelay                       
20004000  __STACK_END                      
00001000  __STACK_SIZE                     
00008000  __SYSMEM_SIZE                    
00000000  __TI_ATRegion0_region_sz         
00000000  __TI_ATRegion0_src_addr          
00000000  __TI_ATRegion0_trg_addr          
00000000  __TI_ATRegion1_region_sz         
00000000  __TI_ATRegion1_src_addr          
00000000  __TI_ATRegion1_trg_addr          
00000000  __TI_ATRegion2_region_sz         
00000000  __TI_ATRegion2_src_addr          
00000000  __TI_ATRegion2_trg_addr          
20013468  __TI_CINIT_Base                  
20013478  __TI_CINIT_Limit                 
20013478  __TI_CINIT_Warm                  
20013454  __TI_Handler_Table_Base          
20013460  __TI_Handler_Table_Limit         
200108bd  __TI_auto_init_nobinit_nopinit   
2000f39d  __TI_decompress_lzss             
20011a0f  __TI_decompress_none             
ffffffff  __TI_pprof_out_hndl              
2000c041  __TI_printfi_nofloat             
ffffffff  __TI_prof_data_size              
ffffffff  __TI_prof_data_start             
20013380  __TI_static_base__               
2001199d  __TI_zero_init                   
20012620  __aeabi_ctype_table_             
20012620  __aeabi_ctype_table_C            
200100e5  __aeabi_d2iz                     
2000e185  __aeabi_dmul                     
2001336c  __aeabi_errno                    
20011b59  __aeabi_errno_addr               
20010da5  __aeabi_i2d                      
2000f837  __aeabi_ldiv0                    
20011b61  __aeabi_memclr                   
20011b61  __aeabi_memclr4                  
20011b61  __aeabi_memclr8                  
20011bb1  __aeabi_memcpy                   
20011bb1  __aeabi_memcpy4                  
20011bb1  __aeabi_memcpy8                  
20011b0d  __aeabi_memset                   
20011b0d  __aeabi_memset4                  
20011b0d  __aeabi_memset8                  
20011779  __aeabi_uldivmod                 
ffffffff  __binit__                        
200100e5  __fixdfsi                        
20010da5  __floatsidf                      
UNDEFED   __mpu_init                       
2000e185  __muldf3                         
20003000  __stack                          
20004000  __start___llvm_prf_bits          
20004000  __start___llvm_prf_cnts          
20004000  __stop___llvm_prf_bits           
20004000  __stop___llvm_prf_cnts           
2000e919  __udivmoddi4                     
20011185  _c_int00_noargs                  
20013370  _lock                            
2000fac3  _nop                             
20004040  _sys_memory                      
UNDEFED   _system_post_cinit               
20011bb5  _system_pre_init                 
20013374  _unlock                          
20011bb9  abort                            
2000de39  aligned_alloc                    
20010631  atoi                             
ffffffff  binit                            
20013342  changeTemp                       
2001333f  checkButtons                     
20013341  checkServerUpdate                
20013340  checkTemp                        
2000fdb3  clkFxn                           
2001333c  counterButtons                   
2001333e  counterServer                    
2001333d  counterTemp                      
2000e281  free                             
200123a0  gpioCallbackFunctions            
20013250  gpioPinConfigs                   
20012424  gpioUserArgs                     
2001333a  heatOn                           
20012604  i2c                              
20012bdc  i2cCC32XXHWAttrs                 
200122a4  i2cCC32XXObjects                 
200125ac  i2cTransaction                   
2000d6ad  initI2C                          
20010421  initTimer                        
20010b05  initUART                         
20010b39  initVectors                      
2001197d  main                             
2000f329  mainThread                       
20011b69  malloc                           
2000de39  memalign                         
2001138b  memccpy                          
2001252c  output                           
20013158  parkInfo                         
2000f155  readTemp                         
20011491  resetISR                         
20012610  rxBuffer                         
20013344  secondsElapsed                   
20013339  setPoint                         
20010465  snprintf                         
20013338  temperature                      
20012612  thermostatState                  
20012608  timer0                           
20012c34  timerCC32XXHWAttrs               
200124a8  timerCC32XXObjects               
20012613  txBuffer                         
2000fd65  uDMAChannelAssign                
2000ee27  uDMAChannelAttributeDisable      
20010671  uDMAChannelControlSet            
200113a9  uDMAChannelDisable               
200113c7  uDMAChannelEnable                
200113e5  uDMAChannelIsEnabled             
2000ff79  uDMAChannelSizeGet               
2000e073  uDMAChannelTransferSet           
2001178d  uDMAControlBaseSet               
200119e5  uDMAEnable                       
200119f3  uDMAErrorStatusClear             
20011ac5  uDMAErrorStatusGet               
200117a1  uDMAIntClear                     
2001260c  uart                             
20012000  uart2CC32XXObjects0              
20012c7c  udmaCC3220SHWAttrs               
200125f0  udmaCC3220SObject                
2001198d  wcslen                           


GLOBAL SYMBOLS: SORTED BY Symbol Address 

address   name                             
-------   ----                             
00000000  __TI_ATRegion0_region_sz         
00000000  __TI_ATRegion0_src_addr          
00000000  __TI_ATRegion0_trg_addr          
00000000  __TI_ATRegion1_region_sz         
00000000  __TI_ATRegion1_src_addr          
00000000  __TI_ATRegion1_trg_addr          
00000000  __TI_ATRegion2_region_sz         
00000000  __TI_ATRegion2_src_addr          
00000000  __TI_ATRegion2_trg_addr          
00001000  __STACK_SIZE                     
00008000  __SYSMEM_SIZE                    
20003000  __stack                          
20004000  __STACK_END                      
20004000  __start___llvm_prf_bits          
20004000  __start___llvm_prf_cnts          
20004000  __stop___llvm_prf_bits           
20004000  __stop___llvm_prf_cnts           
20004040  _sys_memory                      
2000c041  __TI_printfi_nofloat             
2000c8ad  PRCMCC3200MCUInit                
2000cd65  Power_sleep                      
2000d36b  Board_initHook                   
2000d36d  UART2_open                       
2000d539  UART2_writeTimeoutBlocking       
2000d6ad  initI2C                          
2000d801  PowerCC32XX_sleepPolicy          
2000d951  Timer_open                       
2000da99  GPIO_setConfig                   
2000dd11  I2C_transferTimeout              
2000de37  I2C_init                         
2000de39  aligned_alloc                    
2000de39  memalign                         
2000df59  UART2_writeTimeoutNonblocking    
2000e073  uDMAChannelTransferSet           
2000e185  __aeabi_dmul                     
2000e185  __muldf3                         
2000e281  free                             
2000e371  I2C_open                         
2000e459  UART2_close                      
2000e541  UART2Support_dmaStartRx          
2000e60d  IntDisable                       
2000e6d5  IntEnable                        
2000e861  UART2Support_dmaStartTx          
2000e919  __udivmoddi4                     
2000e9c9  GPIOIntTypeSet                   
2000ea75  IntPendSet                       
2000eb19  PinConfigSet                     
2000ec57  I2CMasterInitExpClk              
2000ecef  PowerCC32XX_initPolicy           
2000ecf1  SemaphoreP_pend                  
2000ed89  HwiP_disable                     
2000ed91  PowerCC32XX_enterLPDS            
2000edd5  PowerCC32XX_resumeLPDS           
2000ee27  uDMAChannelAttributeDisable      
2000eeb9  GPIO_init                        
2000ef49  PRCMSysResetCauseGet             
2000efd7  SemaphoreP_destruct              
2000efd9  PowerCC32XX_configureWakeup      
2000f0db  Timer_init                       
2000f0dd  Power_init                       
2000f155  readTemp                         
2000f1cd  HwiP_construct                   
2000f241  PRCMHibernateWakeUpGPIOSelect    
2000f2b5  UARTConfigSetExpClk              
2000f329  mainThread                       
2000f39d  __TI_decompress_lzss             
2000f40d  PinLockLevelSet                  
2000f479  Power_setDependency              
2000f4e5  SmartThermostat                  
2000f551  UDMACC32XX_open                  
2000f695  PRCMPeripheralReset              
2000f769  IntPendClear                     
2000f837  __aeabi_ldiv0                    
2000f839  GPIO_write                       
2000f899  UART2Support_dmaStopTx           
2000f8f9  FlashDisable                     
2000f955  I2CSupport_primeTransfer         
2000f9b1  PRCMHibernateWakeupSourceDisable 
2000fa0d  TimerCC32XX_allocateTimerResource
2000fa69  PRCMPeripheralClkEnable          
2000fac3  _nop                             
2000fac5  ClockP_startup                   
2000fb1d  IntPrioritySet                   
2000fb75  PRCMLPDSEnter                    
2000fbcd  PowerCC32XX_setParkState         
2000fc21  Power_releaseDependency          
2000fc75  GPIO_hwiIntFxn                   
2000fcc5  PRCMHibernateWakeupSourceEnable  
2000fd15  SemaphoreP_construct             
2000fd65  uDMAChannelAssign                
2000fdb3  clkFxn                           
2000fdb5  GPIO_setInterruptConfig          
2000fe01  PRCMLPDSRestoreInfoSet           
2000fe4d  TimerCallback                    
2000fee5  UART2Support_dmaStopRx           
2000ff79  uDMAChannelSizeGet               
2000ffc5  ClockP_sysTickHandler            
2001000d  PRCMIntEnable                    
20010055  PRCMPeripheralStatusGet          
2001009d  PinConfigGet                     
200100e5  __aeabi_d2iz                     
200100e5  __fixdfsi                        
20010173  PRCMLPDSEnterKeepDebugIf         
200101b9  RingBuf_put                      
20010201  CheckTemp                        
20010245  GPIODirModeSet                   
20010289  GPIO_disableInt                  
200102cd  GPIO_enableInt                   
20010311  Power_releaseConstraint          
20010355  Timer_start                      
20010399  UpdateDisplay                    
20010421  initTimer                        
20010465  snprintf                         
200104a9  PinModeSet                       
200104eb  TimerControlStall                
2001052d  Timer_close                      
200105b1  SemaphoreP_post                  
200105f1  Timer_stop                       
20010631  atoi                             
20010671  uDMAChannelControlSet            
200106b1  PinDirModeSet                    
200106f1  ClockP_stop                      
2001072d  UDMACC32XX_init                  
20010769  TimerSupport_timerEnable         
200107a5  ClockP_destruct                  
200107dd  Power_setConstraint              
20010815  RingBuf_putAdvance               
2001084d  SwiP_restore                     
20010885  UDMACC32XX_close                 
200108bd  __TI_auto_init_nobinit_nopinit   
200108f5  PinLock                          
20010961  UARTCharPutNonBlocking           
20010999  ClockP_start                     
200109cd  I2CFIFODataPutNonBlocking        
20010a01  PinDirModeGet                    
20010a35  PinModeGet                       
20010a69  PowerCC32XX_parkPin              
20010a9d  TimerCC32XX_freeTimerResource    
20010ad1  UART2_rxDisable                  
20010b05  initUART                         
20010b39  initVectors                      
20010b6d  ClockP_getTicksUntilInterrupt    
20010b9d  I2CFIFODataGetNonBlocking        
20010bcd  PRCMLPDSIntervalSet              
20010bfd  PRCMSlowClkCtrFastGet            
20010c2d  TimerLoadSet                     
20010c5d  TimerPrescaleSet                 
20010ced  GPIOIntStatus                    
20010d1b  RingBuf_getConsume               
20010d49  RingBuf_putPointer               
20010d77  UARTDisable                      
20010da5  __aeabi_i2d                      
20010da5  __floatsidf                      
20010dd3  I2CMasterIntStatusEx             
20010e2b  HwiP_create                      
20010e55  PRCMLPDSWakeUpGPIOSelect         
20010e7f  PRCMPeripheralClkDisable         
20010ea9  UARTIntStatus                    
20010ed5  AdjustSetPoint                   
20010efd  I2CMasterBusBusy                 
20010f25  I2CMasterSlaveAddrSet            
20010f4d  I2CTxFIFOConfigSet               
20010f75  I2C_cancel                       
20010f9d  List_remove                      
20010fc5  PRCMSRAMRetentionEnable          
20010fed  PowerCC32XX_getParkState         
20011015  TimerSupport_timerDisable        
20011065  I2CRxFIFOConfigSet               
20011089  IntUnregister                    
200110ad  List_put                         
200110d1  PRCMLPDSWakeupSourceEnable       
200110f5  PowerCC32XX_restoreParkState     
20011119  PowerCC32XX_restoreParkedPin     
2001113d  Power_registerNotify             
20011161  UART2Support_disableRx           
20011185  _c_int00_noargs                  
200111a9  GPIOPinWrite                     
200111cb  PinUnlock                        
200111ed  RingBuf_getPointer               
2001120f  UART2Support_sendData            
20011231  IntRegister                      
20011251  PinTypeI2C                       
20011271  PowerCC32XX_reset                
20011291  Power_unregisterNotify           
200112b1  Reset                            
200112d1  SemaphoreP_constructBinary       
200112f1  SemaphoreP_createBinary          
20011311  TimerDisable                     
20011331  PinTypeUART                      
2001134f  UART2_writeTimeout               
2001136d  UARTEnable                       
2001138b  memccpy                          
200113a9  uDMAChannelDisable               
200113c7  uDMAChannelEnable                
200113e5  uDMAChannelIsEnabled             
20011405  GPIO_setCallback                 
20011421  HwiP_dispatch                    
2001143d  SwiP_disable                     
20011491  resetISR                         
200114ad  GPIOIntDisable                   
200114c7  PRCMHIBRegRead                   
200114e1  PRCMHIBRegWrite                  
200114fb  PRCMLPDSWakeupSourceDisable      
20011515  PinToPadGet                      
2001152f  TimerEnable                      
20011549  UARTFlowControlSet               
20011563  GPIOIntEnable                    
2001157b  SemaphoreP_create                
200115ab  Board_init                       
200115c1  I2CMasterBurstLengthSet          
200115d7  I2CMasterIntDisableEx            
200115ed  I2CRxFIFOFlush                   
20011603  I2CTxFIFOFlush                   
20011619  SysTickPeriodSet                 
2001162f  TimerIntDisable                  
20011645  UARTCharsAvail                   
2001165b  UARTDMADisable                   
20011671  UARTFIFOLevelSet                 
20011687  UARTIntDisable                   
2001169d  CPUcpsid                         
200116b1  CPUcpsie                         
200116c5  HwiP_destruct                    
200116d9  I2CMasterIntEnableEx             
200116ed  IntVTableBaseSet                 
20011701  Power_disablePolicy              
20011715  Power_getTransitionLatency       
20011729  Power_idleFunc                   
2001173d  TimerIntEnable                   
20011751  UARTDMAEnable                    
20011765  UARTIntEnable                    
20011779  __aeabi_uldivmod                 
2001178d  uDMAControlBaseSet               
200117a1  uDMAIntClear                     
200117b5  ClockP_add                       
200117c7  GPIOIntClear                     
200117d9  HwiP_Params_init                 
200117eb  HwiP_delete                      
200117fd  I2CMasterDisable                 
2001180f  I2CMasterEnable                  
20011821  I2C_transfer                     
20011833  SysTickEnable                    
20011845  SysTickIntDisable                
20011857  SysTickIntEnable                 
2001187b  TI_memcpy_small                  
2001188d  ClockP_getCpuFreq                
2001189d  ClockP_getSystemTicks            
200118ad  ClockP_setTicks                  
200118bd  HwiP_inISR                       
200118cd  I2CMasterControl                 
200118dd  I2CMasterIntClearEx              
200118ed  I2CMasterTimeoutSet              
200118fd  Power_enablePolicy               
2001190d  RingBuf_construct                
2001191d  TimerIntClear                    
2001192d  Timer_Params_init                
2001193d  UART2Support_txDone              
2001194d  UARTBusy                         
2001195d  UARTIntClear                     
2001196d  UARTRxErrorGet                   
2001197d  main                             
2001198d  wcslen                           
2001199d  __TI_zero_init                   
200119ad  HwiP_interruptsEnabled           
200119bb  I2CFIFOStatus                    
200119c9  UART2_write                      
200119e5  uDMAEnable                       
200119f3  uDMAErrorStatusClear             
20011a01  TI_memset_small                  
20011a0f  __TI_decompress_none             
20011a1d  CPUwfi                           
20011a35  I2C_Params_init                  
20011a59  PRCMLPDSWakeupCauseGet           
20011a65  Power_getConstraintMask          
20011a71  TempDown                         
20011a7d  TempUp                           
20011a95  UART2Support_disableTx           
20011aa1  UART2Support_enableTx            
20011aad  UART2_Params_init                
20011ac5  uDMAErrorStatusGet               
20011ad1  CPUprimask                       
20011adb  ClockP_isActive                  
20011ae5  IntMasterDisable                 
20011aef  IntMasterEnable                  
20011b0d  __aeabi_memset                   
20011b0d  __aeabi_memset4                  
20011b0d  __aeabi_memset8                  
20011b21  HwiP_restore                     
20011b31  I2CSupport_controllerFinish      
20011b39  LEDOff                           
20011b41  LEDOn                            
20011b49  PRCMSleepEnter                   
20011b51  UtilsDelay                       
20011b59  __aeabi_errno_addr               
20011b61  __aeabi_memclr                   
20011b61  __aeabi_memclr4                  
20011b61  __aeabi_memclr8                  
20011b69  malloc                           
20011b71  I2CSupport_powerRelConstraint    
20011b77  I2CSupport_powerSetConstraint    
20011b83  UART2Support_powerRelConstraint  
20011b89  ClockP_doTick                    
20011b8d  HwiP_clearInterrupt              
20011b91  HwiP_disableInterrupt            
20011b95  HwiP_enable                      
20011b99  HwiP_enableInterrupt             
20011b9d  HwiP_post                        
20011ba5  NoRTOS_start                     
20011ba9  RingBuf_getCount                 
20011bad  SemaphoreP_delete                
20011bb1  __aeabi_memcpy                   
20011bb1  __aeabi_memcpy4                  
20011bb1  __aeabi_memcpy8                  
20011bb5  _system_pre_init                 
20011bb8  C$$EXIT                          
20011bb9  abort                            
20012000  uart2CC32XXObjects0              
20012178  PowerCC32XX_contextSave          
200122a4  i2cCC32XXObjects                 
200123a0  gpioCallbackFunctions            
20012424  gpioUserArgs                     
200124a8  timerCC32XXObjects               
2001252c  output                           
200125ac  i2cTransaction                   
200125e0  ClockP_ctrl                      
200125f0  udmaCC3220SObject                
20012604  i2c                              
20012608  timer0                           
2001260c  uart                             
20012610  rxBuffer                         
20012612  thermostatState                  
20012613  txBuffer                         
20012620  __aeabi_ctype_table_             
20012620  __aeabi_ctype_table_C            
20012723  GPIO_pinUpperBound               
200129e8  PowerCC32XX_config               
20012ae8  UART2_defaultParams              
20012b61  I2C_count                        
20012b62  Timer_count                      
20012b63  UART2_count                      
20012bdc  i2cCC32XXHWAttrs                 
20012c14  GPIO_config                      
20012c34  timerCC32XXHWAttrs               
20012c7c  udmaCC3220SHWAttrs               
20012c94  I2C_config                       
20012c9c  Timer_config                     
20012ca4  UART2_config                     
20012cac  UDMACC32XX_config                
20012fec  PowerCC32XX_module               
20013158  parkInfo                         
20013250  gpioPinConfigs                   
20013338  temperature                      
20013339  setPoint                         
2001333a  heatOn                           
2001333b  DEFAULT_SET_POINT                
2001333c  counterButtons                   
2001333d  counterTemp                      
2001333e  counterServer                    
2001333f  checkButtons                     
20013340  checkTemp                        
20013341  checkServerUpdate                
20013342  changeTemp                       
20013344  secondsElapsed                   
20013350  SemaphoreP_defaultParams         
20013364  ClockP_tickPeriod                
20013368  HwiP_swiPIntNum                  
2001336c  __aeabi_errno                    
20013370  _lock                            
20013374  _unlock                          
20013380  __TI_static_base__               
20013454  __TI_Handler_Table_Base          
20013460  __TI_Handler_Table_Limit         
20013468  __TI_CINIT_Base                  
20013478  __TI_CINIT_Limit                 
20013478  __TI_CINIT_Warm                  
ffffffff  __TI_pprof_out_hndl              
ffffffff  __TI_prof_data_size              
ffffffff  __TI_prof_data_start             
ffffffff  __binit__                        
ffffffff  binit                            
UNDEFED   ITM_flush                        
UNDEFED   ITM_restore                      
UNDEFED   __mpu_init                       
UNDEFED   _system_post_cinit               

[383 symbols]
